 BugSplat

 Timestamp is 635959d4 (Wed Oct 26 16:01:24 2022)

 Preferred load address is 10000000

 Start         Length     Name                   Class
 0001:00000000 00000170H .text$di                CODE
 0001:00000170 0005bcbaH .text$mn                CODE
 0001:0005be2a 00000eabH .text$x                 CODE
 0001:0005ccd5 000000e4H .text$yd                CODE
 0002:00000000 000002b0H .idata$5                DATA
 0002:000002b0 00000008H .00cfg                  DATA
 0002:000002b8 00000004H .CRT$XCA                DATA
 0002:000002bc 00000004H .CRT$XCL                DATA
 0002:000002c0 00000028H .CRT$XCU                DATA
 0002:000002e8 00000004H .CRT$XCZ                DATA
 0002:000002ec 00000004H .CRT$XIA                DATA
 0002:000002f0 00000018H .CRT$XIC                DATA
 0002:00000308 00000004H .CRT$XIZ                DATA
 0002:0000030c 00000004H .CRT$XLA                DATA
 0002:00000310 00000004H .CRT$XLZ                DATA
 0002:00000314 00000004H .CRT$XPA                DATA
 0002:00000318 00000008H .CRT$XPX                DATA
 0002:00000320 00000004H .CRT$XPXA               DATA
 0002:00000324 00000004H .CRT$XPZ                DATA
 0002:00000328 00000004H .CRT$XTA                DATA
 0002:0000032c 00000004H .CRT$XTZ                DATA
 0002:00000330 00000000H .gfids$y                DATA
 0002:00000330 0000ac50H .rdata                  DATA
 0002:0000af80 00000004H .rdata$CastGuardVftablesA DATA
 0002:0000af84 00000004H .rdata$CastGuardVftablesC DATA
 0002:0000af88 00000018H .rdata$T                DATA
 0002:0000afa0 000009b4H .rdata$r                DATA
 0002:0000b954 00000140H .rdata$sxdata           DATA
 0002:0000ba94 000002a8H .rdata$voltmd           DATA
 0002:0000bd3c 00000460H .rdata$zzzdbg           DATA
 0002:0000c19c 00000004H .rtc$IAA                DATA
 0002:0000c1a0 00000004H .rtc$IZZ                DATA
 0002:0000c1a4 00000004H .rtc$TAA                DATA
 0002:0000c1a8 00000008H .rtc$TZZ                DATA
 0002:0000c1b0 00000008H .tls                    DATA
 0002:0000c1b8 00000014H .tls$                   DATA
 0002:0000c1cc 00000004H .tls$ZZZ                DATA
 0002:0000c1d0 00001e0cH .xdata$x                DATA
 0002:0000dfdc 00000004H ATL$__a                 DATA
 0002:0000dfe0 00000010H ATL$__z                 DATA
 0002:0000dff0 0000097cH .edata                  DATA
 0002:0000e96c 000000a0H .idata$2                DATA
 0002:0000ea0c 00000014H .idata$3                DATA
 0002:0000ea20 000002b0H .idata$4                DATA
 0002:0000ecd0 00000c02H .idata$6                DATA
 0003:00000000 00000a80H .data                   DATA
 0003:00000a80 000001b8H .data$r                 DATA
 0003:00000c38 00000298H .data$rs                DATA
 0003:00000ed0 000048ecH .bss                    DATA
 0004:00000000 00000120H .rsrc$01                DATA
 0004:00000120 00000b30H .rsrc$02                DATA

  Address         Publics by Value              Rva+Base       Lib:Object

 0000:00000000       ___guard_check_icall_a64n_fptr 00000000     <absolute>
 0000:00000000       ___guard_longjmp_table     00000000     <absolute>
 0000:00000000       ___dynamic_value_reloc_table 00000000     <absolute>
 0000:00000000       ___hybrid_auxiliary_iat    00000000     <absolute>
 0000:00000000       ___x64_code_ranges_to_entry_points 00000000     <absolute>
 0000:00000000       ___guard_iat_table         00000000     <absolute>
 0000:00000000       ___arm64x_extra_rfe_table_size 00000000     <absolute>
 0000:00000000       __except_list              00000000     <absolute>
 0000:00000000       ___x64_code_ranges_to_entry_points_count 00000000     <absolute>
 0000:00000000       ___arm64x_extra_rfe_table  00000000     <absolute>
 0000:00000000       ___guard_fids_count        00000000     <absolute>
 0000:00000000       ___enclave_config          00000000     <absolute>
 0000:00000000       ___AbsoluteZero            00000000     <absolute>
 0000:00000000       ___hybrid_code_map         00000000     <absolute>
 0000:00000000       ___hybrid_code_map_count   00000000     <absolute>
 0000:00000000       ___guard_fids_table        00000000     <absolute>
 0000:00000000       ___guard_iat_count         00000000     <absolute>
 0000:00000000       ___arm64x_redirection_metadata 00000000     <absolute>
 0000:00000000       ___arm64x_native_entrypoint 00000000     <absolute>
 0000:00000000       ___hybrid_auxiliary_iat_copy 00000000     <absolute>
 0000:00000000       ___arm64x_redirection_metadata_count 00000000     <absolute>
 0000:00000000       ___guard_eh_cont_table     00000000     <absolute>
 0000:00000000       ___guard_eh_cont_count     00000000     <absolute>
 0000:00000000       ___guard_longjmp_count     00000000     <absolute>
 0000:0000002c       __tls_array                0000002c     <absolute>
 0000:00000050       ___safe_se_handler_count   00000050     <absolute>
 0000:00000100       ___guard_flags             00000100     <absolute>
 0000:00000000       ___ImageBase               10000000     <linker-defined>
 0001:00000170       ??$AtlAdd@H@ATL@@YAJPAHHH@Z 10001170 f i GenericHTTPClient.obj
 0001:00000196       ??$AtlAdd@I@ATL@@YAJPAIII@Z 10001196 f i GenericHTTPClient.obj
 0001:000001b9       ??$AtlAdd@K@ATL@@YAJPAKKK@Z 100011b9 f i GenericHTTPClient.obj
 0001:000001dc       ??$AtlMultiply@I@ATL@@YAJPAIII@Z 100011dc f i GenericHTTPClient.obj
 0001:000001fe       ??$AtlMultiply@K@ATL@@YAJPAKKK@Z 100011fe f i GenericHTTPClient.obj
 0001:00000220       ??$_Allocate@$07U_Default_allocate_traits@std@@$0A@@std@@YAPAXI@Z 10001220 f i GenericHTTPClient.obj
 0001:00000246       ??$_Allocate_manually_vector_aligned@U_Default_allocate_traits@std@@@std@@YAPAXI@Z 10001246 f i GenericHTTPClient.obj
 0001:00000274       ??$_Copy_memmove@PAU__GENERIC_HTTP_ARGUMENT@GenericHTTPClient@@PAU12@@std@@YAPAU__GENERIC_HTTP_ARGUMENT@GenericHTTPClient@@PAU12@00@Z 10001274 f i GenericHTTPClient.obj
 0001:00000296       ??$_Deallocate@$07$0A@@std@@YAXPAXI@Z 10001296 f i GenericHTTPClient.obj
 0001:000002c2       ??$_Emplace_reallocate@ABU__GENERIC_HTTP_ARGUMENT@GenericHTTPClient@@@?$vector@U__GENERIC_HTTP_ARGUMENT@GenericHTTPClient@@V?$allocator@U__GENERIC_HTTP_ARGUMENT@GenericHTTPClient@@@std@@@std@@QAEPAU__GENERIC_HTTP_ARGUMENT@GenericHTTPClient@@QAU23@ABU23@@Z 100012c2 f i GenericHTTPClient.obj
 0001:0000037f       ??$_Get_size_of_n@$0KAE@@std@@YAII@Z 1000137f f i GenericHTTPClient.obj
 0001:00000398       ??$_Uninitialized_move@PAU__GENERIC_HTTP_ARGUMENT@GenericHTTPClient@@V?$allocator@U__GENERIC_HTTP_ARGUMENT@GenericHTTPClient@@@std@@@std@@YAPAU__GENERIC_HTTP_ARGUMENT@GenericHTTPClient@@QAU12@0PAU12@AAV?$allocator@U__GENERIC_HTTP_ARGUMENT@GenericHTTPClient@@@0@@Z 10001398 f i GenericHTTPClient.obj
 0001:000003c7       ??$emplace_back@ABU__GENERIC_HTTP_ARGUMENT@GenericHTTPClient@@@?$vector@U__GENERIC_HTTP_ARGUMENT@GenericHTTPClient@@V?$allocator@U__GENERIC_HTTP_ARGUMENT@GenericHTTPClient@@@std@@@std@@QAE?A_TABU__GENERIC_HTTP_ARGUMENT@GenericHTTPClient@@@Z 100013c7 f i GenericHTTPClient.obj
 0001:000003fa       ??0?$CStringT@_WV?$StrTraitATL@_WV?$ChTraitsCRT@_W@ATL@@@ATL@@@ATL@@QAE@PBD@Z 100013fa f i GenericHTTPClient.obj
 0001:00000451       ??0?$CStringT@_WV?$StrTraitATL@_WV?$ChTraitsCRT@_W@ATL@@@ATL@@@ATL@@QAE@PB_W@Z 10001451 f i GenericHTTPClient.obj
 0001:000004b6       ??0CAtlException@ATL@@QAE@J@Z 100014b6 f i GenericHTTPClient.obj
 0001:000004c4       ??0CAtlStringMgr@ATL@@QAE@PAUIAtlMemMgr@1@@Z 100014c4 f i GenericHTTPClient.obj
 0001:000004f0       ??0GenericHTTPClient@@QAE@XZ 100014f0 f   GenericHTTPClient.obj
 0001:0000051e       ??0bad_alloc@std@@QAE@ABV01@@Z 1000151e f i GenericHTTPClient.obj
 0001:00000539       ??0bad_array_new_length@std@@QAE@ABV01@@Z 10001539 f i GenericHTTPClient.obj
 0001:00000554       ??0bad_array_new_length@std@@QAE@XZ 10001554 f i GenericHTTPClient.obj
 0001:0000056c       ??0exception@std@@QAE@ABV01@@Z 1000156c f i GenericHTTPClient.obj
 0001:00000598       ??1?$CSimpleStringT@_W$0A@@ATL@@QAE@XZ 10001598 f i GenericHTTPClient.obj
 0001:000005a2       ??1?$CStringT@_WV?$StrTraitATL@_WV?$ChTraitsCRT@_W@ATL@@@ATL@@@ATL@@QAE@XZ 100015a2 f i GenericHTTPClient.obj
 0001:000005ac       ??1CAtlStringMgr@ATL@@UAE@XZ 100015ac f i GenericHTTPClient.obj
 0001:000005ba       ??1CWin32Heap@ATL@@UAE@XZ  100015ba f i GenericHTTPClient.obj
 0001:000005d6       ??1GenericHTTPClient@@UAE@XZ 100015d6 f   GenericHTTPClient.obj
 0001:000005f8       ??1bad_array_new_length@std@@UAE@XZ 100015f8 f i GenericHTTPClient.obj
 0001:00000609       ??1exception@std@@UAE@XZ   10001609 f i GenericHTTPClient.obj
 0001:0000061a       ??4?$CStringT@_WV?$StrTraitATL@_WV?$ChTraitsCRT@_W@ATL@@@ATL@@@ATL@@QAEAAV01@PBD@Z 1000161a f i GenericHTTPClient.obj
 0001:00000668       ??_ECAtlStringMgr@ATL@@UAEPAXI@Z 10001668 f i GenericHTTPClient.obj
 0001:00000668       ??_GCAtlStringMgr@ATL@@UAEPAXI@Z 10001668 f i GenericHTTPClient.obj
 0001:00000692       ??_ECWin32Heap@ATL@@UAEPAXI@Z 10001692 f i GenericHTTPClient.obj
 0001:00000692       ??_GCWin32Heap@ATL@@UAEPAXI@Z 10001692 f i GenericHTTPClient.obj
 0001:000006b4       ??_EGenericHTTPClient@@UAEPAXI@Z 100016b4 f i GenericHTTPClient.obj
 0001:000006b4       ??_GGenericHTTPClient@@UAEPAXI@Z 100016b4 f i GenericHTTPClient.obj
 0001:000006d9       ??_Gbad_alloc@std@@UAEPAXI@Z 100016d9 f i GenericHTTPClient.obj
 0001:000006d9       ??_Ebad_alloc@std@@UAEPAXI@Z 100016d9 f i GenericHTTPClient.obj
 0001:00000706       ??_Gbad_array_new_length@std@@UAEPAXI@Z 10001706 f i GenericHTTPClient.obj
 0001:00000706       ??_Ebad_array_new_length@std@@UAEPAXI@Z 10001706 f i GenericHTTPClient.obj
 0001:00000733       ??_Eexception@std@@UAEPAXI@Z 10001733 f i GenericHTTPClient.obj
 0001:00000733       ??_Gexception@std@@UAEPAXI@Z 10001733 f i GenericHTTPClient.obj
 0001:00000760       ?AddPutPostArguments@GenericHTTPClient@@QAEXPB_W0H@Z 10001760 f   GenericHTTPClient.obj
 0001:000007e4       ?AddPutPostArguments@GenericHTTPClient@@QAEXPB_WK@Z 100017e4 f   GenericHTTPClient.obj
 0001:00000865       ?Allocate@CAtlStringMgr@ATL@@UAEPAUCStringData@2@HH@Z 10001865 f i GenericHTTPClient.obj
 0001:000008e8       ?Allocate@CWin32Heap@ATL@@UAEPAXI@Z 100018e8 f i GenericHTTPClient.obj
 0001:000008fd       ?AtlCrtErrorCheck@ATL@@YAHH@Z 100018fd f i GenericHTTPClient.obj
 0001:00000938       ?AtlFindStringResourceInstance@ATL@@YAPAUHINSTANCE__@@IG@Z 10001938 f i GenericHTTPClient.obj
 0001:0000097c       ?AtlGetStringResourceImage@ATL@@YAPBUATLSTRINGRESOURCEIMAGE@1@PAUHINSTANCE__@@I@Z 1000197c f i GenericHTTPClient.obj
 0001:000009ac       ?AtlGetStringResourceImage@ATL@@YAPBUATLSTRINGRESOURCEIMAGE@1@PAUHINSTANCE__@@IG@Z 100019ac f i GenericHTTPClient.obj
 0001:000009df       ?AtlThrowImpl@ATL@@YGXJ@Z  100019df f i GenericHTTPClient.obj
 0001:000009fc       ?CheckImplicitLoad@?$CStringT@_WV?$StrTraitATL@_WV?$ChTraitsCRT@_W@ATL@@@ATL@@@ATL@@AAE_NPBX@Z 100019fc f i GenericHTTPClient.obj
 0001:00000a20       ?Clone@CAtlStringMgr@ATL@@UAEPAUIAtlStringMgr@2@XZ 10001a20 f i GenericHTTPClient.obj
 0001:00000a23       ?CloneData@?$CSimpleStringT@_W$0A@@ATL@@CAPAUCStringData@2@PAU32@@Z 10001a23 f i GenericHTTPClient.obj
 0001:00000a7e       ?Close@GenericHTTPClient@@QAEHXZ 10001a7e f   GenericHTTPClient.obj
 0001:00000ab5       ?Connect@GenericHTTPClient@@QAEHV?$CStringT@_WV?$StrTraitATL@_WV?$ChTraitsCRT@_W@ATL@@@ATL@@@ATL@@0G00@Z 10001ab5 f   GenericHTTPClient.obj
 0001:00000cb0       ?ConvertToBaseType@?$ChTraitsCRT@_W@ATL@@SAXPA_WHPB_WH@Z 10001cb0 f i GenericHTTPClient.obj
 0001:00000ce3       ?CopyChars@?$CSimpleStringT@_W$0A@@ATL@@SAXPA_WIPB_WH@Z 10001ce3 f i GenericHTTPClient.obj
 0001:00000d02       ?CopyCharsOverlapped@?$CSimpleStringT@_W$0A@@ATL@@SAXPA_WIPB_WH@Z 10001d02 f i GenericHTTPClient.obj
 0001:00000d53       ?CopyWideToMultibyte@GenericHTTPClient@@QAEHV?$CStringT@_WV?$StrTraitATL@_WV?$ChTraitsCRT@_W@ATL@@@ATL@@@ATL@@PADKK@Z 10001d53 f   GenericHTTPClient.obj
 0001:00000dc1       ?DebuggerConsoleMessage@GenericHTTPClient@@QAEXXZ 10001dc1 f   GenericHTTPClient.obj
 0001:00000dd2       ?Empty@?$CSimpleStringT@_W$0A@@ATL@@QAEXXZ 10001dd2 f i GenericHTTPClient.obj
 0001:00000e07       ?EncodeSpecialCharacters@GenericHTTPClient@@QAE?AV?$CStringT@_WV?$StrTraitATL@_WV?$ChTraitsCRT@_W@ATL@@@ATL@@@ATL@@V23@@Z 10001e07 f   GenericHTTPClient.obj
 0001:00000e69       ?EnsureLinked@CAtlStringMgrStaticInitializer@ATLImplementationDetails@ATL@@QAEPAXXZ 10001e69 f i GenericHTTPClient.obj
 0001:00000e6c       ?Fork@?$CSimpleStringT@_W$0A@@ATL@@AAEXH@Z 10001e6c f i GenericHTTPClient.obj
 0001:00000ed6       ?Free@CAtlStringMgr@ATL@@UAEXPAUCStringData@2@@Z 10001ed6 f i GenericHTTPClient.obj
 0001:00000ee2       ?Free@CWin32Heap@ATL@@UAEXPAX@Z 10001ee2 f i GenericHTTPClient.obj
 0001:00000efd       ?GetBaseTypeLength@?$ChTraitsCRT@_W@ATL@@SAHPBD@Z 10001efd f i GenericHTTPClient.obj
 0001:00000f15       ?GetContentType@GenericHTTPClient@@QAEPB_WPB_W@Z 10001f15 f   GenericHTTPClient.obj
 0001:00000fdc       ?GetInstance@CAtlStringMgr@ATL@@SAPAUIAtlStringMgr@2@XZ 10001fdc f i GenericHTTPClient.obj
 0001:0000108b       ?GetNilString@CAtlStringMgr@ATL@@UAEPAUCStringData@2@XZ 1000208b f i GenericHTTPClient.obj
 0001:00001093       ?GetPostArguments@GenericHTTPClient@@QAEKPADK@Z 10002093 f   GenericHTTPClient.obj
 0001:0000117a       ?GetSize@CWin32Heap@ATL@@UAEIPAX@Z 1000217a f i GenericHTTPClient.obj
 0001:0000118f       ?InitilizePutPostArguments@GenericHTTPClient@@QAEXXZ 1000218f f   GenericHTTPClient.obj
 0001:00001196       ?LoadStringW@?$CStringT@_WV?$StrTraitATL@_WV?$ChTraitsCRT@_W@ATL@@@ATL@@@ATL@@QAEHI@Z 10002196 f i GenericHTTPClient.obj
 0001:000011bc       ?LoadStringW@?$CStringT@_WV?$StrTraitATL@_WV?$ChTraitsCRT@_W@ATL@@@ATL@@@ATL@@QAEHPAUHINSTANCE__@@I@Z 100021bc f i GenericHTTPClient.obj
 0001:00001206       ?ParseURLW@GenericHTTPClient@@QAEXPB_WPA_WH1H@Z 10002206 f   GenericHTTPClient.obj
 0001:00001311       ?PrepareWrite2@?$CSimpleStringT@_W$0A@@ATL@@AAEXH@Z 10002311 f i GenericHTTPClient.obj
 0001:00001366       ?PrepareWrite@?$CSimpleStringT@_W$0A@@ATL@@AAEPA_WH@Z 10002366 f i GenericHTTPClient.obj
 0001:000013a2       ?QueryHTTPResponse@GenericHTTPClient@@QAEPB_WXZ 100023a2 f   GenericHTTPClient.obj
 0001:000013a6       ?QueryHTTPResponseHeader@GenericHTTPClient@@QAEPB_WXZ 100023a6 f   GenericHTTPClient.obj
 0001:000013ad       ?Reallocate@?$CSimpleStringT@_W$0A@@ATL@@AAEXH@Z 100023ad f i GenericHTTPClient.obj
 0001:000013e5       ?Reallocate@CAtlStringMgr@ATL@@UAEPAUCStringData@2@PAU32@HH@Z 100023e5 f i GenericHTTPClient.obj
 0001:0000145f       ?Reallocate@CWin32Heap@ATL@@UAEPAXPAXI@Z 1000245f f i GenericHTTPClient.obj
 0001:00001495       ?Reconnect@GenericHTTPClient@@QAEHXZ 10002495 f   GenericHTTPClient.obj
 0001:00001523       ?Release@CStringData@ATL@@QAEXXZ 10002523 f i GenericHTTPClient.obj
 0001:0000153b       ?Replace@?$CStringT@_WV?$StrTraitATL@_WV?$ChTraitsCRT@_W@ATL@@@ATL@@@ATL@@QAEHPB_W0@Z 1000253b f i GenericHTTPClient.obj
 0001:000016ce       ?Request@GenericHTTPClient@@QAEHPB_WH0@Z 100026ce f   GenericHTTPClient.obj
 0001:00001822       ?RequestGet@GenericHTTPClient@@QAEHPB_W@Z 10002822 f   GenericHTTPClient.obj
 0001:000018bd       ?RequestOfURI@GenericHTTPClient@@QAEHPB_WH@Z 100028bd f   GenericHTTPClient.obj
 0001:0000191a       ?RequestPost@GenericHTTPClient@@QAEHPB_W@Z 1000291a f   GenericHTTPClient.obj
 0001:00001a0c       ?RequestPut@GenericHTTPClient@@QAEHPB_W@Z 10002a0c f   GenericHTTPClient.obj
 0001:00001a6f       ?Response@GenericHTTPClient@@QAEHPA_WK0KAAK@Z 10002a6f f   GenericHTTPClient.obj
 0001:00001bee       ?ResponseOfBytes@GenericHTTPClient@@QAEKPAEK@Z 10002bee f   GenericHTTPClient.obj
 0001:00001c3d       ?SendPutFileData@GenericHTTPClient@@QAEKXZ 10002c3d f   GenericHTTPClient.obj
 0001:00001cec       ?SetLength@?$CSimpleStringT@_W$0A@@ATL@@AAEXH@Z 10002cec f i GenericHTTPClient.obj
 0001:00001d17       ?SetString@?$CSimpleStringT@_W$0A@@ATL@@QAEXPB_WH@Z 10002d17 f i GenericHTTPClient.obj
 0001:00001d8c       ?ThrowMemoryException@?$CSimpleStringT@_W$0A@@ATL@@KAXXZ 10002d8c f i GenericHTTPClient.obj
 0001:00001d97       ?_Adjust_manually_vector_aligned@std@@YAXAAPAXAAI@Z 10002d97 f i GenericHTTPClient.obj
 0001:00001dbb       ?_AtlGetStringResourceImage@ATL@@YAPBUATLSTRINGRESOURCEIMAGE@1@PAUHINSTANCE__@@PAUHRSRC__@@I@Z 10002dbb f i GenericHTTPClient.obj
 0001:00001e18       ?_Calculate_growth@?$vector@U__GENERIC_HTTP_ARGUMENT@GenericHTTPClient@@V?$allocator@U__GENERIC_HTTP_ARGUMENT@GenericHTTPClient@@@std@@@std@@ABEII@Z 10002e18 f i GenericHTTPClient.obj
 0001:00001e4b       ?_Change_array@?$vector@U__GENERIC_HTTP_ARGUMENT@GenericHTTPClient@@V?$allocator@U__GENERIC_HTTP_ARGUMENT@GenericHTTPClient@@@std@@@std@@AAEXQAU__GENERIC_HTTP_ARGUMENT@GenericHTTPClient@@II@Z 10002e4b f i GenericHTTPClient.obj
 0001:00001e95       ?_Throw_bad_array_new_length@std@@YAXXZ 10002e95 f i GenericHTTPClient.obj
 0001:00001eb2       ?_Tidy@?$vector@U__GENERIC_HTTP_ARGUMENT@GenericHTTPClient@@V?$allocator@U__GENERIC_HTTP_ARGUMENT@GenericHTTPClient@@@std@@@std@@AAEXXZ 10002eb2 f i GenericHTTPClient.obj
 0001:00001ee3       ?_Xlength@?$vector@U__GENERIC_HTTP_ARGUMENT@GenericHTTPClient@@V?$allocator@U__GENERIC_HTTP_ARGUMENT@GenericHTTPClient@@@std@@@std@@CAXXZ 10002ee3 f i GenericHTTPClient.obj
 0001:00001eee       ?memcpy_s@Checked@ATL@@YAXPAXIPBXI@Z 10002eee f i GenericHTTPClient.obj
 0001:00001f0d       ?memmove_s@Checked@ATL@@YAXPAXIPBXI@Z 10002f0d f i GenericHTTPClient.obj
 0001:00001f5e       ?what@exception@std@@UBEPBDXZ 10002f5e f i GenericHTTPClient.obj
 0001:00001f6c       ?wmemcpy_s@Checked@ATL@@YAXPA_WIPB_WI@Z 10002f6c f i GenericHTTPClient.obj
 0001:00001f8b       ___local_stdio_printf_options 10002f8b f i GenericHTTPClient.obj
 0001:00001f91       __vswprintf_s_l            10002f91 f i GenericHTTPClient.obj
 0001:0000203e       _swprintf_s                1000303e f i GenericHTTPClient.obj
 0001:0000205a       ??$AtlAddThrow@H@ATL@@YAHHH@Z 1000305a f i BugSplatImp.obj
 0001:00002080       ??0?$CSimpleStringT@_W$0A@@ATL@@QAE@PB_WHPAUIAtlStringMgr@1@@Z 10003080 f i BugSplatImp.obj
 0001:000020e1       ??0?$CStringT@_WV?$StrTraitATL@_WV?$ChTraitsCRT@_W@ATL@@@ATL@@@ATL@@QAE@XZ 100030e1 f i BugSplatImp.obj
 0001:00002108       ??0BugSplatImp@@QAE@XZ     10003108 f   BugSplatImp.obj
 0001:00002126       ??0MiniDmpSender@@QAE@ABV0@@Z 10003126 f i BugSplatImp.obj
 0001:0000213e       ??4?$CSimpleStringT@_W$0A@@ATL@@QAEAAV01@ABV01@@Z 1000313e f i BugSplatImp.obj
 0001:0000218e       ??4BugSplatImp@@QAEAAV0@$$QAV0@@Z 1000318e f i BugSplatImp.obj
 0001:000021eb       ??4BugSplatImp@@QAEAAV0@ABV0@@Z 100031eb f i BugSplatImp.obj
 0001:00002209       ??4MiniDmpSender@@QAEAAV0@ABV0@@Z 10003209 f i BugSplatImp.obj
 0001:0000221b       ??A?$CSimpleStringT@_W$0A@@ATL@@QBE_WH@Z 1000321b f i BugSplatImp.obj
 0001:0000223f       ??HATL@@YA?AV?$CStringT@_WV?$StrTraitATL@_WV?$ChTraitsCRT@_W@ATL@@@ATL@@@0@ABV10@0@Z 1000323f f i BugSplatImp.obj
 0001:000022a6       ??_EMiniDmpSender@@UAEPAXI@Z 100032a6 f i BugSplatImp.obj
 0001:00002331       ??_GMiniDmpSender@@UAEPAXI@Z 10003331 f i BugSplatImp.obj
 0001:00002353       ?Append@?$CSimpleStringT@_W$0A@@ATL@@QAEXPB_WH@Z 10003353 f i BugSplatImp.obj
 0001:000023df       ?AppendChar@?$CSimpleStringT@_W$0A@@ATL@@QAEX_W@Z 100033df f i BugSplatImp.obj
 0001:0000240c       ?CalculateBeginningOfCallInstruction@@YAHAAI@Z 1000340c f   BugSplatImp.obj
 0001:00002461       ?Concatenate@?$CSimpleStringT@_W$0A@@ATL@@KAXAAV12@PB_WH1H@Z 10003461 f i BugSplatImp.obj
 0001:000024a8       ?CreateMiniDump@BugSplatImp@@QAEHPAUHINSTANCE__@@KPAXKPAU_EXCEPTION_POINTERS@@W4_BS_MINIDUMP_TYPE@MiniDmpSender@@PB_WPA_WK@Z 100034a8 f   BugSplatImp.obj
 0001:00002692       ?CreateMiniDumpFromSnap@@YAHPAXKKW4_BS_MINIDUMP_TYPE@MiniDmpSender@@P6GH0K0W4_MINIDUMP_TYPE@@QAU_MINIDUMP_EXCEPTION_INFORMATION@@QAU_MINIDUMP_USER_STREAM_INFORMATION@@QAU_MINIDUMP_CALLBACK_INFORMATION@@@Z0PAU_CONTEXT@@@Z 10003692 f   BugSplatImp.obj
 0001:000027d8       ?Find@?$CStringT@_WV?$StrTraitATL@_WV?$ChTraitsCRT@_W@ATL@@@ATL@@@ATL@@QBEHPB_WH@Z 100037d8 f i BugSplatImp.obj
 0001:00002812       ?GetManager@?$CStringT@_WV?$StrTraitATL@_WV?$ChTraitsCRT@_W@ATL@@@ATL@@@ATL@@QBEPAUIAtlStringMgr@2@XZ 10003812 f i BugSplatImp.obj
 0001:00002831       ?GetReducedGuid@BugSplatImp@@QAEXPA_WK@Z 10003831 f   BugSplatImp.obj
 0001:000028bb       ?Left@?$CStringT@_WV?$StrTraitATL@_WV?$ChTraitsCRT@_W@ATL@@@ATL@@@ATL@@QBE?AV12@H@Z 100038bb f i BugSplatImp.obj
 0001:00002900       ?MakeUpper@?$CStringT@_WV?$StrTraitATL@_WV?$ChTraitsCRT@_W@ATL@@@ATL@@@ATL@@QAEAAV12@XZ 10003900 f i BugSplatImp.obj
 0001:00002928       ?Mid@?$CStringT@_WV?$StrTraitATL@_WV?$ChTraitsCRT@_W@ATL@@@ATL@@@ATL@@QBE?AV12@HH@Z 10003928 f i BugSplatImp.obj
 0001:000029ae       ?ReduceGuidString@BugSplatImp@@QAEXPA_WK@Z 100039ae f   BugSplatImp.obj
 0001:00002c53       ?ResumeSuspendedThreads@BugSplatImp@@QAEXXZ 10003c53 f   BugSplatImp.obj
 0001:00002c8d       ?SnapCurrentProcessMinidump@@YAHPAXKKW4_BS_MINIDUMP_TYPE@MiniDmpSender@@P6GH0K0W4_MINIDUMP_TYPE@@QAU_MINIDUMP_EXCEPTION_INFORMATION@@QAU_MINIDUMP_USER_STREAM_INFORMATION@@QAU_MINIDUMP_CALLBACK_INFORMATION@@@Z0@Z 10003c8d f   BugSplatImp.obj
 0001:00002e53       ?StringUppercase@?$ChTraitsCRT@_W@ATL@@SAPA_WPA_WI@Z 10003e53 f i BugSplatImp.obj
 0001:00002e6f       ?SuspendAllThreadsInProcess@BugSplatImp@@QAEXPAX@Z 10003e6f f   BugSplatImp.obj
 0001:00002f19       ?SuspendThreadsInCurrentProcess@BugSplatImp@@QAEXXZ 10003f19 f   BugSplatImp.obj
 0001:00002fd7       ?UINTtoWchar_t@@YA_WI@Z    10003fd7 f   BugSplatImp.obj
 0001:00002ff9       ?Wchar_tToUINT@@YAI_W@Z    10003ff9 f   BugSplatImp.obj
 0001:00003025       ?combine1_4@@YAIII@Z       10004025 f   BugSplatImp.obj
 0001:00003036       ?combine2_3@@YAIII@Z       10004036 f   BugSplatImp.obj
 0001:0000304b       ?combine3_2@@YAIII@Z       1000404b f   BugSplatImp.obj
 0001:00003061       ?combine4_1@@YAIII@Z       10004061 f   BugSplatImp.obj
 0001:00003073       ?combineLast3@@YAII@Z      10004073 f   BugSplatImp.obj
 0001:0000307e       ?createReportAndExit@MiniDmpSender@@QAEXXZ 1000407e f i BugSplatImp.obj
 0001:000030a8       ??$?8V?$MemoryPoolAllocator@VCrtAllocator@rapidjson@@@rapidjson@@@?$GenericValue@U?$UTF16@_W@rapidjson@@V?$MemoryPoolAllocator@VCrtAllocator@rapidjson@@@2@@rapidjson@@QBE_NABV01@@Z 100040a8 f i mdump.obj
 0001:000031ee       ??$?A$$CB_W@?$GenericValue@U?$UTF16@_W@rapidjson@@V?$MemoryPoolAllocator@VCrtAllocator@rapidjson@@@2@@rapidjson@@QAEAAV01@PB_W@Z 100041ee f i mdump.obj
 0001:00003243       ??$?AV?$MemoryPoolAllocator@VCrtAllocator@rapidjson@@@rapidjson@@@?$GenericValue@U?$UTF16@_W@rapidjson@@V?$MemoryPoolAllocator@VCrtAllocator@rapidjson@@@2@@rapidjson@@QAEAAV01@ABV01@@Z 10004243 f i mdump.obj
 0001:0000328f       ??$DoFindMember@V?$MemoryPoolAllocator@VCrtAllocator@rapidjson@@@rapidjson@@@?$GenericValue@U?$UTF16@_W@rapidjson@@V?$MemoryPoolAllocator@VCrtAllocator@rapidjson@@@2@@rapidjson@@AAE?AV?$GenericMemberIterator@$0A@U?$UTF16@_W@rapidjson@@V?$MemoryPoolAllocator@VCrtAllocator@rapidjson@@@2@@1@ABV01@@Z 1000428f f i mdump.obj
 0001:000032cf       ??$Encode@V?$StackStream@_W@?$GenericReader@U?$UTF16@_W@rapidjson@@U12@VCrtAllocator@2@@rapidjson@@@?$UTF16@_W@rapidjson@@SAXAAV?$StackStream@_W@?$GenericReader@U?$UTF16@_W@rapidjson@@U12@VCrtAllocator@2@@1@I@Z 100042cf f i mdump.obj
 0001:00003365       ??$Expand@V?$GenericValue@U?$UTF16@_W@rapidjson@@V?$MemoryPoolAllocator@VCrtAllocator@rapidjson@@@2@@rapidjson@@@?$Stack@VCrtAllocator@rapidjson@@@internal@rapidjson@@AAEXI@Z 10004365 f i mdump.obj
 0001:000033b4       ??$Expand@_W@?$Stack@VCrtAllocator@rapidjson@@@internal@rapidjson@@AAEXI@Z 100043b4 f i mdump.obj
 0001:00003405       ??$Parse@$0A@U?$GenericStringStream@U?$UTF16@_W@rapidjson@@@rapidjson@@V?$GenericDocument@U?$UTF16@_W@rapidjson@@V?$MemoryPoolAllocator@VCrtAllocator@rapidjson@@@2@VCrtAllocator@2@@2@@?$GenericReader@U?$UTF16@_W@rapidjson@@U12@VCrtAllocator@2@@rapidjson@@QAE?AUParseResult@1@AAU?$GenericStringStream@U?$UTF16@_W@rapidjson@@@1@AAV?$GenericDocument@U?$UTF16@_W@rapidjson@@V?$MemoryPoolAllocator@VCrtAllocator@rapidjson@@@2@VCrtAllocator@2@@1@@Z 10004405 f i mdump.obj
 0001:00003495       ??$ParseArray@$0A@U?$GenericStringStream@U?$UTF16@_W@rapidjson@@@rapidjson@@V?$GenericDocument@U?$UTF16@_W@rapidjson@@V?$MemoryPoolAllocator@VCrtAllocator@rapidjson@@@2@VCrtAllocator@2@@2@@?$GenericReader@U?$UTF16@_W@rapidjson@@U12@VCrtAllocator@2@@rapidjson@@AAEXAAU?$GenericStringStream@U?$UTF16@_W@rapidjson@@@1@AAV?$GenericDocument@U?$UTF16@_W@rapidjson@@V?$MemoryPoolAllocator@VCrtAllocator@rapidjson@@@2@VCrtAllocator@2@@1@@Z 10004495 f i mdump.obj
 0001:00003565       ??$ParseFalse@$0A@U?$GenericStringStream@U?$UTF16@_W@rapidjson@@@rapidjson@@V?$GenericDocument@U?$UTF16@_W@rapidjson@@V?$MemoryPoolAllocator@VCrtAllocator@rapidjson@@@2@VCrtAllocator@2@@2@@?$GenericReader@U?$UTF16@_W@rapidjson@@U12@VCrtAllocator@2@@rapidjson@@AAEXAAU?$GenericStringStream@U?$UTF16@_W@rapidjson@@@1@AAV?$GenericDocument@U?$UTF16@_W@rapidjson@@V?$MemoryPoolAllocator@VCrtAllocator@rapidjson@@@2@VCrtAllocator@2@@1@@Z 10004565 f i mdump.obj
 0001:000035d3       ??$ParseHex4@U?$GenericStringStream@U?$UTF16@_W@rapidjson@@@rapidjson@@@?$GenericReader@U?$UTF16@_W@rapidjson@@U12@VCrtAllocator@2@@rapidjson@@AAEIAAU?$GenericStringStream@U?$UTF16@_W@rapidjson@@@1@I@Z 100045d3 f i mdump.obj
 0001:00003642       ??$ParseNull@$0A@U?$GenericStringStream@U?$UTF16@_W@rapidjson@@@rapidjson@@V?$GenericDocument@U?$UTF16@_W@rapidjson@@V?$MemoryPoolAllocator@VCrtAllocator@rapidjson@@@2@VCrtAllocator@2@@2@@?$GenericReader@U?$UTF16@_W@rapidjson@@U12@VCrtAllocator@2@@rapidjson@@AAEXAAU?$GenericStringStream@U?$UTF16@_W@rapidjson@@@1@AAV?$GenericDocument@U?$UTF16@_W@rapidjson@@V?$MemoryPoolAllocator@VCrtAllocator@rapidjson@@@2@VCrtAllocator@2@@1@@Z 10004642 f i mdump.obj
 0001:000036a4       ??$ParseNumber@$0A@U?$GenericStringStream@U?$UTF16@_W@rapidjson@@@rapidjson@@V?$GenericDocument@U?$UTF16@_W@rapidjson@@V?$MemoryPoolAllocator@VCrtAllocator@rapidjson@@@2@VCrtAllocator@2@@2@@?$GenericReader@U?$UTF16@_W@rapidjson@@U12@VCrtAllocator@2@@rapidjson@@AAEXAAU?$GenericStringStream@U?$UTF16@_W@rapidjson@@@1@AAV?$GenericDocument@U?$UTF16@_W@rapidjson@@V?$MemoryPoolAllocator@VCrtAllocator@rapidjson@@@2@VCrtAllocator@2@@1@@Z 100046a4 f i mdump.obj
 0001:00003cfa       ??$ParseObject@$0A@U?$GenericStringStream@U?$UTF16@_W@rapidjson@@@rapidjson@@V?$GenericDocument@U?$UTF16@_W@rapidjson@@V?$MemoryPoolAllocator@VCrtAllocator@rapidjson@@@2@VCrtAllocator@2@@2@@?$GenericReader@U?$UTF16@_W@rapidjson@@U12@VCrtAllocator@2@@rapidjson@@AAEXAAU?$GenericStringStream@U?$UTF16@_W@rapidjson@@@1@AAV?$GenericDocument@U?$UTF16@_W@rapidjson@@V?$MemoryPoolAllocator@VCrtAllocator@rapidjson@@@2@VCrtAllocator@2@@1@@Z 10004cfa f i mdump.obj
 0001:00003e2b       ??$ParseStream@$0A@U?$UTF16@_W@rapidjson@@U?$GenericStringStream@U?$UTF16@_W@rapidjson@@@2@@?$GenericDocument@U?$UTF16@_W@rapidjson@@V?$MemoryPoolAllocator@VCrtAllocator@rapidjson@@@2@VCrtAllocator@2@@rapidjson@@QAEAAV01@AAU?$GenericStringStream@U?$UTF16@_W@rapidjson@@@1@@Z 10004e2b f i mdump.obj
 0001:00003ea9       ??$ParseString@$0A@U?$GenericStringStream@U?$UTF16@_W@rapidjson@@@rapidjson@@V?$GenericDocument@U?$UTF16@_W@rapidjson@@V?$MemoryPoolAllocator@VCrtAllocator@rapidjson@@@2@VCrtAllocator@2@@2@@?$GenericReader@U?$UTF16@_W@rapidjson@@U12@VCrtAllocator@2@@rapidjson@@AAEXAAU?$GenericStringStream@U?$UTF16@_W@rapidjson@@@1@AAV?$GenericDocument@U?$UTF16@_W@rapidjson@@V?$MemoryPoolAllocator@VCrtAllocator@rapidjson@@@2@VCrtAllocator@2@@1@_N@Z 10004ea9 f i mdump.obj
 0001:0000410d       ??$ParseTrue@$0A@U?$GenericStringStream@U?$UTF16@_W@rapidjson@@@rapidjson@@V?$GenericDocument@U?$UTF16@_W@rapidjson@@V?$MemoryPoolAllocator@VCrtAllocator@rapidjson@@@2@VCrtAllocator@2@@2@@?$GenericReader@U?$UTF16@_W@rapidjson@@U12@VCrtAllocator@2@@rapidjson@@AAEXAAU?$GenericStringStream@U?$UTF16@_W@rapidjson@@@1@AAV?$GenericDocument@U?$UTF16@_W@rapidjson@@V?$MemoryPoolAllocator@VCrtAllocator@rapidjson@@@2@VCrtAllocator@2@@1@@Z 1000510d f i mdump.obj
 0001:00004170       ??$ParseValue@$0A@U?$GenericStringStream@U?$UTF16@_W@rapidjson@@@rapidjson@@V?$GenericDocument@U?$UTF16@_W@rapidjson@@V?$MemoryPoolAllocator@VCrtAllocator@rapidjson@@@2@VCrtAllocator@2@@2@@?$GenericReader@U?$UTF16@_W@rapidjson@@U12@VCrtAllocator@2@@rapidjson@@AAEXAAU?$GenericStringStream@U?$UTF16@_W@rapidjson@@@1@AAV?$GenericDocument@U?$UTF16@_W@rapidjson@@V?$MemoryPoolAllocator@VCrtAllocator@rapidjson@@@2@VCrtAllocator@2@@1@@Z 10005170 f i mdump.obj
 0001:000041da       ??$SkipWhitespace@U?$GenericStringStream@U?$UTF16@_W@rapidjson@@@rapidjson@@@rapidjson@@YAXAAU?$GenericStringStream@U?$UTF16@_W@rapidjson@@@0@@Z 100051da f i mdump.obj
 0001:0000420a       ??$StringEqual@V?$MemoryPoolAllocator@VCrtAllocator@rapidjson@@@rapidjson@@@?$GenericValue@U?$UTF16@_W@rapidjson@@V?$MemoryPoolAllocator@VCrtAllocator@rapidjson@@@2@@rapidjson@@ABE_NABV01@@Z 1000520a f i mdump.obj
 0001:00004265       ??$_Destroy_range@V?$allocator@V?$CStringT@_WV?$StrTraitATL@_WV?$ChTraitsCRT@_W@ATL@@@ATL@@@ATL@@@std@@@std@@YAXPAV?$CStringT@_WV?$StrTraitATL@_WV?$ChTraitsCRT@_W@ATL@@@ATL@@@ATL@@QAV12@AAV?$allocator@V?$CStringT@_WV?$StrTraitATL@_WV?$ChTraitsCRT@_W@ATL@@@ATL@@@ATL@@@0@@Z 10005265 f i mdump.obj
 0001:00004282       ??$_Emplace_reallocate@V?$CStringT@_WV?$StrTraitATL@_WV?$ChTraitsCRT@_W@ATL@@@ATL@@@ATL@@@?$vector@V?$CStringT@_WV?$StrTraitATL@_WV?$ChTraitsCRT@_W@ATL@@@ATL@@@ATL@@V?$allocator@V?$CStringT@_WV?$StrTraitATL@_WV?$ChTraitsCRT@_W@ATL@@@ATL@@@ATL@@@std@@@std@@QAEPAV?$CStringT@_WV?$StrTraitATL@_WV?$ChTraitsCRT@_W@ATL@@@ATL@@@ATL@@QAV23@$$QAV23@@Z 10005282 f i mdump.obj
 0001:00004367       ??$_Uninitialized_copy@PAV?$CStringT@_WV?$StrTraitATL@_WV?$ChTraitsCRT@_W@ATL@@@ATL@@@ATL@@V?$allocator@V?$CStringT@_WV?$StrTraitATL@_WV?$ChTraitsCRT@_W@ATL@@@ATL@@@ATL@@@std@@@std@@YAPAV?$CStringT@_WV?$StrTraitATL@_WV?$ChTraitsCRT@_W@ATL@@@ATL@@@ATL@@QAV12@0PAV12@AAV?$allocator@V?$CStringT@_WV?$StrTraitATL@_WV?$ChTraitsCRT@_W@ATL@@@ATL@@@ATL@@@0@@Z 10005367 f i mdump.obj
 0001:000043b7       ??$_Uninitialized_move@PAV?$CStringT@_WV?$StrTraitATL@_WV?$ChTraitsCRT@_W@ATL@@@ATL@@@ATL@@V?$allocator@V?$CStringT@_WV?$StrTraitATL@_WV?$ChTraitsCRT@_W@ATL@@@ATL@@@ATL@@@std@@@std@@YAPAV?$CStringT@_WV?$StrTraitATL@_WV?$ChTraitsCRT@_W@ATL@@@ATL@@@ATL@@QAV12@0PAV12@AAV?$allocator@V?$CStringT@_WV?$StrTraitATL@_WV?$ChTraitsCRT@_W@ATL@@@ATL@@@ATL@@@0@@Z 100053b7 f i mdump.obj
 0001:00004407       ??$construct@V?$CStringT@_WV?$StrTraitATL@_WV?$ChTraitsCRT@_W@ATL@@@ATL@@@ATL@@AAV12@@?$_Default_allocator_traits@V?$allocator@V?$CStringT@_WV?$StrTraitATL@_WV?$ChTraitsCRT@_W@ATL@@@ATL@@@ATL@@@std@@@std@@SAXAAV?$allocator@V?$CStringT@_WV?$StrTraitATL@_WV?$ChTraitsCRT@_W@ATL@@@ATL@@@ATL@@@1@QAV?$CStringT@_WV?$StrTraitATL@_WV?$ChTraitsCRT@_W@ATL@@@ATL@@@ATL@@AAV34@@Z 10005407 f i mdump.obj
 0001:00004423       ??$construct@V?$CStringT@_WV?$StrTraitATL@_WV?$ChTraitsCRT@_W@ATL@@@ATL@@@ATL@@V12@@?$_Default_allocator_traits@V?$allocator@V?$CStringT@_WV?$StrTraitATL@_WV?$ChTraitsCRT@_W@ATL@@@ATL@@@ATL@@@std@@@std@@SAXAAV?$allocator@V?$CStringT@_WV?$StrTraitATL@_WV?$ChTraitsCRT@_W@ATL@@@ATL@@@ATL@@@1@QAV?$CStringT@_WV?$StrTraitATL@_WV?$ChTraitsCRT@_W@ATL@@@ATL@@@ATL@@$$QAV34@@Z 10005423 f i mdump.obj
 0001:0000443f       ??$emplace_back@V?$CStringT@_WV?$StrTraitATL@_WV?$ChTraitsCRT@_W@ATL@@@ATL@@@ATL@@@?$vector@V?$CStringT@_WV?$StrTraitATL@_WV?$ChTraitsCRT@_W@ATL@@@ATL@@@ATL@@V?$allocator@V?$CStringT@_WV?$StrTraitATL@_WV?$ChTraitsCRT@_W@ATL@@@ATL@@@ATL@@@std@@@std@@QAE?A_T$$QAV?$CStringT@_WV?$StrTraitATL@_WV?$ChTraitsCRT@_W@ATL@@@ATL@@@ATL@@@Z 1000543f f i mdump.obj
 0001:0000446a       ??0?$CStringT@_WV?$StrTraitATL@_WV?$ChTraitsCRT@_W@ATL@@@ATL@@@ATL@@QAE@PB_WPAUIAtlStringMgr@1@@Z 1000546a f i mdump.obj
 0001:000044cb       ??0?$GenericDocument@U?$UTF16@_W@rapidjson@@V?$MemoryPoolAllocator@VCrtAllocator@rapidjson@@@2@VCrtAllocator@2@@rapidjson@@QAE@PAV?$MemoryPoolAllocator@VCrtAllocator@rapidjson@@@1@IPAVCrtAllocator@1@@Z 100054cb f i mdump.obj
 0001:00004551       ??0?$GenericValue@U?$UTF16@_W@rapidjson@@V?$MemoryPoolAllocator@VCrtAllocator@rapidjson@@@2@@rapidjson@@QAE@H@Z 10005551 f i mdump.obj
 0001:00004582       ??0?$GenericValue@U?$UTF16@_W@rapidjson@@V?$MemoryPoolAllocator@VCrtAllocator@rapidjson@@@2@@rapidjson@@QAE@I@Z 10005582 f i mdump.obj
 0001:000045af       ??0?$GenericValue@U?$UTF16@_W@rapidjson@@V?$MemoryPoolAllocator@VCrtAllocator@rapidjson@@@2@@rapidjson@@QAE@PB_WIAAV?$MemoryPoolAllocator@VCrtAllocator@rapidjson@@@1@@Z 100055af f i mdump.obj
 0001:000045e9       ??0?$GenericValue@U?$UTF16@_W@rapidjson@@V?$MemoryPoolAllocator@VCrtAllocator@rapidjson@@@2@@rapidjson@@QAE@_J@Z 100055e9 f i mdump.obj
 0001:00004659       ??0?$GenericValue@U?$UTF16@_W@rapidjson@@V?$MemoryPoolAllocator@VCrtAllocator@rapidjson@@@2@@rapidjson@@QAE@_K@Z 10005659 f i mdump.obj
 0001:000046bb       ??0?$MemoryPoolAllocator@VCrtAllocator@rapidjson@@@rapidjson@@QAE@IPAVCrtAllocator@1@@Z 100056bb f i mdump.obj
 0001:00004739       ??0MiniDumper@@QAE@XZ      10005739 f   mdump.obj
 0001:000048d2       ??0TotalUptimeAndCrashCalculator@@QAE@PB_W00@Z 100058d2 f i mdump.obj
 0001:000049df       ??1?$CHeapPtr@_WVCLocalAllocator@ATL@@@ATL@@QAE@XZ 100059df f i mdump.obj
 0001:000049ef       ??1?$GenericDocument@U?$UTF16@_W@rapidjson@@V?$MemoryPoolAllocator@VCrtAllocator@rapidjson@@@2@VCrtAllocator@2@@rapidjson@@QAE@XZ 100059ef f i mdump.obj
 0001:00004a10       ??1?$GenericReader@U?$UTF16@_W@rapidjson@@U12@VCrtAllocator@2@@rapidjson@@QAE@XZ 10005a10 f i mdump.obj
 0001:00004a15       ??1?$GenericValue@U?$UTF16@_W@rapidjson@@V?$MemoryPoolAllocator@VCrtAllocator@rapidjson@@@2@@rapidjson@@QAE@XZ 10005a15 f i mdump.obj
 0001:00004a18       ??1?$MemoryPoolAllocator@VCrtAllocator@rapidjson@@@rapidjson@@QAE@XZ 10005a18 f i mdump.obj
 0001:00004a54       ??1?$Stack@VCrtAllocator@rapidjson@@@internal@rapidjson@@QAE@XZ 10005a54 f i mdump.obj
 0001:00004a59       ??1?$StreamLocalCopy@U?$GenericStringStream@U?$UTF16@_W@rapidjson@@@rapidjson@@$00@internal@rapidjson@@QAE@XZ 10005a59 f i mdump.obj
 0001:00004a69       ??1?$_Uninitialized_backout_al@V?$allocator@V?$CStringT@_WV?$StrTraitATL@_WV?$ChTraitsCRT@_W@ATL@@@ATL@@@ATL@@@std@@@std@@QAE@XZ 10005a69 f i mdump.obj
 0001:00004a7a       ??1?$vector@V?$CStringT@_WV?$StrTraitATL@_WV?$ChTraitsCRT@_W@ATL@@@ATL@@@ATL@@V?$allocator@V?$CStringT@_WV?$StrTraitATL@_WV?$ChTraitsCRT@_W@ATL@@@ATL@@@ATL@@@std@@@std@@QAE@XZ 10005a7a f i mdump.obj
 0001:00004a7f       ??1ClearStackOnExit@?$GenericDocument@U?$UTF16@_W@rapidjson@@V?$MemoryPoolAllocator@VCrtAllocator@rapidjson@@@2@VCrtAllocator@2@@rapidjson@@QAE@XZ 10005a7f f i mdump.obj
 0001:00004a8f       ??1ClearStackOnExit@?$GenericReader@U?$UTF16@_W@rapidjson@@U12@VCrtAllocator@2@@rapidjson@@QAE@XZ 10005a8f f i mdump.obj
 0001:00004a98       ??1DumpData@@QAE@XZ        10005a98 f i mdump.obj
 0001:00004aa3       ??1MiniDumper@@UAE@XZ      10005aa3 f   mdump.obj
 0001:00004b46       ??1ResourceSwitch@@QAE@XZ  10005b46 f i mdump.obj
 0001:00004b59       ??1TotalUptimeAndCrashCalculator@@QAE@XZ 10005b59 f i mdump.obj
 0001:00004be2       ??4?$GenericValue@U?$UTF16@_W@rapidjson@@V?$MemoryPoolAllocator@VCrtAllocator@rapidjson@@@2@@rapidjson@@QAEAAV01@AAV01@@Z 10005be2 f i mdump.obj
 0001:00004c11       ??8?$GenericValue@U?$UTF16@_W@rapidjson@@V?$MemoryPoolAllocator@VCrtAllocator@rapidjson@@@2@@rapidjson@@QBE_NPB_W@Z 10005c11 f i mdump.obj
 0001:00004c5a       ??B?$CSimpleStringT@_W$0A@@ATL@@QBEPB_WXZ 10005c5a f i mdump.obj
 0001:00004c5d       ??HATL@@YA?AV?$CStringT@_WV?$StrTraitATL@_WV?$ChTraitsCRT@_W@ATL@@@ATL@@@0@ABV10@PB_W@Z 10005c5d f i mdump.obj
 0001:00004ccf       ??HATL@@YA?AV?$CStringT@_WV?$StrTraitATL@_WV?$ChTraitsCRT@_W@ATL@@@ATL@@@0@PB_WABV10@@Z 10005ccf f i mdump.obj
 0001:00004d49       ??_G?$CStringT@_WV?$StrTraitATL@_WV?$ChTraitsCRT@_W@ATL@@@ATL@@@ATL@@QAEPAXI@Z 10005d49 f i mdump.obj
 0001:00004d70       ??_GMiniDumper@@UAEPAXI@Z  10005d70 f i mdump.obj
 0001:00004d70       ??_EMiniDumper@@UAEPAXI@Z  10005d70 f i mdump.obj
 0001:00004d92       ?AddChunk@?$MemoryPoolAllocator@VCrtAllocator@rapidjson@@@rapidjson@@AAE_NI@Z 10005d92 f i mdump.obj
 0001:00004de3       ?AllocGuardMemory@MiniDumper@@QAE_NXZ 10005de3 f   mdump.obj
 0001:00004e07       ?AtlMessageBox@WTL@@YAHPAUHWND__@@V_U_STRINGorID@ATL@@1I@Z 10005e07 f i mdump.obj
 0001:00004f30       ?Bool@?$GenericDocument@U?$UTF16@_W@rapidjson@@V?$MemoryPoolAllocator@VCrtAllocator@rapidjson@@@2@VCrtAllocator@2@@rapidjson@@QAE_N_N@Z 10005f30 f i mdump.obj
 0001:00004f73       ?Clear@?$MemoryPoolAllocator@VCrtAllocator@rapidjson@@@rapidjson@@QAEXXZ 10005f73 f i mdump.obj
 0001:00004f94       ?CreateReportThreaded@MiniDumper@@SGIPAX@Z 10005f94 f   mdump.obj
 0001:00005311       ?Delete@?$CStringT@_WV?$StrTraitATL@_WV?$ChTraitsCRT@_W@ATL@@@ATL@@@ATL@@QAEHHH@Z 10006311 f i mdump.obj
 0001:0000538f       ?Delta@TotalUptimeAndCrashCalculator@@QAE_JU_SYSTEMTIME@@0@Z 1000638f f i mdump.obj
 0001:000053eb       ?Destroy@?$GenericDocument@U?$UTF16@_W@rapidjson@@V?$MemoryPoolAllocator@VCrtAllocator@rapidjson@@@2@VCrtAllocator@2@@rapidjson@@AAEXXZ 100063eb f i mdump.obj
 0001:00005406       ?Destroy@?$Stack@VCrtAllocator@rapidjson@@@internal@rapidjson@@AAEXXZ 10006406 f i mdump.obj
 0001:00005420       ?Double@?$GenericDocument@U?$UTF16@_W@rapidjson@@V?$MemoryPoolAllocator@VCrtAllocator@rapidjson@@@2@VCrtAllocator@2@@rapidjson@@QAE_NN@Z 10006420 f i mdump.obj
 0001:00005469       ?EndArray@?$GenericDocument@U?$UTF16@_W@rapidjson@@V?$MemoryPoolAllocator@VCrtAllocator@rapidjson@@@2@VCrtAllocator@2@@rapidjson@@QAE_NI@Z 10006469 f i mdump.obj
 0001:0000548f       ?EndObject@?$GenericDocument@U?$UTF16@_W@rapidjson@@V?$MemoryPoolAllocator@VCrtAllocator@rapidjson@@@2@VCrtAllocator@2@@rapidjson@@QAE_NI@Z 1000648f f i mdump.obj
 0001:000054b5       ?ExceptionHandler@MiniDumper@@SGJPAU_EXCEPTION_POINTERS@@K@Z 100064b5 f   mdump.obj
 0001:00005783       ?FastPath@internal@rapidjson@@YANNH@Z 10006783 f i mdump.obj
 0001:000057b6       ?FindMember@?$GenericValue@U?$UTF16@_W@rapidjson@@V?$MemoryPoolAllocator@VCrtAllocator@rapidjson@@@2@@rapidjson@@QAE?AV?$GenericMemberIterator@$0A@U?$UTF16@_W@rapidjson@@V?$MemoryPoolAllocator@VCrtAllocator@rapidjson@@@2@@2@PB_W@Z 100067b6 f i mdump.obj
 0001:00005813       ?Format@?$CStringT@_WV?$StrTraitATL@_WV?$ChTraitsCRT@_W@ATL@@@ATL@@@ATL@@QAAXPB_WZZ 10006813 f i mdump.obj
 0001:00005827       ?Format@?$ChTraitsCRT@_W@ATL@@SAHPA_WIPB_WPAD@Z 10006827 f i mdump.obj
 0001:00005858       ?FormatMessageV@?$CStringT@_WV?$StrTraitATL@_WV?$ChTraitsCRT@_W@ATL@@@ATL@@@ATL@@QAEXPB_WPAPAD@Z 10006858 f i mdump.obj
 0001:0000597e       ?FormatMessageW@?$CStringT@_WV?$StrTraitATL@_WV?$ChTraitsCRT@_W@ATL@@@ATL@@@ATL@@QAAXIZZ 1000697e f i mdump.obj
 0001:00005a04       ?FormatV@?$CStringT@_WV?$StrTraitATL@_WV?$ChTraitsCRT@_W@ATL@@@ATL@@@ATL@@QAEXPB_WPAD@Z 10006a04 f i mdump.obj
 0001:00005a8a       ?FreeGuardMemory@MiniDumper@@QAE_NXZ 10006a8a f   mdump.obj
 0001:00005aa8       ?GetBuffer@?$CSimpleStringT@_W$0A@@ATL@@QAEPA_WXZ 10006aa8 f i mdump.obj
 0001:00005abf       ?GetDouble@?$GenericValue@U?$UTF16@_W@rapidjson@@V?$MemoryPoolAllocator@VCrtAllocator@rapidjson@@@2@@rapidjson@@QBENXZ 10006abf f i mdump.obj
 0001:00005b2c       ?GetFormattedLength@?$ChTraitsCRT@_W@ATL@@SAHPB_WPAD@Z 10006b2c f i mdump.obj
 0001:00005b5a       ?GetFullDumpEnabledStatus@MiniDumper@@SA_NXZ 10006b5a f   mdump.obj
 0001:00005e4f       ?GetMFA@MiniDumper@@SA_NPAXPA_WH@Z 10006e4f f   mdump.obj
 0001:00005f64       ?GetStringLength@?$GenericValue@U?$UTF16@_W@rapidjson@@V?$MemoryPoolAllocator@VCrtAllocator@rapidjson@@@2@@rapidjson@@QBEIXZ 10006f64 f i mdump.obj
 0001:00005f7f       ?Int64@?$GenericDocument@U?$UTF16@_W@rapidjson@@V?$MemoryPoolAllocator@VCrtAllocator@rapidjson@@@2@VCrtAllocator@2@@rapidjson@@QAE_N_J@Z 10006f7f f i mdump.obj
 0001:00005fb7       ?Int@?$GenericDocument@U?$UTF16@_W@rapidjson@@V?$MemoryPoolAllocator@VCrtAllocator@rapidjson@@@2@VCrtAllocator@2@@rapidjson@@QAE_NH@Z 10006fb7 f i mdump.obj
 0001:00005fec       ?IsError@ParseResult@rapidjson@@QBE_NXZ 10006fec f i mdump.obj
 0001:00005ff3       ?LaunchHangDetection@MiniDumper@@QAEX_N@Z 10006ff3 f   mdump.obj
 0001:0000615e       ?MakeLower@?$CStringT@_WV?$StrTraitATL@_WV?$ChTraitsCRT@_W@ATL@@@ATL@@@ATL@@QAEAAV12@XZ 1000715e f i mdump.obj
 0001:00006186       ?Malloc@?$MemoryPoolAllocator@VCrtAllocator@rapidjson@@@rapidjson@@QAEPAXI@Z 10007186 f i mdump.obj
 0001:000061d8       ?Null@?$GenericDocument@U?$UTF16@_W@rapidjson@@V?$MemoryPoolAllocator@VCrtAllocator@rapidjson@@@2@VCrtAllocator@2@@rapidjson@@QAE_NXZ 100071d8 f i mdump.obj
 0001:00006207       ?Realloc@CrtAllocator@rapidjson@@QAEPAXPAXII@Z 10007207 f i mdump.obj
 0001:0000622d       ?ReleaseBuffer@?$CSimpleStringT@_W$0A@@ATL@@QAEXH@Z 1000722d f i mdump.obj
 0001:00006259       ?Resize@?$Stack@VCrtAllocator@rapidjson@@@internal@rapidjson@@AAEXI@Z 10007259 f i mdump.obj
 0001:00006291       ?ResolveMiniDumpType@MiniDumper@@SA?AW4_BS_MINIDUMP_TYPE@MiniDmpSender@@XZ 10007291 f   mdump.obj
 0001:000062d1       ?SendReportThreaded@MiniDumper@@SGIPAX@Z 100072d1 f   mdump.obj
 0001:000067a4       ?SetArrayRaw@?$GenericValue@U?$UTF16@_W@rapidjson@@V?$MemoryPoolAllocator@VCrtAllocator@rapidjson@@@2@@rapidjson@@AAEXPAV12@IAAV?$MemoryPoolAllocator@VCrtAllocator@rapidjson@@@2@@Z 100077a4 f i mdump.obj
 0001:000067ea       ?SetObjectRaw@?$GenericValue@U?$UTF16@_W@rapidjson@@V?$MemoryPoolAllocator@VCrtAllocator@rapidjson@@@2@@rapidjson@@AAEXPAV?$GenericMember@U?$UTF16@_W@rapidjson@@V?$MemoryPoolAllocator@VCrtAllocator@rapidjson@@@2@@2@IAAV?$MemoryPoolAllocator@VCrtAllocator@rapidjson@@@2@@Z 100077ea f i mdump.obj
 0001:00006830       ?SetStringRaw@?$GenericValue@U?$UTF16@_W@rapidjson@@V?$MemoryPoolAllocator@VCrtAllocator@rapidjson@@@2@@rapidjson@@AAEXU?$GenericStringRef@_W@2@AAV?$MemoryPoolAllocator@VCrtAllocator@rapidjson@@@2@@Z 10007830 f i mdump.obj
 0001:00006895       ?ShrinkToFit@?$Stack@VCrtAllocator@rapidjson@@@internal@rapidjson@@QAEXXZ 10007895 f i mdump.obj
 0001:000068c1       ?StartArray@?$GenericDocument@U?$UTF16@_W@rapidjson@@V?$MemoryPoolAllocator@VCrtAllocator@rapidjson@@@2@VCrtAllocator@2@@rapidjson@@QAE_NXZ 100078c1 f i mdump.obj
 0001:000068f9       ?StartObject@?$GenericDocument@U?$UTF16@_W@rapidjson@@V?$MemoryPoolAllocator@VCrtAllocator@rapidjson@@@2@VCrtAllocator@2@@rapidjson@@QAE_NXZ 100078f9 f i mdump.obj
 0001:00006931       ?String@?$GenericDocument@U?$UTF16@_W@rapidjson@@V?$MemoryPoolAllocator@VCrtAllocator@rapidjson@@@2@VCrtAllocator@2@@rapidjson@@QAE_NPB_WI_N@Z 10007931 f i mdump.obj
 0001:000069b9       ?StringLowercase@?$ChTraitsCRT@_W@ATL@@SAPA_WPA_WI@Z 100079b9 f i mdump.obj
 0001:000069d5       ?StrtodNormalPrecision@internal@rapidjson@@YANNH@Z 100079d5 f i mdump.obj
 0001:00006a0c       ?TerminateHangDetection@MiniDumper@@QAEXXZ 10007a0c f   mdump.obj
 0001:00006a40       ?TopLevelUnhandledExceptionFilter@MiniDumper@@SGJPAU_EXCEPTION_POINTERS@@@Z 10007a40 f   mdump.obj
 0001:00006aa4       ?TrimLeft@?$CStringT@_WV?$StrTraitATL@_WV?$ChTraitsCRT@_W@ATL@@@ATL@@@ATL@@QAEAAV12@XZ 10007aa4 f i mdump.obj
 0001:00006b08       ?TrimRight@?$CStringT@_WV?$StrTraitATL@_WV?$ChTraitsCRT@_W@ATL@@@ATL@@@ATL@@QAEAAV12@XZ 10007b08 f i mdump.obj
 0001:00006b5e       ?Uint64@?$GenericDocument@U?$UTF16@_W@rapidjson@@V?$MemoryPoolAllocator@VCrtAllocator@rapidjson@@@2@VCrtAllocator@2@@rapidjson@@QAE_N_K@Z 10007b5e f i mdump.obj
 0001:00006b96       ?Uint@?$GenericDocument@U?$UTF16@_W@rapidjson@@V?$MemoryPoolAllocator@VCrtAllocator@rapidjson@@@2@VCrtAllocator@2@@rapidjson@@QAE_NI@Z 10007b96 f i mdump.obj
 0001:00006bcb       ?_Calculate_growth@?$vector@V?$CStringT@_WV?$StrTraitATL@_WV?$ChTraitsCRT@_W@ATL@@@ATL@@@ATL@@V?$allocator@V?$CStringT@_WV?$StrTraitATL@_WV?$ChTraitsCRT@_W@ATL@@@ATL@@@ATL@@@std@@@std@@ABEII@Z 10007bcb f i mdump.obj
 0001:00006bf7       ?_Change_array@?$vector@V?$CStringT@_WV?$StrTraitATL@_WV?$ChTraitsCRT@_W@ATL@@@ATL@@@ATL@@V?$allocator@V?$CStringT@_WV?$StrTraitATL@_WV?$ChTraitsCRT@_W@ATL@@@ATL@@@ATL@@@std@@@std@@AAEXQAV?$CStringT@_WV?$StrTraitATL@_WV?$ChTraitsCRT@_W@ATL@@@ATL@@@ATL@@II@Z 10007bf7 f i mdump.obj
 0001:00006c3c       ?_Destroy@?$vector@V?$CStringT@_WV?$StrTraitATL@_WV?$ChTraitsCRT@_W@ATL@@@ATL@@@ATL@@V?$allocator@V?$CStringT@_WV?$StrTraitATL@_WV?$ChTraitsCRT@_W@ATL@@@ATL@@@ATL@@@std@@@std@@AAEXPAV?$CStringT@_WV?$StrTraitATL@_WV?$ChTraitsCRT@_W@ATL@@@ATL@@@ATL@@0@Z 10007c3c f i mdump.obj
 0001:00006c52       ?_Tidy@?$vector@V?$CStringT@_WV?$StrTraitATL@_WV?$ChTraitsCRT@_W@ATL@@@ATL@@@ATL@@V?$allocator@V?$CStringT@_WV?$StrTraitATL@_WV?$ChTraitsCRT@_W@ATL@@@ATL@@@ATL@@@std@@@std@@AAEXXZ 10007c52 f i mdump.obj
 0001:00006c84       ?_Xlength@?$vector@V?$CStringT@_WV?$StrTraitATL@_WV?$ChTraitsCRT@_W@ATL@@@ATL@@@ATL@@V?$allocator@V?$CStringT@_WV?$StrTraitATL@_WV?$ChTraitsCRT@_W@ATL@@@ATL@@@ATL@@@std@@@std@@CAXXZ 10007c84 f i mdump.obj
 0001:00006c8f       ?allocate@?$allocator@V?$CStringT@_WV?$StrTraitATL@_WV?$ChTraitsCRT@_W@ATL@@@ATL@@@ATL@@@std@@QAEPAV?$CStringT@_WV?$StrTraitATL@_WV?$ChTraitsCRT@_W@ATL@@@ATL@@@ATL@@I@Z 10007c8f f i mdump.obj
 0001:00006cb0       ?bugsplatMessage@MiniDumper@@SAIPB_WII@Z 10007cb0 f   mdump.obj
 0001:00006ced       ?capture@TotalUptimeAndCrashCalculator@@QAEX_N@Z 10007ced f i mdump.obj
 0001:00006e43       ?createAsanReport@MiniDumper@@QAEXPBD@Z 10007e43 f   mdump.obj
 0001:00006f46       ?createReport@MiniDumper@@QAEXK@Z 10007f46 f   mdump.obj
 0001:00006f68       ?createReport@MiniDumper@@QAEXPAU_EXCEPTION_POINTERS@@@Z 10007f68 f   mdump.obj
 0001:00006f8a       ?createReport@MiniDumper@@QAEXPB_W@Z 10007f8a f   mdump.obj
 0001:00007073       ?deallocate@?$allocator@V?$CStringT@_WV?$StrTraitATL@_WV?$ChTraitsCRT@_W@ATL@@@ATL@@@ATL@@@std@@QAEXQAV?$CStringT@_WV?$StrTraitATL@_WV?$ChTraitsCRT@_W@ATL@@@ATL@@@ATL@@I@Z 10008073 f i mdump.obj
 0001:0000708b       ?debugMode@@YA_NXZ         1000808b f   mdump.obj
 0001:000070fd       ?disableNetworkAccess@MiniDumper@@QAE_N_N@Z 100080fd f   mdump.obj
 0001:0000710c       ?eatException@@YA_NK@Z     1000810c f i mdump.obj
 0001:00007181       ?enableExceptionFilter@MiniDumper@@QAE_N_N@Z 10008181 f   mdump.obj
 0001:000071a0       ?getLogFilePath@MiniDumper@@QAEPB_WXZ 100081a0 f   mdump.obj
 0001:000071a4       ?getMiniDumpType@MiniDumper@@QBE?AW4_BS_MINIDUMP_TYPE@MiniDmpSender@@XZ 100081a4 f   mdump.obj
 0001:000071aa       ?getRegistryBase@@YAXAAV?$CStringT@_WV?$StrTraitATL@_WV?$ChTraitsCRT@_W@ATL@@@ATL@@@ATL@@@Z 100081aa f   mdump.obj
 0001:000071c7       ?getRegistryRoot@@YAXAAV?$CStringT@_WV?$StrTraitATL@_WV?$ChTraitsCRT@_W@ATL@@@ATL@@@ATL@@PB_W11@Z 100081c7 f   mdump.obj
 0001:00007236       ?initExceptionHandler@MiniDumper@@QAEXPB_W000K@Z 10008236 f   mdump.obj
 0001:0000748e       ?invalid_parameter_handler@@YAXPB_W00II@Z 1000848e f i mdump.obj
 0001:00007497       ?isExceptionFilterEnabled@MiniDumper@@QBE_NXZ 10008497 f   mdump.obj
 0001:0000749d       ?isNetworkAccessDisabled@MiniDumper@@QBE_NXZ 1000849d f   mdump.obj
 0001:000074a3       ?logOutput@@YAXIPB_W_N@Z   100084a3 f   mdump.obj
 0001:000076cc       ?removeAdditionalFile@MiniDumper@@QAE_NPB_W@Z 100086cc f   mdump.obj
 0001:0000771c       ?resetDescriptionString@MiniDumper@@QAEXPB_W@Z 1000871c f   mdump.obj
 0001:00007746       ?resetVersionString@MiniDumper@@QAEXPB_W@Z 10008746 f   mdump.obj
 0001:0000776e       ?sendAdditionalFile@MiniDumper@@QAEXPB_W@Z 1000876e f   mdump.obj
 0001:000077aa       ?setCallback@MiniDumper@@QAEXP6A_NIPAX0@Z@Z 100087aa f   mdump.obj
 0001:000077b7       ?setDefaultUserDescription@MiniDumper@@QAEXPB_W@Z 100087b7 f   mdump.obj
 0001:000077e1       ?setDefaultUserEmail@MiniDumper@@QAEXPB_W@Z 100087e1 f   mdump.obj
 0001:0000780b       ?setDefaultUserName@MiniDumper@@QAEXPB_W@Z 1000880b f   mdump.obj
 0001:00007835       ?setFlags@MiniDumper@@QAE_NK@Z 10008835 f   mdump.obj
 0001:0000787d       ?setGuardByteBufferSize@MiniDumper@@QAEHH@Z 1000887d f   mdump.obj
 0001:000078a9       ?setHangDetectionTimeout@MiniDumper@@QAEHH@Z 100088a9 f   mdump.obj
 0001:000078bf       ?setLogFilePath@MiniDumper@@QAEXPB_W@Z 100088bf f   mdump.obj
 0001:000078e9       ?setMiniDumpType@MiniDumper@@QAEXW4_BS_MINIDUMP_TYPE@MiniDmpSender@@@Z 100088e9 f   mdump.obj
 0001:000078f8       ?setNotes@MiniDumper@@QAEXPB_W@Z 100088f8 f   mdump.obj
 0001:00007920       ?setResourceDllPath@MiniDumper@@QAEXPB_W@Z 10008920 f   mdump.obj
 0001:0000794a       ?setUserZipPath@MiniDumper@@QAEXPB_W@Z 1000894a f   mdump.obj
 0001:00007974       ?signal_handler@@YAXH@Z    10008974 f i mdump.obj
 0001:0000797d       ?terminator@@YAXXZ         1000897d f i mdump.obj
 0001:00007986       __fwprintf_p               10008986 f i mdump.obj
 0001:0000799f       __vfwprintf_l              1000899f f i mdump.obj
 0001:000079c2       __vfwprintf_p_l            100089c2 f i mdump.obj
 0001:00007a64       _wprintf                   10008a64 f i mdump.obj
 0001:00007a83       ??0MiniDmpSender@@QAE@PB_W000K@Z 10008a83 f   BugSplatNative.obj
 0001:00007b19       ??1MiniDmpSender@@UAE@XZ   10008b19 f   BugSplatNative.obj
 0001:00007b35       ?createAsanReport@MiniDmpSender@@QAEXPBD@Z 10008b35 f   BugSplatNative.obj
 0001:00007b41       ?createReport@MiniDmpSender@@QAEXPAU_EXCEPTION_POINTERS@@@Z 10008b41 f   BugSplatNative.obj
 0001:00007b4d       ?createReport@MiniDmpSender@@QAEXPB_W@Z 10008b4d f   BugSplatNative.obj
 0001:00007b59       ?disableNetworkAccess@MiniDmpSender@@QAE_N_N@Z 10008b59 f   BugSplatNative.obj
 0001:00007b65       ?enableExceptionFilter@MiniDmpSender@@QAE_N_N@Z 10008b65 f   BugSplatNative.obj
 0001:00007b71       ?getFlags@MiniDmpSender@@QBEKXZ 10008b71 f   BugSplatNative.obj
 0001:00007b78       ?getMiniDumpType@MiniDmpSender@@QBE?AW4_BS_MINIDUMP_TYPE@1@XZ 10008b78 f   BugSplatNative.obj
 0001:00007b80       ?getMinidumpPath@MiniDmpSender@@QAEXPA_WI@Z 10008b80 f   BugSplatNative.obj
 0001:00007b9d       ?imp@MiniDmpSender@@QAEPAXXZ 10008b9d f   BugSplatNative.obj
 0001:00007ba3       ?isExceptionFilterEnabled@MiniDmpSender@@QBE_NXZ 10008ba3 f   BugSplatNative.obj
 0001:00007bab       ?isNetworkAccessDisabled@MiniDmpSender@@QBE_NXZ 10008bab f   BugSplatNative.obj
 0001:00007bb3       ?removeAdditionalFile@MiniDmpSender@@QAE_NPB_W@Z 10008bb3 f   BugSplatNative.obj
 0001:00007bbf       ?resetAppIdentifier@MiniDmpSender@@QAEXPB_W@Z 10008bbf f   BugSplatNative.obj
 0001:00007bcb       ?resetVersionString@MiniDmpSender@@QAEXPB_W@Z 10008bcb f   BugSplatNative.obj
 0001:00007bd7       ?sendAdditionalFile@MiniDmpSender@@QAEXPB_W@Z 10008bd7 f   BugSplatNative.obj
 0001:00007be3       ?setCallback@MiniDmpSender@@QAEXP6A_NIPAX0@Z@Z 10008be3 f   BugSplatNative.obj
 0001:00007bef       ?setDefaultUserDescription@MiniDmpSender@@QAEXPB_W@Z 10008bef f   BugSplatNative.obj
 0001:00007bfb       ?setDefaultUserEmail@MiniDmpSender@@QAEXPB_W@Z 10008bfb f   BugSplatNative.obj
 0001:00007c07       ?setDefaultUserName@MiniDmpSender@@QAEXPB_W@Z 10008c07 f   BugSplatNative.obj
 0001:00007c13       ?setFlags@MiniDmpSender@@QAE_NK@Z 10008c13 f   BugSplatNative.obj
 0001:00007c1f       ?setGuardByteBufferSize@MiniDmpSender@@QAEHH@Z 10008c1f f   BugSplatNative.obj
 0001:00007c2b       ?setHangDetectionTimeout@MiniDmpSender@@QAEHH@Z 10008c2b f   BugSplatNative.obj
 0001:00007c37       ?setLogFilePath@MiniDmpSender@@QAEXPB_W@Z 10008c37 f   BugSplatNative.obj
 0001:00007c43       ?setMiniDumpType@MiniDmpSender@@QAEXW4_BS_MINIDUMP_TYPE@1@@Z 10008c43 f   BugSplatNative.obj
 0001:00007c4f       ?setNotes@MiniDmpSender@@QAEXPB_W@Z 10008c4f f   BugSplatNative.obj
 0001:00007c5b       ?setResourceDllPath@MiniDmpSender@@QAEXPB_W@Z 10008c5b f   BugSplatNative.obj
 0001:00007c67       ?setUserZipPath@MiniDmpSender@@QAEXPB_W@Z 10008c67 f   BugSplatNative.obj
 0001:00007c73       ?unhandledExceptionHandler@MiniDmpSender@@QAEJPAU_EXCEPTION_POINTERS@@@Z 10008c73 f   BugSplatNative.obj
 0001:00007c7c       ?Lock@CAtlModule@ATL@@UAEJXZ 10008c7c f i BugSplatNativeApp.obj
 0001:00007c86       ?Unlock@CAtlModule@ATL@@UAEJXZ 10008c86 f i BugSplatNativeApp.obj
 0001:00007c90       ?GetLockCount@CAtlModule@ATL@@UAEJXZ 10008c90 f i BugSplatNativeApp.obj
 0001:00007c94       ?GetGITPtr@CAtlModule@ATL@@UAEJPAPAUIGlobalInterfaceTable@@@Z 10008c94 f i BugSplatNativeApp.obj
 0001:00007ce0       ?AddCommonRGSReplacements@?$CAtlModuleT@VCComModule@ATL@@@ATL@@UAEJPAUIRegistrarBase@@@Z 10008ce0 f i BugSplatNativeApp.obj
 0001:00007cfa       ?UpdateRegistryFromResourceD@CComModule@ATL@@UAGJPB_WHPAU_ATL_REGMAP_ENTRY@2@@Z 10008cfa f i BugSplatNativeApp.obj
 0001:00007d02       ?UpdateRegistryFromResourceD@CComModule@ATL@@UAGJIHPAU_ATL_REGMAP_ENTRY@2@@Z 10008d02 f i BugSplatNativeApp.obj
 0001:00007d0a       ?UpdateRegistryFromResource@CComModule@ATL@@UAGJPB_WHPAU_ATL_REGMAP_ENTRY@2@@Z 10008d0a f i BugSplatNativeApp.obj
 0001:00007d13       ?UpdateRegistryFromResource@CComModule@ATL@@UAGJIHPAU_ATL_REGMAP_ENTRY@2@@Z 10008d13 f i BugSplatNativeApp.obj
 0001:00007d1c       ??_ECComModule@ATL@@UAEPAXI@Z 10008d1c f i BugSplatNativeApp.obj
 0001:00007d1c       ??_GCComModule@ATL@@UAEPAXI@Z 10008d1c f i BugSplatNativeApp.obj
 0001:00007d44       ??_GCAppModule@WTL@@UAEPAXI@Z 10008d44 f i BugSplatNativeApp.obj
 0001:00007d44       ??_ECAppModule@WTL@@UAEPAXI@Z 10008d44 f i BugSplatNativeApp.obj
 0001:00007d6c       ?QueryInterface@CRegObject@ATL@@UAGJABU_GUID@@PAPAX@Z 10008d6c f i BugSplatNativeApp.obj
 0001:00007d74       ?AddRef@CRegObject@ATL@@UAGKXZ 10008d74 f i BugSplatNativeApp.obj
 0001:00007d7a       ?Release@CRegObject@ATL@@UAGKXZ 10008d7a f i BugSplatNativeApp.obj
 0001:00007d7f       ?AddReplacement@CRegObject@ATL@@UAGJPB_W0@Z 10008d7f f i BugSplatNativeApp.obj
 0001:00007dde       ?ClearReplacements@CRegObject@ATL@@UAGJXZ 10008dde f i BugSplatNativeApp.obj
 0001:00007e09       ??_GCRegObject@ATL@@UAEPAXI@Z 10008e09 f i BugSplatNativeApp.obj
 0001:00007e09       ??_ECRegObject@ATL@@UAEPAXI@Z 10008e09 f i BugSplatNativeApp.obj
 0001:00007e2b       ??$AtlMultiplyThrow@I@ATL@@YAIII@Z 10008e2b f i BugSplatNativeApp.obj
 0001:00007e51       ??0CAtlComModule@ATL@@QAE@XZ 10008e51 f i BugSplatNativeApp.obj
 0001:00007e90       ??0CAtlModule@ATL@@QAE@XZ  10008e90 f i BugSplatNativeApp.obj
 0001:00007ed1       ??0CParseBuffer@CRegParser@ATL@@QAE@H@Z 10008ed1 f i BugSplatNativeApp.obj
 0001:00007f07       ??0CRegObject@ATL@@QAE@XZ  10008f07 f i BugSplatNativeApp.obj
 0001:00007f3d       ??0_ATL_COM_MODULE70@ATL@@QAE@XZ 10008f3d f i BugSplatNativeApp.obj
 0001:00007f54       ??0_ATL_MODULE70@ATL@@QAE@XZ 10008f54 f i BugSplatNativeApp.obj
 0001:00007f6b       ??1?$CAtlSafeAllocBufferManager@VCCRTAllocator@ATL@@@_ATL_SAFE_ALLOCA_IMPL@ATL@@QAE@XZ 10008f6b f i BugSplatNativeApp.obj
 0001:00007f84       ??1?$CAutoVectorPtr@_W@ATL@@QAE@XZ 10008f84 f i BugSplatNativeApp.obj
 0001:00007f94       ??1?$CTempBuffer@E$0BAA@VCCRTAllocator@ATL@@@ATL@@QAE@XZ 10008f94 f i BugSplatNativeApp.obj
 0001:00007fa0       ??1?$CTempBuffer@_W$0BAA@VCCRTAllocator@ATL@@@ATL@@QAE@XZ 10008fa0 f i BugSplatNativeApp.obj
 0001:00007fac       ??1?$CTempBuffer@_W$0EAA@VCCRTAllocator@ATL@@@ATL@@QAE@XZ 10008fac f i BugSplatNativeApp.obj
 0001:00007fb8       ??1CAtlModule@ATL@@UAE@XZ  10008fb8 f i BugSplatNativeApp.obj
 0001:00007fbd       ??1CParseBuffer@CRegParser@ATL@@QAE@XZ 10008fbd f i BugSplatNativeApp.obj
 0001:00007fc7       ??1CRegKey@ATL@@QAE@XZ     10008fc7 f i BugSplatNativeApp.obj
 0001:00007fcc       ??1CRegObject@ATL@@UAE@XZ  10008fcc f i BugSplatNativeApp.obj
 0001:00008000       ??A?$CSimpleArray@PAUHWND__@@V?$CSimpleArrayEqualHelper@PAUHWND__@@@ATL@@@ATL@@QAEAAPAUHWND__@@H@Z 10009000 f i BugSplatNativeApp.obj
 0001:00008025       ?Add@?$CSimpleMap@PA_WPA_WVCExpansionVectorEqualHelper@ATL@@@ATL@@QAEHABQA_W0@Z 10009025 f i BugSplatNativeApp.obj
 0001:0000807a       ?Add@CExpansionVector@ATL@@QAEHPB_W0@Z 1000907a f i BugSplatNativeApp.obj
 0001:00008168       ?AddString@CParseBuffer@CRegParser@ATL@@QAEHPB_W@Z 10009168 f i BugSplatNativeApp.obj
 0001:000081a4       ?AddValue@CRegParser@ATL@@IAEJAAVCRegKey@2@PB_WPA_W@Z 100091a4 f i BugSplatNativeApp.obj
 0001:00008524       ?Allocate@?$CTempBuffer@E$0BAA@VCCRTAllocator@ATL@@@ATL@@QAEPAEI@Z 10009524 f i BugSplatNativeApp.obj
 0001:00008553       ?Allocate@?$CTempBuffer@_W$0BAA@VCCRTAllocator@ATL@@@ATL@@QAEPA_WI@Z 10009553 f i BugSplatNativeApp.obj
 0001:00008582       ?Allocate@?$CTempBuffer@_W$0EAA@VCCRTAllocator@ATL@@@ATL@@QAEPA_WI@Z 10009582 f i BugSplatNativeApp.obj
 0001:000085b1       ?AllocateHeap@?$CTempBuffer@E$0BAA@VCCRTAllocator@ATL@@@ATL@@AAEXI@Z 100095b1 f i BugSplatNativeApp.obj
 0001:000085d6       ?AllocateHeap@?$CTempBuffer@_W$0BAA@VCCRTAllocator@ATL@@@ATL@@AAEXI@Z 100095d6 f i BugSplatNativeApp.obj
 0001:000085fb       ?AllocateHeap@?$CTempBuffer@_W$0EAA@VCCRTAllocator@ATL@@@ATL@@AAEXI@Z 100095fb f i BugSplatNativeApp.obj
 0001:00008620       ?Append@CParseBuffer@CRegParser@ATL@@QAEHPB_WH@Z 10009620 f i BugSplatNativeApp.obj
 0001:000086ae       ?AtlCoTaskMemCAlloc@ATL@@YAPAXKK@Z 100096ae f i BugSplatNativeApp.obj
 0001:000086db       ?AtlCoTaskMemRecalloc@ATL@@YAPAXPAXKK@Z 100096db f i BugSplatNativeApp.obj
 0001:0000870b       ?AtlHresultFromLastError@ATL@@YAJXZ 1000970b f i BugSplatNativeApp.obj
 0001:00008722       ?AtlHresultFromWin32@ATL@@YAJK@Z 10009722 f i BugSplatNativeApp.obj
 0001:00008737       ?CanForceRemoveKey@CRegParser@ATL@@IAEHPB_W@Z 10009737 f i BugSplatNativeApp.obj
 0001:00008766       ?ChToByte@CRegParser@ATL@@KAE_W@Z 10009766 f i BugSplatNativeApp.obj
 0001:000087ee       ?ClearReplacements@CExpansionVector@ATL@@QAEJXZ 100097ee f i BugSplatNativeApp.obj
 0001:0000882b       ?Close@CRegKey@ATL@@QAEJXZ 1000982b f i BugSplatNativeApp.obj
 0001:00008845       ?DeleteSubKey@CRegKey@ATL@@QAEJPB_W@Z 10009845 f i BugSplatNativeApp.obj
 0001:000088be       ?EndOfVar@CRegParser@ATL@@IAEHXZ 100098be f i BugSplatNativeApp.obj
 0001:000088de       ?EscapeSingleQuote@CAtlModule@ATL@@SAXPA_WIPB_W@Z 100098de f i BugSplatNativeApp.obj
 0001:0000892d       ?FindKey@?$CSimpleMap@PA_WPA_WVCExpansionVectorEqualHelper@ATL@@@ATL@@QBEHABQA_W@Z 1000992d f i BugSplatNativeApp.obj
 0001:00008964       ?FreeHeap@?$CTempBuffer@E$0BAA@VCCRTAllocator@ATL@@@ATL@@AAEXXZ 10009964 f i BugSplatNativeApp.obj
 0001:0000896d       ?FreeHeap@?$CTempBuffer@_W$0BAA@VCCRTAllocator@ATL@@@ATL@@AAEXXZ 1000996d f i BugSplatNativeApp.obj
 0001:00008976       ?FreeHeap@?$CTempBuffer@_W$0EAA@VCCRTAllocator@ATL@@@ATL@@AAEXXZ 10009976 f i BugSplatNativeApp.obj
 0001:0000897f       ?GetKeyAt@?$CSimpleMap@PA_WPA_WVCExpansionVectorEqualHelper@ATL@@@ATL@@QBEAAPA_WH@Z 1000997f f i BugSplatNativeApp.obj
 0001:000089a4       ?GetValueAt@?$CSimpleMap@PA_WPA_WVCExpansionVectorEqualHelper@ATL@@@ATL@@QBEAAPA_WH@Z 100099a4 f i BugSplatNativeApp.obj
 0001:000089ca       ?HKeyFromString@CRegParser@ATL@@KAPAUHKEY__@@PA_W@Z 100099ca f i BugSplatNativeApp.obj
 0001:000089f8       ?HasSubKeys@CRegParser@ATL@@IAEHPAUHKEY__@@@Z 100099f8 f i BugSplatNativeApp.obj
 0001:00008a2d       ?Init@CAppModule@WTL@@QAEJPAU_ATL_OBJMAP_ENTRY30@ATL@@PAUHINSTANCE__@@PBU_GUID@@@Z 10009a2d f i BugSplatNativeApp.obj
 0001:00008ab1       ?Init@CComCriticalSection@ATL@@QAEJXZ 10009ab1 f i BugSplatNativeApp.obj
 0001:00008ad9       ?Init@CComModule@ATL@@QAEJPAU_ATL_OBJMAP_ENTRY30@2@PAUHINSTANCE__@@PBU_GUID@@@Z 10009ad9 f i BugSplatNativeApp.obj
 0001:00008b38       ?InternalSetAtIndex@?$CSimpleMap@PA_WPA_WVCExpansionVectorEqualHelper@ATL@@@ATL@@QAEXHABQA_W0@Z 10009b38 f i BugSplatNativeApp.obj
 0001:00008b6c       ?IsSpace@CRegParser@ATL@@IAEH_W@Z 10009b6c f i BugSplatNativeApp.obj
 0001:00008b92       ?Lookup@?$CSimpleMap@PA_WPA_WVCExpansionVectorEqualHelper@ATL@@@ATL@@QBEPA_WABQA_W@Z 10009b92 f i BugSplatNativeApp.obj
 0001:00008bb8       ?NextToken@CRegParser@ATL@@IAEJPA_W@Z 10009bb8 f i BugSplatNativeApp.obj
 0001:00008cf0       ?Open@CRegKey@ATL@@QAEJPAUHKEY__@@PB_WK@Z 10009cf0 f i BugSplatNativeApp.obj
 0001:00008d45       ?PreProcessBuffer@CRegParser@ATL@@QAEJPA_WPAPA_W@Z 10009d45 f i BugSplatNativeApp.obj
 0001:00008f92       ?RecurseDeleteKey@CRegKey@ATL@@QAEJPB_W@Z 10009f92 f i BugSplatNativeApp.obj
 0001:00009080       ?RegCreateKeyExW@CAtlTransactionManager@ATL@@QAEJPAUHKEY__@@PB_WKPA_WKKQAU_SECURITY_ATTRIBUTES@@PAPAU3@PAK@Z 1000a080 f i BugSplatNativeApp.obj
 0001:000090e3       ?RegDeleteKeyW@CAtlTransactionManager@ATL@@QAEJPAUHKEY__@@PB_W@Z 1000a0e3 f i BugSplatNativeApp.obj
 0001:00009135       ?RegOpenKeyExW@CAtlTransactionManager@ATL@@QAEJPAUHKEY__@@PB_WKKPAPAU3@@Z 1000a135 f i BugSplatNativeApp.obj
 0001:0000918c       ?RegisterBuffer@CRegParser@ATL@@QAEJPA_WH@Z 1000a18c f i BugSplatNativeApp.obj
 0001:000092d3       ?RegisterFromResource@CRegObject@ATL@@IAEJPB_W00H@Z 1000a2d3 f i BugSplatNativeApp.obj
 0001:0000944a       ?RegisterSubkeys@CRegParser@ATL@@IAEJPA_WPAUHKEY__@@HH@Z 1000a44a f i BugSplatNativeApp.obj
 0001:00009ac9       ?RemoveAll@?$CSimpleArray@PAUHWND__@@V?$CSimpleArrayEqualHelper@PAUHWND__@@@ATL@@@ATL@@QAEXXZ 1000aac9 f i BugSplatNativeApp.obj
 0001:00009ae6       ?RemoveAll@?$CSimpleMap@KPAVCMessageLoop@WTL@@V?$CSimpleMapEqualHelper@KPAVCMessageLoop@WTL@@@ATL@@@ATL@@QAEXXZ 1000aae6 f i BugSplatNativeApp.obj
 0001:00009b12       ?RemoveAll@?$CSimpleMap@PA_WPA_WVCExpansionVectorEqualHelper@ATL@@@ATL@@QAEXXZ 1000ab12 f i BugSplatNativeApp.obj
 0001:00009b3e       ?ResourceRegister@CRegObject@ATL@@QAGJPB_WI0@Z 1000ab3e f i BugSplatNativeApp.obj
 0001:00009b6f       ?ResourceRegisterSz@CRegObject@ATL@@QAGJPB_W00@Z 1000ab6f f i BugSplatNativeApp.obj
 0001:00009bb1       ?ResourceUnregister@CRegObject@ATL@@QAGJPB_WI0@Z 1000abb1 f i BugSplatNativeApp.obj
 0001:00009be1       ?ResourceUnregisterSz@CRegObject@ATL@@QAGJPB_W00@Z 1000abe1 f i BugSplatNativeApp.obj
 0001:00009c20       ?SetMultiStringValue@CRegKey@ATL@@QAEJPB_W0@Z 1000ac20 f i BugSplatNativeApp.obj
 0001:00009c68       ?SetStringValue@CRegKey@ATL@@QAEJPB_W0K@Z 1000ac68 f i BugSplatNativeApp.obj
 0001:00009ca2       ?SkipAssignment@CRegParser@ATL@@IAEJPA_W@Z 1000aca2 f i BugSplatNativeApp.obj
 0001:00009d07       ?SkipWhiteSpace@CRegParser@ATL@@IAEXXZ 1000ad07 f i BugSplatNativeApp.obj
 0001:00009d29       ?StrChrW@CRegParser@ATL@@KAPA_WPA_W_W@Z 1000ad29 f i BugSplatNativeApp.obj
 0001:00009d66       ?StrFromMap@CRegObject@ATL@@QAEPB_WPA_W@Z 1000ad66 f i BugSplatNativeApp.obj
 0001:00009d94       ?Term@CAppModule@WTL@@QAEXXZ 1000ad94 f i BugSplatNativeApp.obj
 0001:00009dbe       ?Term@CAtlComModule@ATL@@QAEXXZ 1000adbe f i BugSplatNativeApp.obj
 0001:00009e08       ?Term@CAtlModule@ATL@@QAEXXZ 1000ae08 f i BugSplatNativeApp.obj
 0001:00009e5b       ?Term@CComModule@ATL@@QAEXXZ 1000ae5b f i BugSplatNativeApp.obj
 0001:00009eb3       ?TermSettingChangeNotify@CAppModule@WTL@@QAEXXZ 1000aeb3 f i BugSplatNativeApp.obj
 0001:00009f0d       ?UpdateRegistryFromResource@CAtlModule@ATL@@QAGJIHPAU_ATL_REGMAP_ENTRY@2@@Z 1000af0d f i BugSplatNativeApp.obj
 0001:0000a0d2       ?UpdateRegistryFromResource@CAtlModule@ATL@@QAGJPB_WHPAU_ATL_REGMAP_ENTRY@2@@Z 1000b0d2 f i BugSplatNativeApp.obj
 0001:0000a29a       ?VTFromRegType@CRegParser@ATL@@KAHPB_WAAG@Z 1000b29a f i BugSplatNativeApp.obj
 0001:0000a307       ?_AtlInitializeCriticalSectionEx@ATL@@YAHPAU_RTL_CRITICAL_SECTION@@KK@Z 1000b307 f i BugSplatNativeApp.obj
 0001:0000a31b       ?_AtlRaiseException@ATL@@YAXKK@Z 1000b31b f i BugSplatNativeApp.obj
 0001:0000a330       ?ocscpy_s@@YA_NPA_WIPB_W@Z 1000b330 f i BugSplatNativeApp.obj
 0001:0000a36a       _DllMain@12                1000b36a f   BugSplatNativeApp.obj
 0001:0000a41c       ??0CAtlWinModule@ATL@@QAE@XZ 1000b41c f i StdAfx.obj
 0001:0000a44a       ??0_ATL_WIN_MODULE70@ATL@@QAE@XZ 1000b44a f i StdAfx.obj
 0001:0000a475       ??1stringdispid@CComTypeInfoHolder@ATL@@QAE@XZ 1000b475 f i StdAfx.obj
 0001:0000a47e       ??A?$CSimpleArray@GV?$CSimpleArrayEqualHelper@G@ATL@@@ATL@@QAEAAGH@Z 1000b47e f i StdAfx.obj
 0001:0000a4a3       ??_Estringdispid@CComTypeInfoHolder@ATL@@QAEPAXI@Z 1000b4a3 f i StdAfx.obj
 0001:0000a52e       ?AtlWinModuleInit@ATL@@YGJPAU_ATL_WIN_MODULE70@1@@Z 1000b52e f i StdAfx.obj
 0001:0000a554       ?AtlWinModuleTerm@ATL@@YGJPAU_ATL_WIN_MODULE70@1@PAUHINSTANCE__@@@Z 1000b554 f i StdAfx.obj
 0001:0000a5b7       ?RemoveAll@?$CSimpleArray@GV?$CSimpleArrayEqualHelper@G@ATL@@@ATL@@QAEXXZ 1000b5b7 f i StdAfx.obj
 0001:0000a5d4       _InternetOpenW@20          1000b5d4 f   wininet:WININET.dll
 0001:0000a5da       _InternetCloseHandle@4     1000b5da f   wininet:WININET.dll
 0001:0000a5e0       _InternetConnectW@32       1000b5e0 f   wininet:WININET.dll
 0001:0000a5e6       _InternetReadFile@16       1000b5e6 f   wininet:WININET.dll
 0001:0000a5ec       _InternetQueryOptionW@16   1000b5ec f   wininet:WININET.dll
 0001:0000a5f2       _InternetSetOptionW@16     1000b5f2 f   wininet:WININET.dll
 0001:0000a5f8       _HttpOpenRequestW@32       1000b5f8 f   wininet:WININET.dll
 0001:0000a5fe       _HttpSendRequestW@20       1000b5fe f   wininet:WININET.dll
 0001:0000a604       _HttpQueryInfoW@20         1000b604 f   wininet:WININET.dll
 0001:0000a60a       _InternetAttemptConnect@4  1000b60a f   wininet:WININET.dll
 0001:0000a610       _PathFileExistsW@4         1000b610 f   shlwapi:SHLWAPI.dll
 0001:0000a616       _PathAppendW@8             1000b616 f   shlwapi:SHLWAPI.dll
 0001:0000a61c       _PathRemoveExtensionW@4    1000b61c f   shlwapi:SHLWAPI.dll
 0001:0000a622       _PathStripPathW@4          1000b622 f   shlwapi:SHLWAPI.dll
 0001:0000a628       _UrlEscapeW@16             1000b628 f   shlwapi:SHLWAPI.dll
 0001:0000a62e       _CreateFileW@28            1000b62e f   kernel32:KERNEL32.dll
 0001:0000a634       _GetFileSize@8             1000b634 f   kernel32:KERNEL32.dll
 0001:0000a63a       _CloseHandle@4             1000b63a f   kernel32:KERNEL32.dll
 0001:0000a640       _GetLastError@0            1000b640 f   kernel32:KERNEL32.dll
 0001:0000a646       _HeapDestroy@4             1000b646 f   kernel32:KERNEL32.dll
 0001:0000a64c       _HeapAlloc@12              1000b64c f   kernel32:KERNEL32.dll
 0001:0000a652       _HeapReAlloc@16            1000b652 f   kernel32:KERNEL32.dll
 0001:0000a658       _HeapFree@12               1000b658 f   kernel32:KERNEL32.dll
 0001:0000a65e       _HeapSize@12               1000b65e f   kernel32:KERNEL32.dll
 0001:0000a664       _GetProcessHeap@0          1000b664 f   kernel32:KERNEL32.dll
 0001:0000a66a       _CreateFileMappingW@24     1000b66a f   kernel32:KERNEL32.dll
 0001:0000a670       _MapViewOfFile@20          1000b670 f   kernel32:KERNEL32.dll
 0001:0000a676       _UnmapViewOfFile@4         1000b676 f   kernel32:KERNEL32.dll
 0001:0000a67c       _FindResourceExW@16        1000b67c f   kernel32:KERNEL32.dll
 0001:0000a682       _LoadResource@8            1000b682 f   kernel32:KERNEL32.dll
 0001:0000a688       _LockResource@4            1000b688 f   kernel32:KERNEL32.dll
 0001:0000a68e       _SizeofResource@8          1000b68e f   kernel32:KERNEL32.dll
 0001:0000a694       _FindResourceW@12          1000b694 f   kernel32:KERNEL32.dll
 0001:0000a69a       _MultiByteToWideChar@24    1000b69a f   kernel32:KERNEL32.dll
 0001:0000a6a0       _WideCharToMultiByte@32    1000b6a0 f   kernel32:KERNEL32.dll
 0001:0000a6a6       _DeleteFileW@4             1000b6a6 f   kernel32:KERNEL32.dll
 0001:0000a6ac       _GetTempPathW@8            1000b6ac f   kernel32:KERNEL32.dll
 0001:0000a6b2       _GetCurrentProcess@0       1000b6b2 f   kernel32:KERNEL32.dll
 0001:0000a6b8       _GetCurrentProcessId@0     1000b6b8 f   kernel32:KERNEL32.dll
 0001:0000a6be       _GetCurrentThreadId@0      1000b6be f   kernel32:KERNEL32.dll
 0001:0000a6c4       _OpenThread@12             1000b6c4 f   kernel32:KERNEL32.dll
 0001:0000a6ca       _SuspendThread@4           1000b6ca f   kernel32:KERNEL32.dll
 0001:0000a6d0       _ResumeThread@4            1000b6d0 f   kernel32:KERNEL32.dll
 0001:0000a6d6       _GetProcessId@4            1000b6d6 f   kernel32:KERNEL32.dll
 0001:0000a6dc       _GetThreadContext@8        1000b6dc f   kernel32:KERNEL32.dll
 0001:0000a6e2       _GetProcAddress@8          1000b6e2 f   kernel32:KERNEL32.dll
 0001:0000a6e8       _LoadLibraryW@4            1000b6e8 f   kernel32:KERNEL32.dll
 0001:0000a6ee       _LocalFree@4               1000b6ee f   kernel32:KERNEL32.dll
 0001:0000a6f4       _FormatMessageW@28         1000b6f4 f   kernel32:KERNEL32.dll
 0001:0000a6fa       _CreateToolhelp32Snapshot@8 1000b6fa f   kernel32:KERNEL32.dll
 0001:0000a700       _Thread32First@8           1000b700 f   kernel32:KERNEL32.dll
 0001:0000a706       _Thread32Next@8            1000b706 f   kernel32:KERNEL32.dll
 0001:0000a70c       _OutputDebugStringW@4      1000b70c f   kernel32:KERNEL32.dll
 0001:0000a712       _SetUnhandledExceptionFilter@4 1000b712 f   kernel32:KERNEL32.dll
 0001:0000a718       _SetLastError@4            1000b718 f   kernel32:KERNEL32.dll
 0001:0000a71e       _SetErrorMode@4            1000b71e f   kernel32:KERNEL32.dll
 0001:0000a724       _EnterCriticalSection@4    1000b724 f   kernel32:KERNEL32.dll
 0001:0000a72a       _LeaveCriticalSection@4    1000b72a f   kernel32:KERNEL32.dll
 0001:0000a730       _InitializeCriticalSectionAndSpinCount@8 1000b730 f   kernel32:KERNEL32.dll
 0001:0000a736       _WaitForSingleObject@8     1000b736 f   kernel32:KERNEL32.dll
 0001:0000a73c       _TerminateProcess@8        1000b73c f   kernel32:KERNEL32.dll
 0001:0000a742       _CreateProcessW@40         1000b742 f   kernel32:KERNEL32.dll
 0001:0000a748       _FlushInstructionCache@12  1000b748 f   kernel32:KERNEL32.dll
 0001:0000a74e       _OpenProcess@12            1000b74e f   kernel32:KERNEL32.dll
 0001:0000a754       _GetSystemTime@4           1000b754 f   kernel32:KERNEL32.dll
 0001:0000a75a       _VirtualProtect@16         1000b75a f   kernel32:KERNEL32.dll
 0001:0000a760       _VirtualQuery@12           1000b760 f   kernel32:KERNEL32.dll
 0001:0000a766       _FreeLibrary@4             1000b766 f   kernel32:KERNEL32.dll
 0001:0000a76c       _GetModuleFileNameW@12     1000b76c f   kernel32:KERNEL32.dll
 0001:0000a772       _GetModuleHandleW@4        1000b772 f   kernel32:KERNEL32.dll
 0001:0000a778       _WritePrivateProfileStringW@16 1000b778 f   kernel32:KERNEL32.dll
 0001:0000a77e       _SystemTimeToFileTime@8    1000b77e f   kernel32:KERNEL32.dll
 0001:0000a784       _DecodePointer@4           1000b784 f   kernel32:KERNEL32.dll
 0001:0000a78a       _RaiseException@16         1000b78a f   kernel32:KERNEL32.dll
 0001:0000a790       _InitializeCriticalSectionEx@12 1000b790 f   kernel32:KERNEL32.dll
 0001:0000a796       _DeleteCriticalSection@4   1000b796 f   kernel32:KERNEL32.dll
 0001:0000a79c       _LoadLibraryExW@12         1000b79c f   kernel32:KERNEL32.dll
 0001:0000a7a2       _lstrcmpiW@8               1000b7a2 f   kernel32:KERNEL32.dll
 0001:0000a7a8       _MessageBoxW@16            1000b7a8 f   user32:USER32.dll
 0001:0000a7ae       _LoadStringW@16            1000b7ae f   user32:USER32.dll
 0001:0000a7b4       _DestroyWindow@4           1000b7b4 f   user32:USER32.dll
 0001:0000a7ba       _CharNextW@4               1000b7ba f   user32:USER32.dll
 0001:0000a7c0       _UnregisterClassW@8        1000b7c0 f   user32:USER32.dll
 0001:0000a7c6       _RegCloseKey@4             1000b7c6 f   advapi32:ADVAPI32.dll
 0001:0000a7cc       _RegOpenKeyExW@20          1000b7cc f   advapi32:ADVAPI32.dll
 0001:0000a7d2       _RegQueryValueExW@24       1000b7d2 f   advapi32:ADVAPI32.dll
 0001:0000a7d8       _RegCreateKeyW@12          1000b7d8 f   advapi32:ADVAPI32.dll
 0001:0000a7de       _RegOpenKeyW@12            1000b7de f   advapi32:ADVAPI32.dll
 0001:0000a7e4       _RegSetValueExW@24         1000b7e4 f   advapi32:ADVAPI32.dll
 0001:0000a7ea       _RegCreateKeyExW@36        1000b7ea f   advapi32:ADVAPI32.dll
 0001:0000a7f0       _RegDeleteKeyW@8           1000b7f0 f   advapi32:ADVAPI32.dll
 0001:0000a7f6       _RegDeleteValueW@8         1000b7f6 f   advapi32:ADVAPI32.dll
 0001:0000a7fc       _RegEnumKeyExW@32          1000b7fc f   advapi32:ADVAPI32.dll
 0001:0000a802       _RegQueryInfoKeyW@48       1000b802 f   advapi32:ADVAPI32.dll
 0001:0000a808       _CoCreateInstance@20       1000b808 f   ole32:ole32.dll
 0001:0000a80e       _CoTaskMemAlloc@4          1000b80e f   ole32:ole32.dll
 0001:0000a814       _CoTaskMemRealloc@8        1000b814 f   ole32:ole32.dll
 0001:0000a81a       _CoTaskMemFree@4           1000b81a f   ole32:ole32.dll
 0001:0000a820       _VarUI4FromStr@16          1000b820 f   oleaut32:OLEAUT32.dll
 0001:0000a826       _SysFreeString@4           1000b826 f   oleaut32:OLEAUT32.dll
 0001:0000a82c       ??$?2PAUHINSTANCE__@@@Wrapper@?$CSimpleArray@PAUHINSTANCE__@@V?$CSimpleArrayEqualHelper@PAUHINSTANCE__@@@ATL@@@ATL@@SAPAXIPAPAUHINSTANCE__@@@Z 1000b82c f i atls:atlbase.obj
 0001:0000a834       ??0?$CComCritSecLock@VCComCriticalSection@ATL@@@ATL@@QAE@AAVCComCriticalSection@1@_N@Z 1000b834 f i atls:atlbase.obj
 0001:0000a85b       ??0?$CSimpleArray@PAUHINSTANCE__@@V?$CSimpleArrayEqualHelper@PAUHINSTANCE__@@@ATL@@@ATL@@QAE@XZ 1000b85b f i atls:atlbase.obj
 0001:0000a868       ??0CAtlBaseModule@ATL@@QAE@XZ 1000b868 f   atls:atlbase.obj
 0001:0000a8bb       ??0CComCriticalSection@ATL@@QAE@XZ 1000b8bb f i atls:atlbase.obj
 0001:0000a8cf       ??0Wrapper@?$CSimpleArray@PAUHINSTANCE__@@V?$CSimpleArrayEqualHelper@PAUHINSTANCE__@@@ATL@@@ATL@@QAE@ABQAUHINSTANCE__@@@Z 1000b8cf f i atls:atlbase.obj
 0001:0000a8df       ??0_ATL_BASE_MODULE70@ATL@@QAE@XZ 1000b8df f i atls:atlbase.obj
 0001:0000a902       ??1?$CComCritSecLock@VCComCriticalSection@ATL@@@ATL@@QAE@XZ 1000b902 f i atls:atlbase.obj
 0001:0000a919       ??1?$CSimpleArray@PAUHINSTANCE__@@V?$CSimpleArrayEqualHelper@PAUHINSTANCE__@@@ATL@@@ATL@@QAE@XZ 1000b919 f i atls:atlbase.obj
 0001:0000a91e       ??1CAtlBaseModule@ATL@@QAE@XZ 1000b91e f   atls:atlbase.obj
 0001:0000a934       ??1CComCriticalSection@ATL@@QAE@XZ 1000b934 f i atls:atlbase.obj
 0001:0000a937       ??1_ATL_BASE_MODULE70@ATL@@QAE@XZ 1000b937 f i atls:atlbase.obj
 0001:0000a93f       ??A?$CSimpleArray@PAUHINSTANCE__@@V?$CSimpleArrayEqualHelper@PAUHINSTANCE__@@@ATL@@@ATL@@QAEAAPAUHINSTANCE__@@H@Z 1000b93f f i atls:atlbase.obj
 0001:0000a964       ?Add@?$CSimpleArray@PAUHINSTANCE__@@V?$CSimpleArrayEqualHelper@PAUHINSTANCE__@@@ATL@@@ATL@@QAEHABQAUHINSTANCE__@@@Z 1000b964 f i atls:atlbase.obj
 0001:0000a9e6       ?AddResourceInstance@CAtlBaseModule@ATL@@QAE_NPAUHINSTANCE__@@@Z 1000b9e6 f   atls:atlbase.obj
 0001:0000aa19       ?GetHInstanceAt@CAtlBaseModule@ATL@@QAEPAUHINSTANCE__@@H@Z 1000ba19 f   atls:atlbase.obj
 0001:0000aa5e       ?GetSize@?$CSimpleArray@PAUHINSTANCE__@@V?$CSimpleArrayEqualHelper@PAUHINSTANCE__@@@ATL@@@ATL@@QBEHXZ 1000ba5e f i atls:atlbase.obj
 0001:0000aa62       ?InternalSetAtIndex@?$CSimpleArray@PAUHINSTANCE__@@V?$CSimpleArrayEqualHelper@PAUHINSTANCE__@@@ATL@@@ATL@@QAEXHABQAUHINSTANCE__@@@Z 1000ba62 f i atls:atlbase.obj
 0001:0000aa7c       ?Lock@?$CComCritSecLock@VCComCriticalSection@ATL@@@ATL@@QAEJXZ 1000ba7c f i atls:atlbase.obj
 0001:0000aa8f       ?Lock@CComCriticalSection@ATL@@QAEJXZ 1000ba8f f i atls:atlbase.obj
 0001:0000aa99       ?RemoveAll@?$CSimpleArray@PAUHINSTANCE__@@V?$CSimpleArrayEqualHelper@PAUHINSTANCE__@@@ATL@@@ATL@@QAEXXZ 1000ba99 f i atls:atlbase.obj
 0001:0000aab6       ?RemoveAt@?$CSimpleArray@PAUHINSTANCE__@@V?$CSimpleArrayEqualHelper@PAUHINSTANCE__@@@ATL@@@ATL@@QAEHH@Z 1000bab6 f i atls:atlbase.obj
 0001:0000ab04       ?RemoveResourceInstance@CAtlBaseModule@ATL@@QAE_NPAUHINSTANCE__@@@Z 1000bb04 f   atls:atlbase.obj
 0001:0000ab61       ?Term@CComCriticalSection@ATL@@QAEJXZ 1000bb61 f i atls:atlbase.obj
 0001:0000ab6b       ?Unlock@?$CComCritSecLock@VCComCriticalSection@ATL@@@ATL@@QAEXXZ 1000bb6b f i atls:atlbase.obj
 0001:0000ab7c       ?Unlock@CComCriticalSection@ATL@@QAEJXZ 1000bb7c f i atls:atlbase.obj
 0001:0000ab86       _HRESULT_FROM_WIN32        1000bb86 f i atls:atlbase.obj
 0001:0000abe6       ??0?$CTraceCategoryEx@$00$0A@@ATL@@QAE@PB_W@Z 1000bbe6 f i atls:stdafx.obj
 0001:0000abeb       ??0?$CTraceCategoryEx@$01$0A@@ATL@@QAE@PB_W@Z 1000bbeb f i atls:stdafx.obj
 0001:0000abf0       ??0?$CTraceCategoryEx@$03$0A@@ATL@@QAE@PB_W@Z 1000bbf0 f i atls:stdafx.obj
 0001:0000abf5       ??0?$CTraceCategoryEx@$07$0A@@ATL@@QAE@PB_W@Z 1000bbf5 f i atls:stdafx.obj
 0001:0000abfa       ??0?$CTraceCategoryEx@$0BA@$0A@@ATL@@QAE@PB_W@Z 1000bbfa f i atls:stdafx.obj
 0001:0000abff       ??0?$CTraceCategoryEx@$0BAA@$0A@@ATL@@QAE@PB_W@Z 1000bbff f i atls:stdafx.obj
 0001:0000ac04       ??0?$CTraceCategoryEx@$0BAAA@$0A@@ATL@@QAE@PB_W@Z 1000bc04 f i atls:stdafx.obj
 0001:0000ac09       ??0?$CTraceCategoryEx@$0BAAAA@$0A@@ATL@@QAE@PB_W@Z 1000bc09 f i atls:stdafx.obj
 0001:0000ac0e       ??0?$CTraceCategoryEx@$0BAAAAA@$0A@@ATL@@QAE@PB_W@Z 1000bc0e f i atls:stdafx.obj
 0001:0000ac13       ??0?$CTraceCategoryEx@$0CA@$0A@@ATL@@QAE@PB_W@Z 1000bc13 f i atls:stdafx.obj
 0001:0000ac18       ??0?$CTraceCategoryEx@$0CAA@$0A@@ATL@@QAE@PB_W@Z 1000bc18 f i atls:stdafx.obj
 0001:0000ac1d       ??0?$CTraceCategoryEx@$0CAAA@$0A@@ATL@@QAE@PB_W@Z 1000bc1d f i atls:stdafx.obj
 0001:0000ac22       ??0?$CTraceCategoryEx@$0CAAAA@$0A@@ATL@@QAE@PB_W@Z 1000bc22 f i atls:stdafx.obj
 0001:0000ac27       ??0?$CTraceCategoryEx@$0CAAAAA@$0A@@ATL@@QAE@PB_W@Z 1000bc27 f i atls:stdafx.obj
 0001:0000ac2c       ??0?$CTraceCategoryEx@$0EA@$0A@@ATL@@QAE@PB_W@Z 1000bc2c f i atls:stdafx.obj
 0001:0000ac31       ??0?$CTraceCategoryEx@$0EAA@$0A@@ATL@@QAE@PB_W@Z 1000bc31 f i atls:stdafx.obj
 0001:0000ac36       ??0?$CTraceCategoryEx@$0EAAA@$0A@@ATL@@QAE@PB_W@Z 1000bc36 f i atls:stdafx.obj
 0001:0000ac3b       ??0?$CTraceCategoryEx@$0EAAAA@$0A@@ATL@@QAE@PB_W@Z 1000bc3b f i atls:stdafx.obj
 0001:0000ac40       ??0?$CTraceCategoryEx@$0EAAAAA@$0A@@ATL@@QAE@PB_W@Z 1000bc40 f i atls:stdafx.obj
 0001:0000ac45       ??0?$CTraceCategoryEx@$0IA@$0A@@ATL@@QAE@PB_W@Z 1000bc45 f i atls:stdafx.obj
 0001:0000ac4a       ??0?$CTraceCategoryEx@$0IAA@$0A@@ATL@@QAE@PB_W@Z 1000bc4a f i atls:stdafx.obj
 0001:0000ac4f       ??0?$CTraceCategoryEx@$0IAAA@$0A@@ATL@@QAE@PB_W@Z 1000bc4f f i atls:stdafx.obj
 0001:0000ac54       ??0?$CTraceCategoryEx@$0IAAAA@$0A@@ATL@@QAE@PB_W@Z 1000bc54 f i atls:stdafx.obj
 0001:0000ac59       ??_I@YGXPAXIIP6EX0@Z@Z     1000bc59 f i atls:stdafx.obj
 0001:0000ac8c       ??0bad_alloc@std@@QAE@XZ   1000bc8c f i libcpmt:xthrow.obj
 0001:0000aca4       ??0bad_function_call@std@@QAE@ABV01@@Z 1000bca4 f i libcpmt:xthrow.obj
 0001:0000acbf       ??0bad_function_call@std@@QAE@XZ 1000bcbf f i libcpmt:xthrow.obj
 0001:0000acd0       ??0exception@std@@QAE@QBD@Z 1000bcd0 f i libcpmt:xthrow.obj
 0001:0000ad05       ??0exception@std@@QAE@QBDH@Z 1000bd05 f i libcpmt:xthrow.obj
 0001:0000ad22       ??0exception@std@@QAE@XZ   1000bd22 f i libcpmt:xthrow.obj
 0001:0000ad33       ??0invalid_argument@std@@QAE@ABV01@@Z 1000bd33 f i libcpmt:xthrow.obj
 0001:0000ad4e       ??0invalid_argument@std@@QAE@PBD@Z 1000bd4e f i libcpmt:xthrow.obj
 0001:0000ad6d       ??0length_error@std@@QAE@ABV01@@Z 1000bd6d f i libcpmt:xthrow.obj
 0001:0000ad88       ??0length_error@std@@QAE@PBD@Z 1000bd88 f i libcpmt:xthrow.obj
 0001:0000ada7       ??0logic_error@std@@QAE@ABV01@@Z 1000bda7 f i libcpmt:xthrow.obj
 0001:0000adc2       ??0logic_error@std@@QAE@PBD@Z 1000bdc2 f i libcpmt:xthrow.obj
[...]
 0002:0000e2bd       $N00009                    1006c2bd     BugSplat.exp
 0002:0000e33a       $N00010                    1006c33a     BugSplat.exp
 0002:0000e363       $N00011                    1006c363     BugSplat.exp
 0002:0000e38e       $N00012                    1006c38e     BugSplat.exp
 0002:0000e3ba       $N00013                    1006c3ba     BugSplat.exp
 0002:0000e3ed       $N00014                    1006c3ed     BugSplat.exp
 0002:0000e421       $N00015                    1006c421     BugSplat.exp
 0002:0000e44c       $N00016                    1006c44c     BugSplat.exp
 0002:0000e488       $N00017                    1006c488     BugSplat.exp
 0002:0000e4b0       $N00018                    1006c4b0     BugSplat.exp
 0002:0000e4db       $N00019                    1006c4db     BugSplat.exp
 0002:0000e50a       $N00020                    1006c50a     BugSplat.exp
 0002:0000e53a       $N00021                    1006c53a     BugSplat.exp
 0002:0000e55a       $N00022                    1006c55a     BugSplat.exp
 0002:0000e598       $N00023                    1006c598     BugSplat.exp
 0002:0000e5c4       $N00024                    1006c5c4     BugSplat.exp
 0002:0000e5e1       $N00025                    1006c5e1     BugSplat.exp
 0002:0000e612       $N00026                    1006c612     BugSplat.exp
 0002:0000e642       $N00027                    1006c642     BugSplat.exp
 0002:0000e673       $N00028                    1006c673     BugSplat.exp
 0002:0000e6a1       $N00029                    1006c6a1     BugSplat.exp
 0002:0000e6cf       $N00030                    1006c6cf     BugSplat.exp
 0002:0000e6fd       $N00031                    1006c6fd     BugSplat.exp
 0002:0000e72c       $N00032                    1006c72c     BugSplat.exp
 0002:0000e761       $N00033                    1006c761     BugSplat.exp
 0002:0000e790       $N00034                    1006c790     BugSplat.exp
 0002:0000e7be       $N00035                    1006c7be     BugSplat.exp
 0002:0000e7e0       $N00036                    1006c7e0     BugSplat.exp
 0002:0000e80f       $N00037                    1006c80f     BugSplat.exp
 0002:0000e83f       $N00038                    1006c83f     BugSplat.exp
 0002:0000e869       $N00039                    1006c869     BugSplat.exp
 0002:0000e8a6       $N00040                    1006c8a6     BugSplat.exp
 0002:0000e8ca       $N00041                    1006c8ca     BugSplat.exp
 0002:0000e8f8       $N00042                    1006c8f8     BugSplat.exp
 0002:0000e922       $N00043                    1006c922     BugSplat.exp
 0002:0000eda0       .idata$6                   1006cda0     wininet:WININET.dll
 0002:0000ee04       .idata$6                   1006ce04     shlwapi:SHLWAPI.dll
 0002:0000f2a4       .idata$6                   1006d2a4     kernel32:KERNEL32.dll
 0002:0000f2fe       .idata$6                   1006d2fe     user32:USER32.dll
 0002:0000f3c4       .idata$6                   1006d3c4     advapi32:ADVAPI32.dll
 0002:0000f41c       .idata$6                   1006d41c     ole32:ole32.dll
 0002:0000f426       .idata$6                   1006d426     oleaut32:OLEAUT32.dll
 0002:0000f464       .idata$6                   1006d464     Rpcrt4:RPCRT4.dll
 0003:00000040       ?__vcrt_flsindex@@3KA      1006e040     libvcruntime:per_thread_data.obj
 0003:00000050       ?prefix@?1??getDimension@UnDecorator@@CA?AVDName@@_N@Z@4UStringLiteral@@A 1006e050     libvcruntime:undname.obj
 0003:00000070       ?errno_no_memory@@3HA      1006e070     libucrt:errno.obj
 0003:00000074       ?doserrno_no_memory@@3KA   1006e074     libucrt:errno.obj
 0003:00000130       ?__acrt_flsindex@@3KA      1006e130     libucrt:per_thread_data.obj
 0003:00000134       __ctype_loc_style          1006e134     libucrt:wsetlocale.obj
 0003:00000238       ?tzstd_program@@3PADA      1006e238     libucrt:timeset.obj
 0003:00000278       ?tzdst_program@@3PADA      1006e278     libucrt:timeset.obj
 0003:000002b8       ?w_tzstd_program@@3PA_WA   1006e2b8     libucrt:timeset.obj
 0003:00000338       ?w_tzdst_program@@3PA_WA   1006e338     libucrt:timeset.obj
 0003:000003b8       ?tzname_states@@3PAY01PADA 1006e3b8     libucrt:timeset.obj
 0003:000003c0       ?w_tzname_states@@3PAY01PA_WA 1006e3c0     libucrt:timeset.obj
 0003:000003c8       ?dststart@@3Utransitiondate@?A0x7639d0b4@@A 1006e3c8     libucrt:tzset.obj
 0003:000003d4       ?dstend@@3Utransitiondate@?A0x7639d0b4@@A 1006e3d4     libucrt:tzset.obj
 0003:00000600       __mbctypes                 1006e600     libucrt:mbctype.obj
 0003:00000708       __mbcasemaps               1006e708     libucrt:mbctype.obj
 0003:00000808       ?__rgctypeflag@@3PADA      1006e808     libucrt:mbctype.obj
 0003:00000810       ?__rgcode_page_info@@3PAUcode_page_info@@A 1006e810     libucrt:mbctype.obj
 0003:00000900       ?__DAZ_ENABLED@?1??__set_fpsr_sse2@@9@9 1006e900     libucrt:fpctrl.obj
 0003:00000a70       ?__dcrt_lowio_console_output_handle@@3PAXA 1006ea70     libucrt:initcon.obj
 0003:00000f10       ?dwBytes@?1??ResponseOfBytes@GenericHTTPClient@@QAEKPAEK@Z@4KA 1006ef10     GenericHTTPClient.obj
 0003:00000f18       ?szReturn@?1??GetContentType@GenericHTTPClient@@QAEPB_WPB_W@Z@4PA_WA 1006ef18     GenericHTTPClient.obj
 0003:00003760       ?crashReportFile@?1??createReport@MiniDumper@@QAEXPB_W@Z@4PA_WA 10071760     mdump.obj
 0003:00003968       ?crashReportFile@?1??createAsanReport@MiniDumper@@QAEXPBD@Z@4PA_WA 10071968     mdump.obj
 0003:00003b70       ?szMFA@?1??SendReportThreaded@MiniDumper@@SGIPAX@Z@4PA_WA 10071b70     mdump.obj
 0003:00003d78       ?szSendReport@?1??SendReportThreaded@MiniDumper@@SGIPAX@Z@4PA_WA 10071d78     mdump.obj
 0003:00003f80       ?szIniFile@?1??SendReportThreaded@MiniDumper@@SGIPAX@Z@4PA_WA 10071f80     mdump.obj
 0003:00004188       ?startupInfo@?1??SendReportThreaded@MiniDumper@@SGIPAX@Z@4U_STARTUPINFOW@@A 10072188     mdump.obj
 0003:000041cc       ?processInfo@?1??SendReportThreaded@MiniDumper@@SGIPAX@Z@4U_PROCESS_INFORMATION@@A 100721cc     mdump.obj
 0003:000041dc       ?strApp@?1??SendReportThreaded@MiniDumper@@SGIPAX@Z@4V?$CStringT@_WV?$StrTraitATL@_WV?$ChTraitsCRT@_W@ATL@@@ATL@@@ATL@@A 100721dc     mdump.obj
 0003:000041e0       ?$TSS0@?1??SendReportThreaded@MiniDumper@@SGIPAX@Z@4HA 100721e0     mdump.obj
 0003:000041e8       ?startupInfo@?1??LaunchHangDetection@MiniDumper@@QAEX_N@Z@4U_STARTUPINFOW@@A 100721e8     mdump.obj
 0003:0000422c       ?processInfo@?1??LaunchHangDetection@MiniDumper@@QAEX_N@Z@4U_PROCESS_INFORMATION@@A 1007222c     mdump.obj
 0003:000043dc       ?atlTraceUI@WTL@@3VCTraceCategory@ATL@@B 100723dc     StdAfx.obj
 0003:00004424       ?is_initialized_as_dll@@3_NA 10072424     LIBCMT:utility.obj
 0003:00004425       ?module_local_atexit_table_initialized@@3_NA 10072425     LIBCMT:utility.obj
 0003:00004428       ?module_local_atexit_table@@3U_onexit_table_t@@A 10072428     LIBCMT:utility.obj
 0003:00004434       ?module_local_at_quick_exit_table@@3U_onexit_table_t@@A 10072434     LIBCMT:utility.obj
 0003:00004440       ?g_tss_cv@@3U_RTL_CONDITION_VARIABLE@@A 10072440     LIBCMT:thread_safe_statics.obj
 0003:00004444       ?g_tss_event@@3PAXA        10072444     LIBCMT:thread_safe_statics.obj
 0003:00004448       ?g_tss_mutex@@3U_RTL_CRITICAL_SECTION@@A 10072448     LIBCMT:thread_safe_statics.obj
 0003:00004460       ?g_sleep_condition_variable_cs@@3P6GHPAU_RTL_CONDITION_VARIABLE@@PAU_RTL_CRITICAL_SECTION@@K@ZA 10072460     LIBCMT:thread_safe_statics.obj
 0003:00004464       ?g_wake_all_condition_variable@@3P6GXPAU_RTL_CONDITION_VARIABLE@@@ZA 10072464     LIBCMT:thread_safe_statics.obj
 0003:00004470       _GS_ExceptionRecord        10072470     LIBCMT:gs_report.obj
 0003:000044c0       _GS_ContextRecord          100724c0     LIBCMT:gs_report.obj
 0003:0000478c       ?__proc_attached@@3HA      1007278c     LIBCMT:dll_dllmain.obj
 0003:000047b4       ?__vcrt_startup_thread_ptd@@3U__vcrt_ptd@@A 100727b4     libvcruntime:per_thread_data.obj
 0003:000047e0       ___vcrt_lock_table         100727e0     libvcruntime:locks.obj
 0003:000047f8       ___vcrt_locks_initialized  100727f8     libvcruntime:locks.obj
 0003:00004824       ?heap@@3V_HeapManager@@A   10072824     libvcruntime:undname.obj
 0003:00004838       ?module_handles@@3PAPAUHINSTANCE__@@A 10072838     libvcruntime:winapi_downlevel.obj
 0003:00004844       ?function_pointers@@3PAPAXA 10072844     libvcruntime:winapi_downlevel.obj
 0003:00004858       ?__acrt_invalid_parameter_handler@@3V?$dual_state_global@P6AXPB_W00II@Z@__crt_state_management@@A 10072858     libucrt:invalid_parameter.obj
 0003:0000485c       ?c_termination_complete@@3JA 1007285c     libucrt:exit.obj
 0003:00004860       ?thread_local_exit_callback_func@@3P6GXPAXK0@ZA 10072860     libucrt:exit.obj
 0003:00004864       ?c_exit_complete@?1???R<lambda_6e4b09c48022b2350581041d5f6b0c4c>@@QBE@XZ@4_NA 10072864     libucrt:exit.obj
 0003:00004874       ?console_ctrl_handler_installed@@3_NA 10072874     libucrt:signal.obj
 0003:00004878       ?ctrlc_action@@3V?$dual_state_global@P6AXH@Z@__crt_state_management@@A 10072878     libucrt:signal.obj
 0003:0000487c       ?ctrlbreak_action@@3V?$dual_state_global@P6AXH@Z@__crt_state_management@@A 1007287c     libucrt:signal.obj
 0003:00004880       ?abort_action@@3V?$dual_state_global@P6AXH@Z@__crt_state_management@@A 10072880     libucrt:signal.obj
 0003:00004884       ?term_action@@3V?$dual_state_global@P6AXH@Z@__crt_state_management@@A 10072884     libucrt:signal.obj
 0003:00004888       ?__acrt_new_handler@@3V?$dual_state_global@P6AHI@Z@__crt_state_management@@A 10072888     libucrt:new_handler.obj
 0003:00004890       ?program_name@?1???$common_configure_argv@D@@YAHW4_crt_argv_mode@@@Z@4PADA 10072890     libucrt:argv_parsing.obj
 0003:00004998       ?program_name@?1???$common_configure_argv@_W@@YAHW4_crt_argv_mode@@@Z@4PA_WA 10072998     libucrt:argv_parsing.obj
 0003:00004bd4       ?internal_state@?1??_mbtowc_internal@@9@4U_Mbstatet@@A 10072bd4     libucrt:mbtowc.obj
 0003:00004bdc       ?enable_percent_n@@3IA     10072bdc     libucrt:printf_count_output.obj
 0003:00004df0       ?__acrt_lock_table@@3PAU_RTL_CRITICAL_SECTION@@A 10072df0     libucrt:locks.obj
 0003:00004f40       ?__acrt_locks_initialized@@3IA 10072f40     libucrt:locks.obj
 0003:00004f44       ?state_cache@?1???$get_cached_win_policy@Ubegin_thread_init_policy_properties@?1??__acrt_get_begin_thread_init_policy@@YA?AW4begin_thread_init_policy@@XZ@@@YA?AW4begin_thread_init_policy@@W4AppPolicyThreadInitializationType@@@Z@4JA 10072f44     libucrt:win_policies.obj
 0003:00004f48       ?state_cache@?1???$get_cached_win_policy@Udeveloper_information_policy_properties@?1??__acrt_get_developer_information_policy@@YA?AW4developer_information_policy@@XZ@@@YA?AW4developer_information_policy@@W4AppPolicyShowDeveloperDiagnostic@@@Z@4JA 10072f48     libucrt:win_policies.obj
 0003:00004f4c       ?state_cache@?1???$get_cached_win_policy@Uwindowing_model_policy_properties@?1??__acrt_get_windowing_model_policy@@YA?AW4windowing_model_policy@@XZ@@@YA?AW4windowing_model_policy@@W4AppPolicyWindowingModel@@@Z@4JA 10072f4c     libucrt:win_policies.obj
 0003:00004f50       ?module_handles@@3PAPAUHINSTANCE__@@A 10072f50     libucrt:winapi_thunks.obj
 0003:00004fa8       ?encoded_function_pointers@@3PAPAXA 10072fa8     libucrt:winapi_thunks.obj
 0003:00005034       ?static_enum_proc@?1??enum_system_locales_ex_nolock@@YAHQ6GHPA_WKJ@Z@Z@4P6GH0KJ@ZA 10073034     libucrt:winapi_thunks.obj
 0003:00005044       ?_tzname@@3V?$dual_state_global@PAPAD@__crt_state_management@@A 10073044     libucrt:timeset.obj
 0003:00005048       ?w_tzname@@3V?$dual_state_global@PAPA_W@__crt_state_management@@A 10073048     libucrt:timeset.obj
 0003:0000504c       ?last_wide_tz@@3PA_WA      1007304c     libucrt:tzset.obj
 0003:00005050       ?tz_api_used@@3HA          10073050     libucrt:tzset.obj
 0003:00005054       ?tzset_init_state@@3V?$dual_state_global@J@__crt_state_management@@A 10073054     libucrt:tzset.obj
 0003:00005058       ?tz_info@@3U_TIME_ZONE_INFORMATION@@A 10073058     libucrt:tzset.obj
 0003:00005110       ?fSystemSet@@3HA           10073110     libucrt:mbctype.obj
 0003:00005114       ?initialized@?1??__acrt_initialize_multibyte@@9@4_NA 10073114     libucrt:mbctype.obj
 0003:00005138       ?user_matherr@@3V?$dual_state_global@P6AHPAU_exception@@@Z@__crt_state_management@@A 10073138     libucrt:matherr.obj
 0003:00005144       ?__acrt_global_new_mode@@3V?$dual_state_global@J@__crt_state_management@@A 10073144     libucrt:new_mode.obj
 0003:00005148       ?mbst@?1??mbrlen@@9@4U_Mbstatet@@A 10073148     libucrt:mbrtowc.obj
 0003:00005150       ?mbst@?1??mbrtowc@@9@4U_Mbstatet@@A 10073150     libucrt:mbrtowc.obj
 0003:00005158       ?mbst@?1??_mbsrtowcs_helper@@YAIPA_WPAPBDIPAU_Mbstatet@@AAV__crt_cached_ptd_host@@@Z@4U2@A 10073158     libucrt:mbrtowc.obj
 0003:00005164       ?internal_pst@?1??__mbrtoc32_utf8@__crt_mbstring@@YAIPA_UPBDIPAU_Mbstatet@@AAV__crt_cached_ptd_host@@@Z@4U3@A 10073164     libucrt:mbrtoc32.obj
 0003:0000516c       ?__acrt_app_type@@3W4_crt_app_type@@A 1007316c     libucrt:report_runtime_error.obj
 0003:00005170       ?outmsg@?9??__acrt_report_runtime_error@@9@4PA_WA 10073170     libucrt:report_runtime_error.obj
 0003:000057a0       __pmatherr_set             100737a0     libucrt:libm_error.obj
 0003:000057a4       ___acrt_error_mode         100737a4     libucrt:set_error_mode.obj
 0004:00000120       $R000000                   10074120     BugSplatNative.res
 0004:00000478       $R000358                   10074478     BugSplatNative.res
 0004:000006b0       $R000590                   100746b0     BugSplatNative.res
 0004:00000ad0       $R0009B0                   10074ad0     BugSplatNative.res

 Exports

  ordinal    name

        1    ??0BugSplatImp@@QAE@XZ (public: __thiscall BugSplatImp::BugSplatImp(void))
        2    ??0MiniDmpSender@@QAE@ABV0@@Z (public: __thiscall MiniDmpSender::MiniDmpSender(class MiniDmpSender const &))
        3    ??0MiniDmpSender@@QAE@PB_W000K@Z (public: __thiscall MiniDmpSender::MiniDmpSender(wchar_t const *,wchar_t const *,wchar_t const *,wchar_t const *,unsigned long))
        4    ??1MiniDmpSender@@UAE@XZ (public: virtual __thiscall MiniDmpSender::~MiniDmpSender(void))
        5    ??4BugSplatImp@@QAEAAV0@$$QAV0@@Z (public: class BugSplatImp & __thiscall BugSplatImp::operator=(class BugSplatImp &&))
        6    ??4BugSplatImp@@QAEAAV0@ABV0@@Z (public: class BugSplatImp & __thiscall BugSplatImp::operator=(class BugSplatImp const &))
        7    ??4MiniDmpSender@@QAEAAV0@ABV0@@Z (public: class MiniDmpSender & __thiscall MiniDmpSender::operator=(class MiniDmpSender const &))
        8    ??_7MiniDmpSender@@6B@ (const MiniDmpSender::`vftable')
        9    ?CreateMiniDump@BugSplatImp@@QAEHPAUHINSTANCE__@@KPAXKPAU_EXCEPTION_POINTERS@@W4_BS_MINIDUMP_TYPE@MiniDmpSender@@PB_WPA_WK@Z (public: int __thiscall BugSplatImp::CreateMiniDump(struct HINSTANCE__ *,unsigned long,void *,unsigned long,struct _EXCEPTION_POINTERS *,enum MiniDmpSender::_BS_MINIDUMP_TYPE,wchar_t const *,wchar_t *,unsigned long))
       10    ?GetReducedGuid@BugSplatImp@@QAEXPA_WK@Z (public: void __thiscall BugSplatImp::GetReducedGuid(wchar_t *,unsigned long))
       11    ?ReduceGuidString@BugSplatImp@@QAEXPA_WK@Z (public: void __thiscall BugSplatImp::ReduceGuidString(wchar_t *,unsigned long))
       12    ?ResumeSuspendedThreads@BugSplatImp@@QAEXXZ (public: void __thiscall BugSplatImp::ResumeSuspendedThreads(void))
       13    ?SuspendAllThreadsInProcess@BugSplatImp@@QAEXPAX@Z (public: void __thiscall BugSplatImp::SuspendAllThreadsInProcess(void *))
       14    ?SuspendThreadsInCurrentProcess@BugSplatImp@@QAEXXZ (public: void __thiscall BugSplatImp::SuspendThreadsInCurrentProcess(void))
       15    ?createAsanReport@MiniDmpSender@@QAEXPBD@Z (public: void __thiscall MiniDmpSender::createAsanReport(char const *))
       16    ?createReport@MiniDmpSender@@QAEXPAU_EXCEPTION_POINTERS@@@Z (public: void __thiscall MiniDmpSender::createReport(struct _EXCEPTION_POINTERS *))
       17    ?createReport@MiniDmpSender@@QAEXPB_W@Z (public: void __thiscall MiniDmpSender::createReport(wchar_t const *))
       18    ?createReportAndExit@MiniDmpSender@@QAEXXZ (public: void __thiscall MiniDmpSender::createReportAndExit(void))
       19    ?disableNetworkAccess@MiniDmpSender@@QAE_N_N@Z (public: bool __thiscall MiniDmpSender::disableNetworkAccess(bool))
       20    ?enableExceptionFilter@MiniDmpSender@@QAE_N_N@Z (public: bool __thiscall MiniDmpSender::enableExceptionFilter(bool))
       21    ?getFlags@MiniDmpSender@@QBEKXZ (public: unsigned long __thiscall MiniDmpSender::getFlags(void)const )
       22    ?getMiniDumpType@MiniDmpSender@@QBE?AW4_BS_MINIDUMP_TYPE@1@XZ (public: enum MiniDmpSender::_BS_MINIDUMP_TYPE __thiscall MiniDmpSender::getMiniDumpType(void)const )
       23    ?getMinidumpPath@MiniDmpSender@@QAEXPA_WI@Z (public: void __thiscall MiniDmpSender::getMinidumpPath(wchar_t *,unsigned int))
       24    ?imp@MiniDmpSender@@QAEPAXXZ (public: void * __thiscall MiniDmpSender::imp(void))
       25    ?isExceptionFilterEnabled@MiniDmpSender@@QBE_NXZ (public: bool __thiscall MiniDmpSender::isExceptionFilterEnabled(void)const )
       26    ?isNetworkAccessDisabled@MiniDmpSender@@QBE_NXZ (public: bool __thiscall MiniDmpSender::isNetworkAccessDisabled(void)const )
       27    ?removeAdditionalFile@MiniDmpSender@@QAE_NPB_W@Z (public: bool __thiscall MiniDmpSender::removeAdditionalFile(wchar_t const *))
       28    ?resetAppIdentifier@MiniDmpSender@@QAEXPB_W@Z (public: void __thiscall MiniDmpSender::resetAppIdentifier(wchar_t const *))
       29    ?resetVersionString@MiniDmpSender@@QAEXPB_W@Z (public: void __thiscall MiniDmpSender::resetVersionString(wchar_t const *))
       30    ?sendAdditionalFile@MiniDmpSender@@QAEXPB_W@Z (public: void __thiscall MiniDmpSender::sendAdditionalFile(wchar_t const *))
       31    ?setCallback@MiniDmpSender@@QAEXP6A_NIPAX0@Z@Z (public: void __thiscall MiniDmpSender::setCallback(bool (__cdecl*)(unsigned int,void *,void *)))
       32    ?setDefaultUserDescription@MiniDmpSender@@QAEXPB_W@Z (public: void __thiscall MiniDmpSender::setDefaultUserDescription(wchar_t const *))
       33    ?setDefaultUserEmail@MiniDmpSender@@QAEXPB_W@Z (public: void __thiscall MiniDmpSender::setDefaultUserEmail(wchar_t const *))
       34    ?setDefaultUserName@MiniDmpSender@@QAEXPB_W@Z (public: void __thiscall MiniDmpSender::setDefaultUserName(wchar_t const *))
       35    ?setFlags@MiniDmpSender@@QAE_NK@Z (public: bool __thiscall MiniDmpSender::setFlags(unsigned long))
       36    ?setGuardByteBufferSize@MiniDmpSender@@QAEHH@Z (public: int __thiscall MiniDmpSender::setGuardByteBufferSize(int))
       37    ?setHangDetectionTimeout@MiniDmpSender@@QAEHH@Z (public: int __thiscall MiniDmpSender::setHangDetectionTimeout(int))
       38    ?setLogFilePath@MiniDmpSender@@QAEXPB_W@Z (public: void __thiscall MiniDmpSender::setLogFilePath(wchar_t const *))
       39    ?setMiniDumpType@MiniDmpSender@@QAEXW4_BS_MINIDUMP_TYPE@1@@Z (public: void __thiscall MiniDmpSender::setMiniDumpType(enum MiniDmpSender::_BS_MINIDUMP_TYPE))
       40    ?setNotes@MiniDmpSender@@QAEXPB_W@Z (public: void __thiscall MiniDmpSender::setNotes(wchar_t const *))
       41    ?setResourceDllPath@MiniDmpSender@@QAEXPB_W@Z (public: void __thiscall MiniDmpSender::setResourceDllPath(wchar_t const *))
       42    ?setUserZipPath@MiniDmpSender@@QAEXPB_W@Z (public: void __thiscall MiniDmpSender::setUserZipPath(wchar_t const *))
       43    ?unhandledExceptionHandler@MiniDmpSender@@QAEJPAU_EXCEPTION_POINTERS@@@Z (public: long __thiscall MiniDmpSender::unhandledExceptionHandler(struct _EXCEPTION_POINTERS *))
