 BugSplat64

 Timestamp is 59d3de0c (Tue Oct 03 18:59:24 2017)

 Preferred load address is 0000000180000000

 Start         Length     Name                   Class
 0001:00000000 00000158H .text$di                CODE
 0001:00000160 0003ab76H .text$mn                CODE
 0001:0003ace0 000010c6H .text$x                 CODE
 0001:0003bda8 000001bfH .text$yd                CODE
 0002:00000000 000004f0H .idata$5                DATA
 0002:000004f0 00000008H .CRT$XCA                DATA
 0002:000004f8 00000008H .CRT$XCL                DATA
 0002:00000500 00000038H .CRT$XCU                DATA
 0002:00000538 00000008H .CRT$XCZ                DATA
 0002:00000540 00000008H .CRT$XIA                DATA
 0002:00000548 00000020H .CRT$XIC                DATA
 0002:00000568 00000008H .CRT$XIZ                DATA
 0002:00000570 00000008H .CRT$XPA                DATA
 0002:00000578 00000010H .CRT$XPX                DATA
 0002:00000588 00000008H .CRT$XPXA               DATA
 0002:00000590 00000008H .CRT$XPZ                DATA
 0002:00000598 00000008H .CRT$XTA                DATA
 0002:000005a0 00000008H .CRT$XTZ                DATA
 0002:000005b0 0000b970H .rdata                  DATA
 0002:0000bf20 00000058H .rdata$debug            DATA
 0002:0000bf78 00001114H .rdata$r                DATA
 0002:0000d090 00000008H .rtc$IAA                DATA
 0002:0000d098 00000008H .rtc$IZZ                DATA
 0002:0000d0a0 00000008H .rtc$TAA                DATA
 0002:0000d0a8 00000008H .rtc$TZZ                DATA
 0002:0000d0b0 00005228H .xdata                  DATA
 0002:000122d8 00000484H .xdata$x                DATA
 0002:00012760 00000008H ATL$__a                 DATA
 0002:00012768 00000008H ATL$__z                 DATA
 0002:00012770 00000924H .edata                  DATA
 0002:00013094 000000a0H .idata$2                DATA
 0002:00013134 00000014H .idata$3                DATA
 0002:00013148 000004f0H .idata$4                DATA
 0002:00013638 00000ac8H .idata$6                DATA
 0003:00000000 00001a98H .data                   DATA
 0003:00001a98 000005f6H .data$r                 DATA
 0003:000020a0 00005010H .bss                    DATA
 0004:00000000 000036c0H .pdata                  DATA
 0005:00000000 00000118H .rsrc$01                DATA
 0005:00000120 00000af8H .rsrc$02                DATA

  Address         Publics by Value              Rva+Base               Lib:Object

 0000:00000000       ___safe_se_handler_table   0000000000000000     <absolute>
 0000:00000000       __guard_fids_count         0000000000000000     <absolute>
 0000:00000000       __guard_fids_table         0000000000000000     <absolute>
 0000:00000000       ___safe_se_handler_count   0000000000000000     <absolute>
 0000:00000000       __guard_flags              0000000000000000     <absolute>
 0000:00000000       __ImageBase                0000000180000000     <linker-defined>
 0001:00000160       ??0BugSplatImp@@QEAA@XZ    0000000180001160 f   BugSplatImp.obj
 0001:00000188       ??0CString@WTL@@QEAA@AEBV01@@Z 0000000180001188 f i BugSplatImp.obj
 0001:000001e0       ??0CString@WTL@@QEAA@PEB_W@Z 00000001800011e0 f i BugSplatImp.obj
 0001:00000268       ??0CString@WTL@@QEAA@XZ    0000000180001268 f i BugSplatImp.obj
 0001:00000278       ??0MiniDmpSender@@QEAA@AEBV0@@Z 0000000180001278 f i BugSplatImp.obj
 0001:00000290       ??1CString@WTL@@QEAA@XZ    0000000180001290 f i BugSplatImp.obj
 0001:000002bc       ??4BugSplatImp@@QEAAAEAV0@AEBV0@@Z 00000001800012bc f i BugSplatImp.obj
 0001:00000324       ??4CString@WTL@@QEAAAEAV01@AEBV01@@Z 0000000180001324 f i BugSplatImp.obj
 0001:000003a4       ??4CString@WTL@@QEAAAEAV01@PEB_W@Z 00000001800013a4 f i BugSplatImp.obj
 0001:000003e0       ??4MiniDmpSender@@QEAAAEAV0@AEBV0@@Z 00000001800013e0 f i BugSplatImp.obj
 0001:000003ec       ??ACString@WTL@@QEBA_WH@Z  00000001800013ec f i BugSplatImp.obj
 0001:000003f8       ??BCString@WTL@@QEBAPEB_WXZ 00000001800013f8 f i BugSplatImp.obj
 0001:000003fc       ??HWTL@@YA?AVCString@0@AEBV10@0@Z 00000001800013fc f i BugSplatImp.obj
 0001:00000450       ??YCString@WTL@@QEAAAEAV01@PEB_W@Z 0000000180001450 f i BugSplatImp.obj
 0001:0000048c       ??YCString@WTL@@QEAAAEAV01@_W@Z 000000018000148c f i BugSplatImp.obj
 0001:000004b4       ??_EMiniDmpSender@@UEAAPEAXI@Z 00000001800014b4 f i BugSplatImp.obj
 0001:00000520       ??_GMiniDmpSender@@UEAAPEAXI@Z 0000000180001520 f i BugSplatImp.obj
 0001:00000550       ?AllocBeforeWrite@CString@WTL@@IEAAHH@Z 0000000180001550 f i BugSplatImp.obj
 0001:000005b0       ?AllocBuffer@CString@WTL@@IEAAHH@Z 00000001800015b0 f i BugSplatImp.obj
 0001:0000063c       ?AllocCopy@CString@WTL@@IEBAHAEAV12@HHH@Z 000000018000163c f i BugSplatImp.obj
 0001:000006c0       ?AssignCopy@CString@WTL@@IEAAXHPEB_W@Z 00000001800016c0 f i BugSplatImp.obj
 0001:00000764       ?ConcatCopy@CString@WTL@@IEAAHHPEB_WH0@Z 0000000180001764 f i BugSplatImp.obj
 0001:000007f0       ?ConcatInPlace@CString@WTL@@IEAAXHPEB_W@Z 00000001800017f0 f i BugSplatImp.obj
 0001:0000089c       ?CopyBeforeWrite@CString@WTL@@IEAAXXZ 000000018000189c f i BugSplatImp.obj
 0001:0000090c       ?CreateMiniDump@BugSplatImp@@QEAAHPEAUHINSTANCE__@@KPEAXKPEAU_EXCEPTION_POINTERS@@PEB_WPEA_WK@Z 000000018000190c f   BugSplatImp.obj
 0001:00000ba8       ?Find@CString@WTL@@QEBAHPEB_W@Z 0000000180001ba8 f i BugSplatImp.obj
 0001:00000bd8       ?Find@CString@WTL@@QEBAHPEB_WH@Z 0000000180001bd8 f i BugSplatImp.obj
 0001:00000c14       ?GetBuffer@CString@WTL@@QEAAPEA_WH@Z 0000000180001c14 f i BugSplatImp.obj
 0001:00000c94       ?GetData@CString@WTL@@IEBAPEAUCStringData@2@XZ 0000000180001c94 f i BugSplatImp.obj
 0001:00000c9c       ?GetLength@CString@WTL@@QEBAHXZ 0000000180001c9c f i BugSplatImp.obj
 0001:00000ca4       ?GetReducedGuid@BugSplatImp@@QEAAXPEA_WK@Z 0000000180001ca4 f   BugSplatImp.obj
 0001:00000d80       ?GetResourceInstance@CAtlBaseModule@ATL@@QEAAPEAUHINSTANCE__@@XZ 0000000180001d80 f i BugSplatImp.obj
 0001:00000d88       ?Init@CString@WTL@@IEAAXXZ 0000000180001d88 f i BugSplatImp.obj
 0001:00000d94       ?Left@CString@WTL@@QEBA?AV12@H@Z 0000000180001d94 f i BugSplatImp.obj
 0001:00000df0       ?LoadStringW@CString@WTL@@QEAAHI@Z 0000000180001df0 f i BugSplatImp.obj
 0001:00000f04       ?MakeUpper@CString@WTL@@QEAAXXZ 0000000180001f04 f i BugSplatImp.obj
 0001:00000f24       ?Mid@CString@WTL@@QEBA?AV12@H@Z 0000000180001f24 f i BugSplatImp.obj
 0001:00000f4c       ?Mid@CString@WTL@@QEBA?AV12@HH@Z 0000000180001f4c f i BugSplatImp.obj
 0001:00000fc8       ?ReduceGuidString@BugSplatImp@@QEAAXPEA_WK@Z 0000000180001fc8 f   BugSplatImp.obj
 0001:0000138c       ?Release@CString@WTL@@IEAAXXZ 000000018000238c f i BugSplatImp.obj
 0001:000013c8       ?Release@CString@WTL@@KAXPEAUCStringData@2@@Z 00000001800023c8 f i BugSplatImp.obj
 0001:000013e8       ?ReleaseBuffer@CString@WTL@@QEAAXH@Z 00000001800023e8 f i BugSplatImp.obj
 0001:0000142c       ?ResumeSuspendedThreads@BugSplatImp@@QEAAXXZ 000000018000242c f   BugSplatImp.obj
 0001:0000148c       ?SafeStrlen@CString@WTL@@KAHPEB_W@Z 000000018000248c f i BugSplatImp.obj
 0001:000014a4       ?SuspendAllThreadsInProcess@BugSplatImp@@QEAAXPEAX@Z 00000001800024a4 f   BugSplatImp.obj
 0001:00001578       ?SuspendThreadsInCurrentProcess@BugSplatImp@@QEAAXXZ 0000000180002578 f   BugSplatImp.obj
 0001:0000166c       ?UINTtoWchar_t@@YA_WI@Z    000000018000266c f   BugSplatImp.obj
 0001:00001690       ?Wchar_tToUINT@@YAI_W@Z    0000000180002690 f   BugSplatImp.obj
 0001:000016c0       ?_GetEmptyString@CString@WTL@@KAAEBV12@XZ 00000001800026c0 f i BugSplatImp.obj
 0001:000016c8       ?_LoadString@CString@WTL@@KAHIPEA_WI@Z 00000001800026c8 f i BugSplatImp.obj
 0001:000016f8       ?_cstrstr@CString@WTL@@KAPEB_WPEB_W0@Z 00000001800026f8 f i BugSplatImp.obj
 0001:00001700       ?combine1_4@@YAIII@Z       0000000180002700 f   BugSplatImp.obj
 0001:0000170c       ?combine2_3@@YAIII@Z       000000018000270c f   BugSplatImp.obj
 0001:0000171c       ?combine3_2@@YAIII@Z       000000018000271c f   BugSplatImp.obj
 0001:0000172c       ?combine4_1@@YAIII@Z       000000018000272c f   BugSplatImp.obj
 0001:00001738       ?combineLast3@@YAII@Z      0000000180002738 f   BugSplatImp.obj
 0001:00001740       ?createReportAndExit@MiniDmpSender@@QEAAXXZ 0000000180002740 f i BugSplatImp.obj
 0001:00001774       ?data@CStringData@WTL@@QEAAPEA_WXZ 0000000180002774 f i BugSplatImp.obj
 0001:0000177c       ??$_Allocate@D@std@@YAPEAD_KPEAD@Z 000000018000277c f i mdump.obj
 0001:000017a4       ??$_Allocate@VCString@WTL@@@std@@YAPEAVCString@WTL@@_KPEAV12@@Z 00000001800027a4 f i mdump.obj
 0001:000017d8       ??$_Destroy_range@U?$_Wrap_alloc@V?$allocator@VCString@WTL@@@std@@@std@@@std@@YAXPEAVCString@WTL@@0AEAU?$_Wrap_alloc@V?$allocator@VCString@WTL@@@std@@@0@@Z 00000001800027d8 f i mdump.obj
 0001:00001824       ??$_Destroy_range@U?$_Wrap_alloc@V?$allocator@VCString@WTL@@@std@@@std@@@std@@YAXPEAVCString@WTL@@0AEAU?$_Wrap_alloc@V?$allocator@VCString@WTL@@@std@@@0@U_Nonscalar_ptr_iterator_tag@0@@Z 0000000180002824 f i mdump.obj
 0001:00001870       ??$_Ptr_cat@VCString@WTL@@V12@@std@@YA?AU_Nonscalar_ptr_iterator_tag@0@PEAVCString@WTL@@0@Z 0000000180002870 f i mdump.obj
 0001:00001878       ??$_Rechecked@PEAVCString@WTL@@PEAV12@@std@@YAAEAPEAVCString@WTL@@AEAPEAV12@PEAV12@@Z 0000000180002878 f i mdump.obj
 0001:00001880       ??$_Umove@PEAVCString@WTL@@@?$vector@VCString@WTL@@V?$allocator@VCString@WTL@@@std@@@std@@IEAAPEAVCString@WTL@@PEAV23@00@Z 0000000180002880 f i mdump.obj
 0001:000018b4       ??$_Unchecked@PEAVCString@WTL@@@std@@YAPEAVCString@WTL@@PEAV12@@Z 00000001800028b4 f i mdump.obj
 0001:000018b8       ??$_Uninit_move@PEAVCString@WTL@@PEAV12@U?$_Wrap_alloc@V?$allocator@VCString@WTL@@@std@@@std@@@std@@YAPEAVCString@WTL@@PEAV12@00AEAU?$_Wrap_alloc@V?$allocator@VCString@WTL@@@std@@@0@@Z 00000001800028b8 f i mdump.obj
 0001:000018d4       ??$_Uninit_move@PEAVCString@WTL@@PEAV12@V?$allocator@VCString@WTL@@@std@@V12@@std@@YAPEAVCString@WTL@@PEAV12@00AEAU?$_Wrap_alloc@V?$allocator@VCString@WTL@@@std@@@0@0U_Nonscalar_ptr_iterator_tag@0@@Z 00000001800028d4 f i mdump.obj
 0001:00001934       ??$_Uninitialized_move@PEAVCString@WTL@@PEAV12@U?$_Wrap_alloc@V?$allocator@VCString@WTL@@@std@@@std@@@std@@YAPEAVCString@WTL@@PEAV12@00AEAU?$_Wrap_alloc@V?$allocator@VCString@WTL@@@std@@@0@@Z 0000000180002934 f i mdump.obj
 0001:00001950       ??$_Val_type@PEAVCString@WTL@@@std@@YAPEAVCString@WTL@@PEAV12@@Z 0000000180002950 f i mdump.obj
 0001:00001954       ??$addressof@D@std@@YAPEADAEAD@Z 0000000180002954 f i mdump.obj
 0001:00001958       ??$addressof@VCString@WTL@@@std@@YAPEAVCString@WTL@@AEAV12@@Z 0000000180002958 f i mdump.obj
 0001:0000195c       ??$construct@PEADAEAPEAD@?$_Wrap_alloc@V?$allocator@D@std@@@std@@QEAAXPEAPEADAEAPEAD@Z 000000018000295c f i mdump.obj
 0001:00001968       ??$construct@PEADAEAPEAD@?$allocator@D@std@@QEAAXPEAPEADAEAPEAD@Z 0000000180002968 f i mdump.obj
 0001:00001974       ??$construct@PEADAEAPEAD@?$allocator_traits@V?$allocator@D@std@@@std@@SAXAEAV?$allocator@D@1@PEAPEADAEAPEAD@Z 0000000180002974 f i mdump.obj
 0001:00001980       ??$construct@VCString@WTL@@V12@@?$_Wrap_alloc@V?$allocator@VCString@WTL@@@std@@@std@@QEAAXPEAVCString@WTL@@$$QEAV23@@Z 0000000180002980 f i mdump.obj
 0001:00001988       ??$construct@VCString@WTL@@V12@@?$allocator@VCString@WTL@@@std@@QEAAXPEAVCString@WTL@@$$QEAV23@@Z 0000000180002988 f i mdump.obj
 0001:000019f8       ??$construct@VCString@WTL@@V12@@?$allocator_traits@V?$allocator@VCString@WTL@@@std@@@std@@SAXAEAV?$allocator@VCString@WTL@@@1@PEAVCString@WTL@@$$QEAV34@@Z 00000001800029f8 f i mdump.obj
 0001:00001a00       ??$destroy@PEAD@?$_Wrap_alloc@V?$allocator@D@std@@@std@@QEAAXPEAPEAD@Z 0000000180002a00 f i mdump.obj
 0001:00001a04       ??$destroy@PEAD@?$allocator@D@std@@QEAAXPEAPEAD@Z 0000000180002a04 f i mdump.obj
 0001:00001a08       ??$destroy@PEAD@?$allocator_traits@V?$allocator@D@std@@@std@@SAXAEAV?$allocator@D@1@PEAPEAD@Z 0000000180002a08 f i mdump.obj
 0001:00001a0c       ??$destroy@VCString@WTL@@@?$_Wrap_alloc@V?$allocator@VCString@WTL@@@std@@@std@@QEAAXPEAVCString@WTL@@@Z 0000000180002a0c f i mdump.obj
 0001:00001a38       ??$destroy@VCString@WTL@@@?$allocator@VCString@WTL@@@std@@QEAAXPEAVCString@WTL@@@Z 0000000180002a38 f i mdump.obj
 0001:00001a64       ??$destroy@VCString@WTL@@@?$allocator_traits@V?$allocator@VCString@WTL@@@std@@@std@@SAXAEAV?$allocator@VCString@WTL@@@1@PEAVCString@WTL@@@Z 0000000180002a64 f i mdump.obj
 0001:00001a90       ??$forward@AEAPEAD@std@@YAAEAPEADAEAPEAD@Z 0000000180002a90 f i mdump.obj
 0001:00001a94       ??$forward@VCString@WTL@@@std@@YA$$QEAVCString@WTL@@AEAV12@@Z 0000000180002a94 f i mdump.obj
 0001:00001a98       ??0?$_String_alloc@$0A@U?$_String_base_types@DV?$allocator@D@std@@@std@@@std@@QEAA@AEBV?$allocator@D@1@@Z 0000000180002a98 f i mdump.obj
 0001:00001aa8       ??0?$_String_val@U?$_Simple_types@D@std@@@std@@QEAA@XZ 0000000180002aa8 f i mdump.obj
 0001:00001ab8       ??0?$_Vector_alloc@$0A@U?$_Vec_base_types@VCString@WTL@@V?$allocator@VCString@WTL@@@std@@@std@@@std@@QEAA@AEBV?$allocator@VCString@WTL@@@1@@Z 0000000180002ab8 f i mdump.obj
 0001:00001acc       ??0?$_Vector_const_iterator@V?$_Vector_val@U?$_Simple_types@VCString@WTL@@@std@@@std@@@std@@QEAA@PEAVCString@WTL@@PEBU_Container_base0@1@@Z 0000000180002acc f i mdump.obj
 0001:00001ad4       ??0?$_Vector_iterator@V?$_Vector_val@U?$_Simple_types@VCString@WTL@@@std@@@std@@@std@@QEAA@PEAVCString@WTL@@PEBU_Container_base0@1@@Z 0000000180002ad4 f i mdump.obj
 0001:00001adc       ??0?$_Vector_val@U?$_Simple_types@VCString@WTL@@@std@@@std@@QEAA@XZ 0000000180002adc f i mdump.obj
 0001:00001af0       ??0?$_Wrap_alloc@V?$allocator@D@std@@@std@@QEAA@XZ 0000000180002af0 f i mdump.obj
 0001:00001af4       ??0?$_Wrap_alloc@V?$allocator@VCString@WTL@@@std@@@std@@QEAA@XZ 0000000180002af4 f i mdump.obj
 0001:00001af8       ??0?$allocator@D@std@@QEAA@XZ 0000000180002af8 f i mdump.obj
 0001:00001afc       ??0?$allocator@VCString@WTL@@@std@@QEAA@XZ 0000000180002afc f i mdump.obj
 0001:00001b00       ??0?$basic_string@DU?$char_traits@D@std@@V?$allocator@D@2@@std@@QEAA@PEBD@Z 0000000180002b00 f i mdump.obj
 0001:00001b48       ??0?$vector@VCString@WTL@@V?$allocator@VCString@WTL@@@std@@@std@@QEAA@XZ 0000000180002b48 f i mdump.obj
 0001:00001b5c       ??0DumpData@@QEAA@XZ       0000000180002b5c f i mdump.obj
 0001:00001b6c       ??0MiniDumper@@QEAA@XZ     0000000180002b6c f   mdump.obj
 0001:00001c34       ??0ResourceSwitch@@QEAA@PEB_W@Z 0000000180002c34 f i mdump.obj
 0001:00001c6c       ??0TotalUptimeAndCrashCalculator@@QEAA@PEB_W00@Z 0000000180002c6c f i mdump.obj
 0001:00001dd8       ??0_Generic_error_category@std@@QEAA@XZ 0000000180002dd8 f i mdump.obj
 0001:00001de8       ??0_Iostream_error_category@std@@QEAA@XZ 0000000180002de8 f i mdump.obj
 0001:00001df8       ??0_System_error_category@std@@QEAA@XZ 0000000180002df8 f i mdump.obj
 0001:00001e08       ??0_U_STRINGorID@ATL@@QEAA@PEB_W@Z 0000000180002e08 f i mdump.obj
 0001:00001e10       ??0error_category@std@@QEAA@XZ 0000000180002e10 f i mdump.obj
 0001:00001e20       ??0error_condition@std@@QEAA@HAEBVerror_category@1@@Z 0000000180002e20 f i mdump.obj
 0001:00001e2c       ??0id@locale@std@@QEAA@_K@Z 0000000180002e2c f i mdump.obj
 0001:00001e34       ??1?$basic_string@DU?$char_traits@D@std@@V?$allocator@D@2@@std@@QEAA@XZ 0000000180002e34 f i mdump.obj
 0001:00001e64       ??1?$vector@VCString@WTL@@V?$allocator@VCString@WTL@@@std@@@std@@QEAA@XZ 0000000180002e64 f i mdump.obj
 0001:00001e6c       ??1DumpData@@QEAA@XZ       0000000180002e6c f i mdump.obj
 0001:00001e9c       ??1MiniDumper@@UEAA@XZ     0000000180002e9c f   mdump.obj
 0001:000020e4       ??1ResourceSwitch@@QEAA@XZ 00000001800030e4 f i mdump.obj
 0001:000020fc       ??1TotalUptimeAndCrashCalculator@@QEAA@XZ 00000001800030fc f i mdump.obj
 0001:0000222c       ??1_Generic_error_category@std@@UEAA@XZ 000000018000322c f i mdump.obj
 0001:00002238       ??1_Iostream_error_category@std@@UEAA@XZ 0000000180003238 f i mdump.obj
 0001:00002244       ??1_System_error_category@std@@UEAA@XZ 0000000180003244 f i mdump.obj
 0001:00002250       ??1error_category@std@@UEAA@XZ 0000000180003250 f i mdump.obj
 0001:0000225c       ??2@YAPEAX_KPEAX@Z         000000018000325c f i mdump.obj
 0001:00002260       ??3@YAXPEAX0@Z             0000000180003260 f i mdump.obj
 0001:00002264       ??8error_category@std@@QEBA_NAEBV01@@Z 0000000180003264 f i mdump.obj
 0001:0000226c       ??8error_condition@std@@QEBA_NAEBV01@@Z 000000018000326c f i mdump.obj
 0001:00002288       ??C?$_Vector_iterator@V?$_Vector_val@U?$_Simple_types@VCString@WTL@@@std@@@std@@@std@@QEBAPEAVCString@WTL@@XZ 0000000180003288 f i mdump.obj
 0001:0000228c       ??D?$_Vector_const_iterator@V?$_Vector_val@U?$_Simple_types@VCString@WTL@@@std@@@std@@@std@@QEBAAEBVCString@WTL@@XZ 000000018000328c f i mdump.obj
 0001:00002290       ??D?$_Vector_iterator@V?$_Vector_val@U?$_Simple_types@VCString@WTL@@@std@@@std@@@std@@QEBAAEAVCString@WTL@@XZ 0000000180003290 f i mdump.obj
 0001:00002294       ??E?$_Vector_const_iterator@V?$_Vector_val@U?$_Simple_types@VCString@WTL@@@std@@@std@@@std@@QEAAAEAV01@XZ 0000000180003294 f i mdump.obj
 0001:0000229c       ??E?$_Vector_iterator@V?$_Vector_val@U?$_Simple_types@VCString@WTL@@@std@@@std@@@std@@QEAAAEAV01@XZ 000000018000329c f i mdump.obj
 0001:000022a4       ??M?$_Vector_const_iterator@V?$_Vector_val@U?$_Simple_types@VCString@WTL@@@std@@@std@@@std@@QEBA_NAEBV01@@Z 00000001800032a4 f i mdump.obj
 0001:000022b0       ??YCString@WTL@@QEAAAEAV01@AEBV01@@Z 00000001800032b0 f i mdump.obj
 0001:000022d0       ??_GCString@WTL@@QEAAPEAXI@Z 00000001800032d0 f i mdump.obj
 0001:00002320       ??_EMiniDumper@@UEAAPEAXI@Z 0000000180003320 f i mdump.obj
 0001:00002320       ??_GMiniDumper@@UEAAPEAXI@Z 0000000180003320 f i mdump.obj
 0001:00002350       ??_GTotalUptimeAndCrashCalculator@@QEAAPEAXI@Z 0000000180003350 f i mdump.obj
 0001:00002380       ??_G_Generic_error_category@std@@UEAAPEAXI@Z 0000000180003380 f i mdump.obj
 0001:00002380       ??_E_Generic_error_category@std@@UEAAPEAXI@Z 0000000180003380 f i mdump.obj
 0001:000023a8       ??_E_Iostream_error_category@std@@UEAAPEAXI@Z 00000001800033a8 f i mdump.obj
 0001:000023a8       ??_G_Iostream_error_category@std@@UEAAPEAXI@Z 00000001800033a8 f i mdump.obj
 0001:000023d0       ??_G_System_error_category@std@@UEAAPEAXI@Z 00000001800033d0 f i mdump.obj
 0001:000023d0       ??_E_System_error_category@std@@UEAAPEAXI@Z 00000001800033d0 f i mdump.obj
 0001:000023f8       ??_Gerror_category@std@@UEAAPEAXI@Z 00000001800033f8 f i mdump.obj
 0001:000023f8       ??_Eerror_category@std@@UEAAPEAXI@Z 00000001800033f8 f i mdump.obj
 0001:00002420       ?AllocGuardMemory@MiniDumper@@QEAA_NXZ 0000000180003420 f   mdump.obj
 0001:00002468       ?AtlMessageBox@WTL@@YAHPEAUHWND__@@V_U_STRINGorID@ATL@@1I@Z 0000000180003468 f i mdump.obj
 0001:0000261c       ?Compare@CString@WTL@@QEBAHPEB_W@Z 000000018000361c f i mdump.obj
 0001:00002624       ?CreateReportThreaded@MiniDumper@@SAIPEAX@Z 0000000180003624 f   mdump.obj
 0001:00002978       ?Delete@CString@WTL@@QEAAHHH@Z 0000000180003978 f i mdump.obj
 0001:00002a08       ?Delta@TotalUptimeAndCrashCalculator@@QEAA_JU_SYSTEMTIME@@0@Z 0000000180003a08 f i mdump.obj
 0001:00002a6c       ?ExceptionHandler@MiniDumper@@SAJPEAU_EXCEPTION_POINTERS@@K@Z 0000000180003a6c f   mdump.obj
 0001:00002dac       ?Format@CString@WTL@@QEAAHPEB_WZZ 0000000180003dac f i mdump.obj
 0001:00002dd0       ?FormatMessageW@CString@WTL@@QEAAHIZZ 0000000180003dd0 f i mdump.obj
 0001:00002eb0       ?FormatV@CString@WTL@@QEAAHPEB_WPEAD@Z 0000000180003eb0 f i mdump.obj
 0001:0000327c       ?FreeGuardMemory@MiniDumper@@QEAA_NXZ 000000018000427c f   mdump.obj
 0001:000032ac       ?GetMFA@MiniDumper@@SA_NPEAXPEA_WH@Z 00000001800042ac f   mdump.obj
 0001:000033f8       ?GetModuleInstance@CComModule@ATL@@QEAAPEAUHINSTANCE__@@XZ 00000001800043f8 f i mdump.obj
 0001:00003400       ?GetResourceInstance@CComModule@ATL@@QEAAPEAUHINSTANCE__@@XZ 0000000180004400 f i mdump.obj
 0001:00003408       ?IsEmpty@CString@WTL@@QEBAHXZ 0000000180004408 f i mdump.obj
 0001:00003414       ?LaunchHangDetection@MiniDumper@@QEAAXXZ 0000000180004414 f   mdump.obj
 0001:000035d4       ?MakeLower@CString@WTL@@QEAAXXZ 00000001800045d4 f i mdump.obj
 0001:000035f4       ?SendReportThreaded@MiniDumper@@SAIPEAX@Z 00000001800045f4 f   mdump.obj
 0001:00003b9c       ?SetResourceInstance@CAtlBaseModule@ATL@@QEAAPEAUHINSTANCE__@@PEAU3@@Z 0000000180004b9c f i mdump.obj
 0001:00003ba4       ?SetResourceInstance@CComModule@ATL@@QEAAPEAUHINSTANCE__@@PEAU3@@Z 0000000180004ba4 f i mdump.obj
 0001:00003bb0       ?TerminateHangDetection@MiniDumper@@QEAAXXZ 0000000180004bb0 f   mdump.obj
 0001:00003c08       ?TopLevelUnhandledExceptionFilter@MiniDumper@@SAJPEAU_EXCEPTION_POINTERS@@@Z 0000000180004c08 f   mdump.obj
 0001:00003c94       ?TrimLeft@CString@WTL@@QEAAXXZ 0000000180004c94 f i mdump.obj
 0001:00003d04       ?TrimRight@CString@WTL@@QEAAXXZ 0000000180004d04 f i mdump.obj
 0001:00003d88       ?_Adopt@_Iterator_base0@std@@QEAAXPEBX@Z 0000000180004d88 f i mdump.obj
 0001:00003d8c       ?_Compat@?$_Vector_const_iterator@V?$_Vector_val@U?$_Simple_types@VCString@WTL@@@std@@@std@@@std@@QEBAXAEBV12@@Z 0000000180004d8c f i mdump.obj
 0001:00003d90       ?_Copy@?$basic_string@DU?$char_traits@D@std@@V?$allocator@D@2@@std@@QEAAX_K0@Z 0000000180004d90 f i mdump.obj
 0001:00003e94       ?_Destroy@?$vector@VCString@WTL@@V?$allocator@VCString@WTL@@@std@@@std@@IEAAXPEAVCString@WTL@@0@Z 0000000180004e94 f i mdump.obj
 0001:00003ee0       ?_Eos@?$basic_string@DU?$char_traits@D@std@@V?$allocator@D@2@@std@@QEAAX_K@Z 0000000180004ee0 f i mdump.obj
 0001:00003ef4       ?_Getal@?$_String_alloc@$0A@U?$_String_base_types@DV?$allocator@D@std@@@std@@@std@@QEBA?AU?$_Wrap_alloc@V?$allocator@D@std@@@2@XZ 0000000180004ef4 f i mdump.obj
 0001:00003ef8       ?_Getal@?$_Vector_alloc@$0A@U?$_Vec_base_types@VCString@WTL@@V?$allocator@VCString@WTL@@@std@@@std@@@std@@QEBA?AU?$_Wrap_alloc@V?$allocator@VCString@WTL@@@std@@@2@XZ 0000000180004ef8 f i mdump.obj
 0001:00003efc       ?_Grow@?$basic_string@DU?$char_traits@D@std@@V?$allocator@D@2@@std@@QEAA_N_K_N@Z 0000000180004efc f i mdump.obj
 0001:00003fc8       ?_Grow_to@?$vector@VCString@WTL@@V?$allocator@VCString@WTL@@@std@@@std@@IEBA_K_K@Z 0000000180004fc8 f i mdump.obj
 0001:00004000       ?_Inside@?$basic_string@DU?$char_traits@D@std@@V?$allocator@D@2@@std@@QEAA_NPEBD@Z 0000000180005000 f i mdump.obj
 0001:00004040       ?_Inside@?$vector@VCString@WTL@@V?$allocator@VCString@WTL@@@std@@@std@@IEBA_NPEBVCString@WTL@@@Z 0000000180005040 f i mdump.obj
 0001:00004054       ?_Myptr@?$_String_val@U?$_Simple_types@D@std@@@std@@QEAAPEADXZ 0000000180005054 f i mdump.obj
 0001:00004064       ?_Myptr@?$_String_val@U?$_Simple_types@D@std@@@std@@QEBAPEBDXZ 0000000180005064 f i mdump.obj
 0001:00004074       ?_Orphan_all@_Container_base0@std@@QEAAXXZ 0000000180005074 f i mdump.obj
 0001:00004078       ?_Orphan_range@?$vector@VCString@WTL@@V?$allocator@VCString@WTL@@@std@@@std@@IEBAXPEAVCString@WTL@@0@Z 0000000180005078 f i mdump.obj
 0001:0000407c       ?_Reallocate@?$vector@VCString@WTL@@V?$allocator@VCString@WTL@@@std@@@std@@IEAAX_K@Z 000000018000507c f i mdump.obj
 0001:00004170       ?_Reserve@?$vector@VCString@WTL@@V?$allocator@VCString@WTL@@@std@@@std@@IEAAX_K@Z 0000000180005170 f i mdump.obj
 0001:000041e8       ?_Tidy@?$basic_string@DU?$char_traits@D@std@@V?$allocator@D@2@@std@@QEAAX_N_K@Z 00000001800051e8 f i mdump.obj
 0001:00004240       ?_Tidy@?$vector@VCString@WTL@@V?$allocator@VCString@WTL@@@std@@@std@@IEAAXXZ 0000000180005240 f i mdump.obj
 0001:000042b4       ?_Unused_capacity@?$vector@VCString@WTL@@V?$allocator@VCString@WTL@@@std@@@std@@QEBA_KXZ 00000001800052b4 f i mdump.obj
 0001:000042c4       ?_Xlen@?$basic_string@DU?$char_traits@D@std@@V?$allocator@D@2@@std@@QEBAXXZ 00000001800052c4 f i mdump.obj
 0001:000042d8       ?_Xlen@?$vector@VCString@WTL@@V?$allocator@VCString@WTL@@@std@@@std@@IEBAXXZ 00000001800052d8 f i mdump.obj
 0001:000042ec       ?_Xran@?$basic_string@DU?$char_traits@D@std@@V?$allocator@D@2@@std@@QEBAXXZ 00000001800052ec f i mdump.obj
 0001:00004300       ?_cstrcmp@CString@WTL@@KAHPEB_W0@Z 0000000180005300 f i mdump.obj
 0001:00004308       ?_cstrisdigit@CString@WTL@@KAH_W@Z 0000000180005308 f i mdump.obj
 0001:00004310       ?_cstrisspace@CString@WTL@@KAH_W@Z 0000000180005310 f i mdump.obj
 0001:00004318       ?_cstrtoi@CString@WTL@@KAHPEB_W@Z 0000000180005318 f i mdump.obj
 0001:00004320       ?allocate@?$_Wrap_alloc@V?$allocator@D@std@@@std@@QEAAPEAD_K@Z 0000000180005320 f i mdump.obj
 0001:0000434c       ?allocate@?$_Wrap_alloc@V?$allocator@VCString@WTL@@@std@@@std@@QEAAPEAVCString@WTL@@_K@Z 000000018000534c f i mdump.obj
 0001:00004384       ?allocate@?$allocator@D@std@@QEAAPEAD_K@Z 0000000180005384 f i mdump.obj
 0001:000043b0       ?allocate@?$allocator@VCString@WTL@@@std@@QEAAPEAVCString@WTL@@_K@Z 00000001800053b0 f i mdump.obj
 0001:000043e8       ?assign@?$basic_string@DU?$char_traits@D@std@@V?$allocator@D@2@@std@@QEAAAEAV12@AEBV12@_K1@Z 00000001800053e8 f i mdump.obj
 0001:000044d0       ?assign@?$basic_string@DU?$char_traits@D@std@@V?$allocator@D@2@@std@@QEAAAEAV12@PEBD@Z 00000001800054d0 f i mdump.obj
 0001:00004508       ?assign@?$basic_string@DU?$char_traits@D@std@@V?$allocator@D@2@@std@@QEAAAEAV12@PEBD_K@Z 0000000180005508 f i mdump.obj
 0001:000045cc       ?assign@?$char_traits@D@std@@SAXAEADAEBD@Z 00000001800055cc f i mdump.obj
 0001:000045d4       ?begin@?$vector@VCString@WTL@@V?$allocator@VCString@WTL@@@std@@@std@@QEAA?AV?$_Vector_iterator@V?$_Vector_val@U?$_Simple_types@VCString@WTL@@@std@@@std@@@2@XZ 00000001800055d4 f i mdump.obj
 0001:000045e0       ?bugsplatMessage@MiniDumper@@SAIPEB_WII@Z 00000001800055e0 f   mdump.obj
 0001:00004624       ?capacity@?$vector@VCString@WTL@@V?$allocator@VCString@WTL@@@std@@@std@@QEBA_KXZ 0000000180005624 f i mdump.obj
 0001:00004630       ?capture@TotalUptimeAndCrashCalculator@@QEAAX_N@Z 0000000180005630 f i mdump.obj
 0001:00004858       ?category@error_code@std@@QEBAAEBVerror_category@2@XZ 0000000180005858 f i mdump.obj
 0001:00004860       ?category@error_condition@std@@QEBAAEBVerror_category@2@XZ 0000000180005860 f i mdump.obj
 0001:00004868       ?copy@?$char_traits@D@std@@SAPEADPEADPEBD_K@Z 0000000180005868 f i mdump.obj
 0001:00004884       ?createReport@MiniDumper@@QEAAXK@Z 0000000180005884 f   mdump.obj
 0001:000048ac       ?createReport@MiniDumper@@QEAAXPEAU_EXCEPTION_POINTERS@@@Z 00000001800058ac f   mdump.obj
 0001:000048d4       ?createReport@MiniDumper@@QEAAXPEB_W@Z 00000001800058d4 f   mdump.obj
 0001:00004928       ?deallocate@?$_Wrap_alloc@V?$allocator@D@std@@@std@@QEAAXPEAD_K@Z 0000000180005928 f i mdump.obj
 0001:00004930       ?deallocate@?$_Wrap_alloc@V?$allocator@VCString@WTL@@@std@@@std@@QEAAXPEAVCString@WTL@@_K@Z 0000000180005930 f i mdump.obj
 0001:00004938       ?deallocate@?$allocator@D@std@@QEAAXPEAD_K@Z 0000000180005938 f i mdump.obj
 0001:00004940       ?deallocate@?$allocator@VCString@WTL@@@std@@QEAAXPEAVCString@WTL@@_K@Z 0000000180005940 f i mdump.obj
 0001:00004948       ?debugMode@@YA_NXZ         0000000180005948 f   mdump.obj
 0001:000049f4       ?default_error_condition@_System_error_category@std@@UEBA?AVerror_condition@2@H@Z 00000001800059f4 f i mdump.obj
 0001:00004a34       ?default_error_condition@error_category@std@@UEBA?AVerror_condition@2@H@Z 0000000180005a34 f i mdump.obj
 0001:00004a40       ?eatException@@YA_NK@Z     0000000180005a40 f i mdump.obj
 0001:00004aa0       ?enableExceptionFilter@MiniDumper@@QEAA_N_N@Z 0000000180005aa0 f   mdump.obj
 0001:00004ab8       ?enableFullMemoryDumpAndExit@MiniDumper@@QEAA_N_N@Z 0000000180005ab8 f   mdump.obj
 0001:00004ac4       ?end@?$vector@VCString@WTL@@V?$allocator@VCString@WTL@@@std@@@std@@QEAA?AV?$_Vector_iterator@V?$_Vector_val@U?$_Simple_types@VCString@WTL@@@std@@@std@@@2@XZ 0000000180005ac4 f i mdump.obj
 0001:00004ad0       ?equivalent@error_category@std@@UEBA_NAEBVerror_code@2@H@Z 0000000180005ad0 f i mdump.obj
 0001:00004ae4       ?equivalent@error_category@std@@UEBA_NHAEBVerror_condition@2@@Z 0000000180005ae4 f i mdump.obj
 0001:00004b1c       ?erase@?$basic_string@DU?$char_traits@D@std@@V?$allocator@D@2@@std@@QEAAAEAV12@_K0@Z 0000000180005b1c f i mdump.obj
 0001:00004bb8       ?erase@?$basic_string@DU?$char_traits@D@std@@V?$allocator@D@2@@std@@QEAAAEAV12@_K@Z 0000000180005bb8 f i mdump.obj
 0001:00004bf0       ?fileVersionInfo@@YA_NPEA_WAEAK1@Z 0000000180005bf0 f   mdump.obj
 0001:00004c90       ?foundResources@ResourceSwitch@@QEAA_NXZ 0000000180005c90 f i mdump.obj
 0001:00004c9c       ?generic_category@std@@YAAEBVerror_category@1@XZ 0000000180005c9c f i mdump.obj
 0001:00004ca4       ?getFlags@MiniDumper@@QEBAKXZ 0000000180005ca4 f i mdump.obj
 0001:00004cac       ?getMiniDumpType@MiniDumper@@QEBA?AW4_BS_MINIDUMP_TYPE@MiniDmpSender@@XZ 0000000180005cac f   mdump.obj
 0001:00004cb4       ?getRegistryBase@@YAXAEAVCString@WTL@@@Z 0000000180005cb4 f   mdump.obj
 0001:00004ce0       ?getRegistryRoot@@YAXAEAVCString@WTL@@PEB_W11@Z 0000000180005ce0 f   mdump.obj
 0001:00004d5c       ?initExceptionHandler@MiniDumper@@QEAAXPEB_W000K@Z 0000000180005d5c f   mdump.obj
 0001:00005070       ?invalid_parameter_handler@@YAXPEB_W00I_K@Z 0000000180006070 f i mdump.obj
 0001:0000507c       ?isExceptionFilterEnabled@MiniDumper@@QEBA_NXZ 000000018000607c f   mdump.obj
 0001:00005084       ?isFullMemoryDumpAndExitEnabled@MiniDumper@@QEBA_NXZ 0000000180006084 f   mdump.obj
 0001:0000508c       ?length@?$char_traits@D@std@@SA_KPEBD@Z 000000018000608c f i mdump.obj
 0001:000050a0       ?logOutput@@YAXIPEB_W_N@Z  00000001800060a0 f   mdump.obj
 0001:00005310       ?max_size@?$_Wrap_alloc@V?$allocator@D@std@@@std@@QEBA_KXZ 0000000180006310 f i mdump.obj
 0001:00005318       ?max_size@?$_Wrap_alloc@V?$allocator@VCString@WTL@@@std@@@std@@QEBA_KXZ 0000000180006318 f i mdump.obj
 0001:00005324       ?max_size@?$allocator@D@std@@QEBA_KXZ 0000000180006324 f i mdump.obj
 0001:0000532c       ?max_size@?$allocator@VCString@WTL@@@std@@QEBA_KXZ 000000018000632c f i mdump.obj
 0001:00005338       ?max_size@?$allocator_traits@V?$allocator@D@std@@@std@@SA_KAEBV?$allocator@D@2@@Z 0000000180006338 f i mdump.obj
 0001:00005340       ?max_size@?$allocator_traits@V?$allocator@VCString@WTL@@@std@@@std@@SA_KAEBV?$allocator@VCString@WTL@@@2@@Z 0000000180006340 f i mdump.obj
 0001:0000534c       ?max_size@?$basic_string@DU?$char_traits@D@std@@V?$allocator@D@2@@std@@QEBA_KXZ 000000018000634c f i mdump.obj
 0001:00005354       ?max_size@?$vector@VCString@WTL@@V?$allocator@VCString@WTL@@@std@@@std@@QEBA_KXZ 0000000180006354 f i mdump.obj
 0001:00005360       ?message@_Generic_error_category@std@@UEBA?AV?$basic_string@DU?$char_traits@D@std@@V?$allocator@D@2@@2@H@Z 0000000180006360 f i mdump.obj
 0001:000053cc       ?message@_Iostream_error_category@std@@UEBA?AV?$basic_string@DU?$char_traits@D@std@@V?$allocator@D@2@@2@H@Z 00000001800063cc f i mdump.obj
 0001:00005420       ?message@_System_error_category@std@@UEBA?AV?$basic_string@DU?$char_traits@D@std@@V?$allocator@D@2@@2@H@Z 0000000180006420 f i mdump.obj
 0001:0000548c       ?move@?$char_traits@D@std@@SAPEADPEADPEBD_K@Z 000000018000648c f i mdump.obj
 0001:000054a8       ?name@_Generic_error_category@std@@UEBAPEBDXZ 00000001800064a8 f i mdump.obj
 0001:000054b0       ?name@_Iostream_error_category@std@@UEBAPEBDXZ 00000001800064b0 f i mdump.obj
 0001:000054b8       ?name@_System_error_category@std@@UEBAPEBDXZ 00000001800064b8 f i mdump.obj
 0001:000054c0       ?pointer_to@?$pointer_traits@PEAVCString@WTL@@@std@@SAPEAVCString@WTL@@AEAV34@@Z 00000001800064c0 f i mdump.obj
 0001:000054c4       ?push_back@?$vector@VCString@WTL@@V?$allocator@VCString@WTL@@@std@@@std@@QEAAX$$QEAVCString@WTL@@@Z 00000001800064c4 f i mdump.obj
 0001:00005534       ?removeAdditionalFile@MiniDumper@@QEAA_NPEB_W@Z 0000000180006534 f   mdump.obj
 0001:000055a0       ?resetDescriptionString@MiniDumper@@QEAAXPEB_W@Z 00000001800065a0 f   mdump.obj
 0001:000055d8       ?resetVersionString@MiniDumper@@QEAAXPEB_W@Z 00000001800065d8 f   mdump.obj
 0001:00005610       ?sendAdditionalFile@MiniDumper@@QEAAXPEB_W@Z 0000000180006610 f   mdump.obj
 0001:00005660       ?setCallback@MiniDumper@@QEAAXP6A_NIPEAX0@Z@Z 0000000180006660 f   mdump.obj
 0001:00005668       ?setDefaultUserDescription@MiniDumper@@QEAAXPEB_W@Z 0000000180006668 f   mdump.obj
 0001:000056a0       ?setDefaultUserEmail@MiniDumper@@QEAAXPEB_W@Z 00000001800066a0 f   mdump.obj
 0001:000056d8       ?setDefaultUserName@MiniDumper@@QEAAXPEB_W@Z 00000001800066d8 f   mdump.obj
 0001:00005710       ?setFlags@MiniDumper@@QEAA_NK@Z 0000000180006710 f   mdump.obj
 0001:0000575c       ?setMiniDumpType@MiniDumper@@QEAAXW4_BS_MINIDUMP_TYPE@MiniDmpSender@@@Z 000000018000675c f   mdump.obj
 0001:00005764       ?setResourceDllPath@MiniDumper@@QEAAXPEB_W@Z 0000000180006764 f   mdump.obj
 0001:0000579c       ?setUserZipPath@MiniDumper@@QEAAXPEB_W@Z 000000018000679c f   mdump.obj
 0001:000057d4       ?signal_handler@@YAXH@Z    00000001800067d4 f i mdump.obj
 0001:000057e0       ?size@?$basic_string@DU?$char_traits@D@std@@V?$allocator@D@2@@std@@QEBA_KXZ 00000001800067e0 f i mdump.obj
 0001:000057e8       ?size@?$vector@VCString@WTL@@V?$allocator@VCString@WTL@@@std@@@std@@QEBA_KXZ 00000001800067e8 f i mdump.obj
 0001:000057f4       ?system_category@std@@YAAEBVerror_category@1@XZ 00000001800067f4 f i mdump.obj
 0001:000057fc       ?terminator@@YAXXZ         00000001800067fc f i mdump.obj
 0001:00005808       ?value@error_code@std@@QEBAHXZ 0000000180006808 f i mdump.obj
 0001:0000580c       ?value@error_condition@std@@QEBAHXZ 000000018000680c f i mdump.obj
 0001:00005810       ?wcsrchr@@YAPEA_WPEA_W_W@Z 0000000180006810 f i mdump.obj
 0001:00005818       hypot                      0000000180006818 f i mdump.obj
 0001:00005830       ??0MiniDmpSender@@QEAA@PEB_W000K@Z 0000000180006830 f   sbSender.obj
 0001:000058c8       ??1MiniDmpSender@@UEAA@XZ  00000001800068c8 f   sbSender.obj
 0001:000058fc       ?createReport@MiniDmpSender@@QEAAXPEAU_EXCEPTION_POINTERS@@@Z 00000001800068fc f   sbSender.obj
 0001:00005908       ?createReport@MiniDmpSender@@QEAAXPEB_W@Z 0000000180006908 f   sbSender.obj
 0001:00005914       ?createReport@MiniDmpSender@@QEAAXXZ 0000000180006914 f   sbSender.obj
 0001:00005920       ?enableExceptionFilter@MiniDmpSender@@QEAA_N_N@Z 0000000180006920 f   sbSender.obj
 0001:0000592c       ?enableFullMemoryDumpAndExit@MiniDmpSender@@QEAA_N_N@Z 000000018000692c f   sbSender.obj
 0001:00005938       ?getFlags@MiniDmpSender@@QEBAKXZ 0000000180006938 f   sbSender.obj
 0001:00005944       ?getMiniDumpType@MiniDmpSender@@QEBA?AW4_BS_MINIDUMP_TYPE@1@XZ 0000000180006944 f   sbSender.obj
 0001:00005950       ?getMinidumpPath@MiniDmpSender@@QEAAXPEA_W_K@Z 0000000180006950 f   sbSender.obj
 0001:00005970       ?imp@MiniDmpSender@@QEAAPEAXXZ 0000000180006970 f   sbSender.obj
 0001:00005978       ?imp@MiniDumper@@QEAAPEAXXZ 0000000180006978 f i sbSender.obj
 0001:00005980       ?isExceptionFilterEnabled@MiniDmpSender@@QEBA_NXZ 0000000180006980 f   sbSender.obj
 0001:0000598c       ?isFullMemoryDumpAndExitEnabled@MiniDmpSender@@QEBA_NXZ 000000018000698c f   sbSender.obj
 0001:00005998       ?removeAdditionalFile@MiniDmpSender@@QEAA_NPEB_W@Z 0000000180006998 f   sbSender.obj
 0001:000059a4       ?resetAppIdentifier@MiniDmpSender@@QEAAXPEB_W@Z 00000001800069a4 f   sbSender.obj
 0001:000059b0       ?resetVersionString@MiniDmpSender@@QEAAXPEB_W@Z 00000001800069b0 f   sbSender.obj
 0001:000059bc       ?sendAdditionalFile@MiniDmpSender@@QEAAXPEB_W@Z 00000001800069bc f   sbSender.obj
 0001:000059c8       ?setCallback@MiniDmpSender@@QEAAXP6A_NIPEAX0@Z@Z 00000001800069c8 f   sbSender.obj
 0001:000059d4       ?setDefaultUserDescription@MiniDmpSender@@QEAAXPEB_W@Z 00000001800069d4 f   sbSender.obj
 0001:000059e0       ?setDefaultUserEmail@MiniDmpSender@@QEAAXPEB_W@Z 00000001800069e0 f   sbSender.obj
 0001:000059ec       ?setDefaultUserName@MiniDmpSender@@QEAAXPEB_W@Z 00000001800069ec f   sbSender.obj
 0001:000059f8       ?setFlags@MiniDmpSender@@QEAA_NK@Z 00000001800069f8 f   sbSender.obj
 0001:00005a04       ?setMiniDumpType@MiniDmpSender@@QEAAXW4_BS_MINIDUMP_TYPE@1@@Z 0000000180006a04 f   sbSender.obj
 0001:00005a10       ?setResourceDllPath@MiniDmpSender@@QEAAXPEB_W@Z 0000000180006a10 f   sbSender.obj
 0001:00005a1c       ?setUserZipPath@MiniDmpSender@@QEAAXPEB_W@Z 0000000180006a1c f   sbSender.obj
 0001:00005a28       ?unhandledExceptionHandler@MiniDmpSender@@QEAAJPEAU_EXCEPTION_POINTERS@@@Z 0000000180006a28 f   sbSender.obj
 0001:00005a30       ??$?2PEA_W@?$Wrapper@PEA_W@?$CSimpleMap@PEA_WPEA_WVCExpansionVectorEqualHelper@ATL@@@ATL@@SAPEAX_KPEAPEA_W@Z 0000000180006a30 f i sbSenderApp.obj
 0001:00005a34       ??$?3PEA_W@?$Wrapper@PEA_W@?$CSimpleMap@PEA_WPEA_WVCExpansionVectorEqualHelper@ATL@@@ATL@@SAXPEAXPEAPEA_W@Z 0000000180006a34 f i sbSenderApp.obj
 0001:00005a38       ??$AtlMultiply@K@ATL@@YAJPEAKKK@Z 0000000180006a38 f i sbSenderApp.obj
 0001:00005a58       ??$AtlMultiply@_K@ATL@@YAJPEA_K_K1@Z 0000000180006a58 f i sbSenderApp.obj
 0001:00005a84       ??$AtlMultiplyThrow@_K@ATL@@YA_K_K0@Z 0000000180006a84 f i sbSenderApp.obj
 0001:00005ab8       ??0?$CAtlModuleT@VCComModule@ATL@@@ATL@@QEAA@XZ 0000000180006ab8 f i sbSenderApp.obj
 0001:00005ad0       ??0?$CAtlSafeAllocBufferManager@VCCRTAllocator@ATL@@@_ATL_SAFE_ALLOCA_IMPL@ATL@@QEAA@XZ 0000000180006ad0 f i sbSenderApp.obj
 0001:00005ad8       ??0?$CAutoVectorPtr@_W@ATL@@QEAA@XZ 0000000180006ad8 f i sbSenderApp.obj
 0001:00005ae0       ??0?$CComCritSecLock@VCComCriticalSection@ATL@@@ATL@@QEAA@AEAVCComCriticalSection@1@_N@Z 0000000180006ae0 f i sbSenderApp.obj
 0001:00005b0c       ??0?$CSimpleMap@KPEAVCMessageLoop@WTL@@V?$CSimpleMapEqualHelper@KPEAVCMessageLoop@WTL@@@ATL@@@ATL@@QEAA@XZ 0000000180006b0c f i sbSenderApp.obj
 0001:00005b1c       ??0?$CSimpleMap@PEA_WPEA_WVCExpansionVectorEqualHelper@ATL@@@ATL@@QEAA@XZ 0000000180006b1c f i sbSenderApp.obj
 0001:00005b2c       ??0?$CTempBuffer@E$0BAA@VCCRTAllocator@ATL@@@ATL@@QEAA@XZ 0000000180006b2c f i sbSenderApp.obj
 0001:00005b34       ??0?$CTempBuffer@_W$0BAA@VCCRTAllocator@ATL@@@ATL@@QEAA@XZ 0000000180006b34 f i sbSenderApp.obj
 0001:00005b3c       ??0?$CTempBuffer@_W$0EAA@VCCRTAllocator@ATL@@@ATL@@QEAA@XZ 0000000180006b3c f i sbSenderApp.obj
 0001:00005b44       ??0?$Wrapper@PEA_W@?$CSimpleMap@PEA_WPEA_WVCExpansionVectorEqualHelper@ATL@@@ATL@@QEAA@AEBQEA_W@Z 0000000180006b44 f i sbSenderApp.obj
 0001:00005b50       ??0CAppModule@WTL@@QEAA@XZ 0000000180006b50 f i sbSenderApp.obj
 0001:00005b78       ??0CAtlComModule@ATL@@QEAA@XZ 0000000180006b78 f i sbSenderApp.obj
 0001:00005c00       ??0CAtlException@ATL@@QEAA@J@Z 0000000180006c00 f i sbSenderApp.obj
 0001:00005c08       ??0CAtlModule@ATL@@QEAA@XZ 0000000180006c08 f i sbSenderApp.obj
 0001:00005c84       ??0CComAutoDeleteCriticalSection@ATL@@QEAA@XZ 0000000180006c84 f i sbSenderApp.obj
 0001:00005ca8       ??0CComCriticalSection@ATL@@QEAA@XZ 0000000180006ca8 f i sbSenderApp.obj
 0001:00005cc8       ??0CComModule@ATL@@QEAA@XZ 0000000180006cc8 f i sbSenderApp.obj
 0001:00005cf0       ??0CComSafeDeleteCriticalSection@ATL@@QEAA@XZ 0000000180006cf0 f i sbSenderApp.obj
 0001:00005d14       ??0CExpansionVector@ATL@@QEAA@XZ 0000000180006d14 f i sbSenderApp.obj
 0001:00005d24       ??0CParseBuffer@CRegParser@ATL@@QEAA@H@Z 0000000180006d24 f i sbSenderApp.obj
 0001:00005d78       ??0CRegKey@ATL@@QEAA@PEAVCAtlTransactionManager@1@@Z 0000000180006d78 f i sbSenderApp.obj
 0001:00005d88       ??0CRegObject@ATL@@QEAA@XZ 0000000180006d88 f i sbSenderApp.obj
 0001:00005dd0       ??0CRegParser@ATL@@QEAA@PEAVCRegObject@1@@Z 0000000180006dd0 f i sbSenderApp.obj
 0001:00005ddc       ??0CStaticDataInitCriticalSectionLock@WTL@@QEAA@XZ 0000000180006ddc f i sbSenderApp.obj
 0001:00005df4       ??0IRegistrarBase@@QEAA@XZ 0000000180006df4 f i sbSenderApp.obj
 0001:00005df8       ??0IUnknown@@QEAA@XZ       0000000180006df8 f i sbSenderApp.obj
 0001:00005dfc       ??0_ATL_COM_MODULE70@ATL@@QEAA@XZ 0000000180006dfc f i sbSenderApp.obj
 0001:00005e20       ??0_ATL_MODULE70@ATL@@QEAA@XZ 0000000180006e20 f i sbSenderApp.obj
 0001:00005e44       ??1?$CAtlModuleT@VCComModule@ATL@@@ATL@@UEAA@XZ 0000000180006e44 f i sbSenderApp.obj
 0001:00005e98       ??1?$CAtlSafeAllocBufferManager@VCCRTAllocator@ATL@@@_ATL_SAFE_ALLOCA_IMPL@ATL@@QEAA@XZ 0000000180006e98 f i sbSenderApp.obj
 0001:00005ec4       ??1?$CAutoVectorPtr@_W@ATL@@QEAA@XZ 0000000180006ec4 f i sbSenderApp.obj
 0001:00005ee0       ??1?$CComCritSecLock@VCComCriticalSection@ATL@@@ATL@@QEAA@XZ 0000000180006ee0 f i sbSenderApp.obj
 0001:00005f04       ??1?$CSimpleArray@PEAUHWND__@@V?$CSimpleArrayEqualHelper@PEAUHWND__@@@ATL@@@ATL@@QEAA@XZ 0000000180006f04 f i sbSenderApp.obj
 0001:00005f2c       ??1?$CSimpleMap@KPEAVCMessageLoop@WTL@@V?$CSimpleMapEqualHelper@KPEAVCMessageLoop@WTL@@@ATL@@@ATL@@QEAA@XZ 0000000180006f2c f i sbSenderApp.obj
 0001:00005f64       ??1?$CSimpleMap@PEA_WPEA_WVCExpansionVectorEqualHelper@ATL@@@ATL@@QEAA@XZ 0000000180006f64 f i sbSenderApp.obj
 0001:00005f9c       ??1?$CTempBuffer@E$0BAA@VCCRTAllocator@ATL@@@ATL@@QEAA@XZ 0000000180006f9c f i sbSenderApp.obj
 0001:00005fb4       ??1?$CTempBuffer@_W$0BAA@VCCRTAllocator@ATL@@@ATL@@QEAA@XZ 0000000180006fb4 f i sbSenderApp.obj
 0001:00005fcc       ??1?$CTempBuffer@_W$0EAA@VCCRTAllocator@ATL@@@ATL@@QEAA@XZ 0000000180006fcc f i sbSenderApp.obj
 0001:00005fe4       ??1CAppModule@WTL@@UEAA@XZ 0000000180006fe4 f i sbSenderApp.obj
 0001:00006040       ??1CAtlComModule@ATL@@QEAA@XZ 0000000180007040 f i sbSenderApp.obj
 0001:00006048       ??1CAtlModule@ATL@@UEAA@XZ 0000000180007048 f i sbSenderApp.obj
 0001:0000609c       ??1CComAutoDeleteCriticalSection@ATL@@QEAA@XZ 000000018000709c f i sbSenderApp.obj
 0001:000060b8       ??1CComCriticalSection@ATL@@QEAA@XZ 00000001800070b8 f i sbSenderApp.obj
 0001:000060bc       ??1CComModule@ATL@@UEAA@XZ 00000001800070bc f i sbSenderApp.obj
 0001:00006118       ??1CComSafeDeleteCriticalSection@ATL@@QEAA@XZ 0000000180007118 f i sbSenderApp.obj
 0001:00006134       ??1CExpansionVector@ATL@@QEAA@XZ 0000000180007134 f i sbSenderApp.obj
 0001:00006180       ??1CParseBuffer@CRegParser@ATL@@QEAA@XZ 0000000180007180 f i sbSenderApp.obj
 0001:0000618c       ??1CRegKey@ATL@@QEAA@XZ    000000018000718c f i sbSenderApp.obj
 0001:000061b4       ??1CRegObject@ATL@@UEAA@XZ 00000001800071b4 f i sbSenderApp.obj
 0001:00006254       ??1CStaticDataInitCriticalSectionLock@WTL@@QEAA@XZ 0000000180007254 f i sbSenderApp.obj
 0001:00006278       ??1_ATL_COM_MODULE70@ATL@@QEAA@XZ 0000000180007278 f i sbSenderApp.obj
 0001:0000627c       ??1_ATL_MODULE70@ATL@@QEAA@XZ 000000018000727c f i sbSenderApp.obj
 0001:00006280       ??A?$CSimpleArray@PEAUHWND__@@V?$CSimpleArrayEqualHelper@PEAUHWND__@@@ATL@@@ATL@@QEAAAEAPEAUHWND__@@H@Z 0000000180007280 f i sbSenderApp.obj
 0001:000062b4       ??B?$CTempBuffer@E$0BAA@VCCRTAllocator@ATL@@@ATL@@QEBAPEAEXZ 00000001800072b4 f i sbSenderApp.obj
 0001:000062b8       ??B?$CTempBuffer@_W$0BAA@VCCRTAllocator@ATL@@@ATL@@QEBAPEA_WXZ 00000001800072b8 f i sbSenderApp.obj
 0001:000062bc       ??B?$CTempBuffer@_W$0EAA@VCCRTAllocator@ATL@@@ATL@@QEBAPEA_WXZ 00000001800072bc f i sbSenderApp.obj
 0001:000062c0       ??BCRegKey@ATL@@QEBAPEAUHKEY__@@XZ 00000001800072c0 f i sbSenderApp.obj
 0001:000062c4       ??_G?$CSimpleArray@PEAUHWND__@@V?$CSimpleArrayEqualHelper@PEAUHWND__@@@ATL@@@ATL@@QEAAPEAXI@Z 00000001800072c4 f i sbSenderApp.obj
 0001:00006308       ??_G?$CSimpleMap@KPEAVCMessageLoop@WTL@@V?$CSimpleMapEqualHelper@KPEAVCMessageLoop@WTL@@@ATL@@@ATL@@QEAAPEAXI@Z 0000000180007308 f i sbSenderApp.obj
 0001:0000635c       ??_ECAppModule@WTL@@UEAAPEAXI@Z 000000018000735c f i sbSenderApp.obj
 0001:0000635c       ??_GCAppModule@WTL@@UEAAPEAXI@Z 000000018000735c f i sbSenderApp.obj
 0001:000063d4       ??_ECComModule@ATL@@UEAAPEAXI@Z 00000001800073d4 f i sbSenderApp.obj
 0001:000063d4       ??_GCComModule@ATL@@UEAAPEAXI@Z 00000001800073d4 f i sbSenderApp.obj
 0001:0000644c       ??_GCRegObject@ATL@@UEAAPEAXI@Z 000000018000744c f i sbSenderApp.obj
 0001:0000644c       ??_ECRegObject@ATL@@UEAAPEAXI@Z 000000018000744c f i sbSenderApp.obj
 0001:0000647c       ?Add@?$CSimpleMap@PEA_WPEA_WVCExpansionVectorEqualHelper@ATL@@@ATL@@QEAAHAEBQEA_W0@Z 000000018000747c f i sbSenderApp.obj
 0001:00006518       ?Add@CExpansionVector@ATL@@QEAAHPEB_W0@Z 0000000180007518 f i sbSenderApp.obj
 0001:000066e0       ?AddChar@CParseBuffer@CRegParser@ATL@@QEAAHPEB_W@Z 00000001800076e0 f i sbSenderApp.obj
 0001:000066ec       ?AddCommonRGSReplacements@?$CAtlModuleT@VCComModule@ATL@@@ATL@@UEAAJPEAUIRegistrarBase@@@Z 00000001800076ec f i sbSenderApp.obj
 0001:00006704       ?AddRef@CRegObject@ATL@@UEAAKXZ 0000000180007704 f i sbSenderApp.obj
 0001:0000670c       ?AddReplacement@CRegObject@ATL@@UEAAJPEB_W0@Z 000000018000770c f i sbSenderApp.obj
 0001:00006790       ?AddString@CParseBuffer@CRegParser@ATL@@QEAAHPEB_W@Z 0000000180007790 f i sbSenderApp.obj
 0001:000067dc       ?AddValue@CRegParser@ATL@@IEAAJAEAVCRegKey@2@PEB_WPEA_W@Z 00000001800077dc f i sbSenderApp.obj
 0001:00006c24       ?Allocate@?$CTempBuffer@E$0BAA@VCCRTAllocator@ATL@@@ATL@@QEAAPEAE_K@Z 0000000180007c24 f i sbSenderApp.obj
 0001:00006c74       ?Allocate@?$CTempBuffer@_W$0BAA@VCCRTAllocator@ATL@@@ATL@@QEAAPEA_W_K@Z 0000000180007c74 f i sbSenderApp.obj
 0001:00006cc4       ?Allocate@?$CTempBuffer@_W$0EAA@VCCRTAllocator@ATL@@@ATL@@QEAAPEA_W_K@Z 0000000180007cc4 f i sbSenderApp.obj
 0001:00006d14       ?Allocate@CCRTAllocator@ATL@@SAPEAX_K@Z 0000000180007d14 f i sbSenderApp.obj
 0001:00006d1c       ?AllocateBytes@?$CTempBuffer@E$0BAA@VCCRTAllocator@ATL@@@ATL@@QEAAPEAE_K@Z 0000000180007d1c f i sbSenderApp.obj
 0001:00006d48       ?AllocateBytes@?$CTempBuffer@_W$0BAA@VCCRTAllocator@ATL@@@ATL@@QEAAPEA_W_K@Z 0000000180007d48 f i sbSenderApp.obj
 0001:00006d74       ?AllocateBytes@?$CTempBuffer@_W$0EAA@VCCRTAllocator@ATL@@@ATL@@QEAAPEA_W_K@Z 0000000180007d74 f i sbSenderApp.obj
 0001:00006da0       ?AllocateHeap@?$CTempBuffer@E$0BAA@VCCRTAllocator@ATL@@@ATL@@AEAAX_K@Z 0000000180007da0 f i sbSenderApp.obj
 0001:00006dcc       ?AllocateHeap@?$CTempBuffer@_W$0BAA@VCCRTAllocator@ATL@@@ATL@@AEAAX_K@Z 0000000180007dcc f i sbSenderApp.obj
 0001:00006df8       ?AllocateHeap@?$CTempBuffer@_W$0EAA@VCCRTAllocator@ATL@@@ATL@@AEAAX_K@Z 0000000180007df8 f i sbSenderApp.obj
 0001:00006e24       ?Append@CParseBuffer@CRegParser@ATL@@QEAAHPEB_WH@Z 0000000180007e24 f i sbSenderApp.obj
 0001:00006f30       ?AtlCallTermFunc@ATL@@YAXPEAU_ATL_MODULE70@1@@Z 0000000180007f30 f i sbSenderApp.obj
 0001:00006f94       ?AtlCoTaskMemCAlloc@ATL@@YAPEAXKK@Z 0000000180007f94 f i sbSenderApp.obj
 0001:00006fb4       ?AtlCoTaskMemRecalloc@ATL@@YAPEAXPEAXKK@Z 0000000180007fb4 f i sbSenderApp.obj
 0001:00006fd8       ?AtlCrtErrorCheck@ATL@@YAHH@Z 0000000180007fd8 f i sbSenderApp.obj
 0001:0000701c       ?AtlGetPerUserRegistration@ATL@@YAJPEA_N@Z 000000018000801c f i sbSenderApp.obj
 0001:00007034       ?AtlHresultFromLastError@ATL@@YAJXZ 0000000180008034 f i sbSenderApp.obj
 0001:00007054       ?AtlHresultFromWin32@ATL@@YAJK@Z 0000000180008054 f i sbSenderApp.obj
 0001:00007064       ?AtlThrowImpl@ATL@@YAXJ@Z  0000000180008064 f i sbSenderApp.obj
 0001:00007080       ?Attach@?$CAutoVectorPtr@_W@ATL@@QEAAXPEA_W@Z 0000000180008080 f i sbSenderApp.obj
 0001:00007084       ?Attach@CRegKey@ATL@@QEAAXPEAUHKEY__@@@Z 0000000180008084 f i sbSenderApp.obj
 0001:00007094       ?CanForceRemoveKey@CRegParser@ATL@@IEAAHPEB_W@Z 0000000180008094 f i sbSenderApp.obj
 0001:000070dc       ?ChToByte@CRegParser@ATL@@KAE_W@Z 00000001800080dc f i sbSenderApp.obj
 0001:0000710c       ?ClearReplacements@CExpansionVector@ATL@@QEAAJXZ 000000018000810c f i sbSenderApp.obj
 0001:000071c0       ?ClearReplacements@CRegObject@ATL@@UEAAJXZ 00000001800081c0 f i sbSenderApp.obj
 0001:000071fc       ?Close@CRegKey@ATL@@QEAAJXZ 00000001800081fc f i sbSenderApp.obj
 0001:00007224       ?Create@CRegKey@ATL@@QEAAJPEAUHKEY__@@PEB_WPEA_WKKPEAU_SECURITY_ATTRIBUTES@@PEAK@Z 0000000180008224 f i sbSenderApp.obj
 0001:00007314       ?Decrement@CComMultiThreadModel@ATL@@SAKPEAJ@Z 0000000180008314 f i sbSenderApp.obj
 0001:00007320       ?DeleteSubKey@CRegKey@ATL@@QEAAJPEB_W@Z 0000000180008320 f i sbSenderApp.obj
 0001:000073b8       ?DeleteValue@CRegKey@ATL@@QEAAJPEB_W@Z 00000001800083b8 f i sbSenderApp.obj
 0001:000073c4       ?Detach@?$CAutoVectorPtr@_W@ATL@@QEAAPEA_WXZ 00000001800083c4 f i sbSenderApp.obj
 0001:000073cc       ?Detach@CParseBuffer@CRegParser@ATL@@QEAAPEA_WXZ 00000001800083cc f i sbSenderApp.obj
 0001:000073dc       ?Detach@CRegKey@ATL@@QEAAPEAUHKEY__@@XZ 00000001800083dc f i sbSenderApp.obj
 0001:000073ec       ?EndOfVar@CRegParser@ATL@@IEAAHXZ 00000001800083ec f i sbSenderApp.obj
 0001:00007418       ?EscapeSingleQuote@CAtlModule@ATL@@SAXPEA_W_KPEB_W@Z 0000000180008418 f i sbSenderApp.obj
 0001:0000746c       ?FinalConstruct@CRegObject@ATL@@QEAAJXZ 000000018000846c f i sbSenderApp.obj
 0001:000074b4       ?FindKey@?$CSimpleMap@PEA_WPEA_WVCExpansionVectorEqualHelper@ATL@@@ATL@@QEBAHAEBQEA_W@Z 00000001800084b4 f i sbSenderApp.obj
 0001:00007514       ?Free@?$CAutoVectorPtr@_W@ATL@@QEAAXXZ 0000000180008514 f i sbSenderApp.obj
 0001:00007530       ?Free@CCRTAllocator@ATL@@SAXPEAX@Z 0000000180008530 f i sbSenderApp.obj
 0001:00007538       ?FreeHeap@?$CTempBuffer@E$0BAA@VCCRTAllocator@ATL@@@ATL@@AEAAXXZ 0000000180008538 f i sbSenderApp.obj
 0001:00007540       ?FreeHeap@?$CTempBuffer@_W$0BAA@VCCRTAllocator@ATL@@@ATL@@AEAAXXZ 0000000180008540 f i sbSenderApp.obj
 0001:00007548       ?FreeHeap@?$CTempBuffer@_W$0EAA@VCCRTAllocator@ATL@@@ATL@@AEAAXXZ 0000000180008548 f i sbSenderApp.obj
 0001:00007550       ?GenerateError@CRegParser@ATL@@IEAAJI@Z 0000000180008550 f i sbSenderApp.obj
 0001:00007558       ?GetAppId@?$CAtlModuleT@VCComModule@ATL@@@ATL@@SAPEB_WXZ 0000000180008558 f i sbSenderApp.obj
 0001:00007560       ?GetGITPtr@CAtlModule@ATL@@UEAAJPEAPEAUIGlobalInterfaceTable@@@Z 0000000180008560 f i sbSenderApp.obj
 0001:000075d0       ?GetKeyAt@?$CSimpleMap@PEA_WPEA_WVCExpansionVectorEqualHelper@ATL@@@ATL@@QEBAAEAPEA_WH@Z 00000001800085d0 f i sbSenderApp.obj
 0001:00007604       ?GetLockCount@CAtlModule@ATL@@UEAAJXZ 0000000180008604 f i sbSenderApp.obj
 0001:00007608       ?GetModuleInstance@CAtlBaseModule@ATL@@QEAAPEAUHINSTANCE__@@XZ 0000000180008608 f i sbSenderApp.obj
 0001:00007610       ?GetSize@?$CSimpleArray@PEAUHWND__@@V?$CSimpleArrayEqualHelper@PEAUHWND__@@@ATL@@@ATL@@QEBAHXZ 0000000180008610 f i sbSenderApp.obj
 0001:00007614       ?GetSize@?$CSimpleMap@PEA_WPEA_WVCExpansionVectorEqualHelper@ATL@@@ATL@@QEBAHXZ 0000000180008614 f i sbSenderApp.obj
 0001:00007618       ?GetValueAt@?$CSimpleMap@PEA_WPEA_WVCExpansionVectorEqualHelper@ATL@@@ATL@@QEBAAEAPEA_WH@Z 0000000180008618 f i sbSenderApp.obj
 0001:0000764c       ?HKeyFromString@CRegParser@ATL@@KAPEAUHKEY__@@PEA_W@Z 000000018000864c f i sbSenderApp.obj
 0001:000076b4       ?HasSubKeys@CRegParser@ATL@@IEAAHPEAUHKEY__@@@Z 00000001800086b4 f i sbSenderApp.obj
 0001:00007714       ?Increment@CComMultiThreadModel@ATL@@SAKPEAJ@Z 0000000180008714 f i sbSenderApp.obj
 0001:00007720       ?Init@CAppModule@WTL@@QEAAJPEAU_ATL_OBJMAP_ENTRY30@ATL@@PEAUHINSTANCE__@@PEBU_GUID@@@Z 0000000180008720 f i sbSenderApp.obj
 0001:000077a4       ?Init@CComCriticalSection@ATL@@QEAAJXZ 00000001800087a4 f i sbSenderApp.obj
 0001:000077d4       ?Init@CComModule@ATL@@QEAAJPEAU_ATL_OBJMAP_ENTRY30@2@PEAUHINSTANCE__@@PEBU_GUID@@@Z 00000001800087d4 f i sbSenderApp.obj
 0001:00007848       ?Init@CComSafeDeleteCriticalSection@ATL@@QEAAJXZ 0000000180008848 f i sbSenderApp.obj
 0001:0000788c       ?InitLibId@?$CAtlModuleT@VCComModule@ATL@@@ATL@@SAXXZ 000000018000888c f i sbSenderApp.obj
 0001:00007890       ?InternalSetAtIndex@?$CSimpleMap@PEA_WPEA_WVCExpansionVectorEqualHelper@ATL@@@ATL@@QEAAXHAEBQEA_W0@Z 0000000180008890 f i sbSenderApp.obj
 0001:000078bc       ?IsEqualKey@CExpansionVectorEqualHelper@ATL@@SA_NQEA_W0@Z 00000001800088bc f i sbSenderApp.obj
 0001:000078d0       ?IsSpace@CRegParser@ATL@@IEAAH_W@Z 00000001800088d0 f i sbSenderApp.obj
 0001:000078f4       ?Lock@?$CComCritSecLock@VCComCriticalSection@ATL@@@ATL@@QEAAJXZ 00000001800088f4 f i sbSenderApp.obj
 0001:00007914       ?Lock@CAtlModule@ATL@@UEAAJXZ 0000000180008914 f i sbSenderApp.obj
 0001:00007924       ?Lock@CComCriticalSection@ATL@@QEAAJXZ 0000000180008924 f i sbSenderApp.obj
 0001:00007938       ?Lock@CComSafeDeleteCriticalSection@ATL@@QEAAJXZ 0000000180008938 f i sbSenderApp.obj
 0001:0000794c       ?Lock@CStaticDataInitCriticalSectionLock@WTL@@QEAAJXZ 000000018000894c f i sbSenderApp.obj
 0001:0000796c       ?Lookup@?$CSimpleMap@PEA_WPEA_WVCExpansionVectorEqualHelper@ATL@@@ATL@@QEBAPEA_WAEBQEA_W@Z 000000018000896c f i sbSenderApp.obj
 0001:000079fc       ?NextToken@CRegParser@ATL@@IEAAJPEA_W@Z 00000001800089fc f i sbSenderApp.obj
 0001:00007b84       ?OLE2CT_EX@@YAPEB_WPEB_WI@Z 0000000180008b84 f i sbSenderApp.obj
 0001:00007b88       ?Open@CRegKey@ATL@@QEAAJPEAUHKEY__@@PEB_WK@Z 0000000180008b88 f i sbSenderApp.obj
 0001:00007c18       ?PreProcessBuffer@CRegParser@ATL@@QEAAJPEA_WPEAPEA_W@Z 0000000180008c18 f i sbSenderApp.obj
 0001:00007fdc       ?QueryInterface@CRegObject@ATL@@UEAAJAEBU_GUID@@PEAPEAX@Z 0000000180008fdc f i sbSenderApp.obj
 0001:00007fe4       ?RecurseDeleteKey@CRegKey@ATL@@QEAAJPEB_W@Z 0000000180008fe4 f i sbSenderApp.obj
 0001:000080ec       ?RegCreateKeyExW@CAtlTransactionManager@ATL@@QEAAJPEAUHKEY__@@PEB_WKPEA_WKKQEAU_SECURITY_ATTRIBUTES@@PEAPEAU3@PEAK@Z 00000001800090ec f i sbSenderApp.obj
 0001:00008220       ?RegDeleteKeyW@CAtlTransactionManager@ATL@@QEAAJPEAUHKEY__@@PEB_W@Z 0000000180009220 f i sbSenderApp.obj
 0001:000082ac       ?RegOpenKeyExW@CAtlTransactionManager@ATL@@QEAAJPEAUHKEY__@@PEB_WKKPEAPEAU3@@Z 00000001800092ac f i sbSenderApp.obj
 0001:00008364       ?RegisterBuffer@CRegParser@ATL@@QEAAJPEA_WH@Z 0000000180009364 f i sbSenderApp.obj
 0001:000084cc       ?RegisterFromResource@CRegObject@ATL@@IEAAJPEB_W00H@Z 00000001800094cc f i sbSenderApp.obj
 0001:000086a4       ?RegisterSubkeys@CRegParser@ATL@@IEAAJPEA_WPEAUHKEY__@@HH@Z 00000001800096a4 f i sbSenderApp.obj
 0001:00008dd0       ?Release@CRegObject@ATL@@UEAAKXZ 0000000180009dd0 f i sbSenderApp.obj
 0001:00008dd4       ?RemoveAll@?$CSimpleArray@PEAUHWND__@@V?$CSimpleArrayEqualHelper@PEAUHWND__@@@ATL@@@ATL@@QEAAXXZ 0000000180009dd4 f i sbSenderApp.obj
 0001:00008dfc       ?RemoveAll@?$CSimpleMap@KPEAVCMessageLoop@WTL@@V?$CSimpleMapEqualHelper@KPEAVCMessageLoop@WTL@@@ATL@@@ATL@@QEAAXXZ 0000000180009dfc f i sbSenderApp.obj
 0001:00008e34       ?RemoveAll@?$CSimpleMap@PEA_WPEA_WVCExpansionVectorEqualHelper@ATL@@@ATL@@QEAAXXZ 0000000180009e34 f i sbSenderApp.obj
 0001:00008e6c       ?ResourceRegister@CRegObject@ATL@@QEAAJPEB_WI0@Z 0000000180009e6c f i sbSenderApp.obj
 0001:00008e98       ?ResourceRegisterSz@CRegObject@ATL@@QEAAJPEB_W00@Z 0000000180009e98 f i sbSenderApp.obj
 0001:00008ed0       ?ResourceUnregister@CRegObject@ATL@@QEAAJPEB_WI0@Z 0000000180009ed0 f i sbSenderApp.obj
 0001:00008ef8       ?ResourceUnregisterSz@CRegObject@ATL@@QEAAJPEB_W00@Z 0000000180009ef8 f i sbSenderApp.obj
 0001:00008f2c       ?SetDWORDValue@CRegKey@ATL@@QEAAJPEB_WK@Z 0000000180009f2c f i sbSenderApp.obj
 0001:00008f5c       ?SetMultiStringValue@CRegKey@ATL@@QEAAJPEB_W0@Z 0000000180009f5c f i sbSenderApp.obj
 0001:00008fdc       ?SetStringValue@CRegKey@ATL@@QEAAJPEB_W0K@Z 0000000180009fdc f i sbSenderApp.obj
 0001:00009048       ?SkipAssignment@CRegParser@ATL@@IEAAJPEA_W@Z 000000018000a048 f i sbSenderApp.obj
 0001:000090ec       ?SkipWhiteSpace@CRegParser@ATL@@IEAAXXZ 000000018000a0ec f i sbSenderApp.obj
 0001:00009124       ?StrChrW@CRegParser@ATL@@KAPEA_WPEA_W_W@Z 000000018000a124 f i sbSenderApp.obj
 0001:0000916c       ?StrFromMap@CRegObject@ATL@@QEAAPEB_WPEA_W@Z 000000018000a16c f i sbSenderApp.obj
 0001:000091b4       ?T2COLE_EX@@YAPEB_WPEB_WI@Z 000000018000a1b4 f i sbSenderApp.obj
 0001:000091b8       ?T2OLE_EX@@YAPEA_WPEA_WI@Z 000000018000a1b8 f i sbSenderApp.obj
 0001:000091bc       ?Term@CAppModule@WTL@@QEAAXXZ 000000018000a1bc f i sbSenderApp.obj
 0001:0000921c       ?Term@CAtlComModule@ATL@@QEAAXXZ 000000018000a21c f i sbSenderApp.obj
 0001:0000928c       ?Term@CAtlModule@ATL@@QEAAXXZ 000000018000a28c f i sbSenderApp.obj
 0001:000092e0       ?Term@CComCriticalSection@ATL@@QEAAJXZ 000000018000a2e0 f i sbSenderApp.obj
 0001:000092f4       ?Term@CComModule@ATL@@QEAAXXZ 000000018000a2f4 f i sbSenderApp.obj
 0001:000093a0       ?TermSettingChangeNotify@CAppModule@WTL@@QEAAXXZ 000000018000a3a0 f i sbSenderApp.obj
 0001:00009428       ?Unlock@?$CComCritSecLock@VCComCriticalSection@ATL@@@ATL@@QEAAXXZ 000000018000a428 f i sbSenderApp.obj
 0001:00009444       ?Unlock@CAtlModule@ATL@@UEAAJXZ 000000018000a444 f i sbSenderApp.obj
 0001:00009450       ?Unlock@CComCriticalSection@ATL@@QEAAJXZ 000000018000a450 f i sbSenderApp.obj
 0001:00009464       ?Unlock@CStaticDataInitCriticalSectionLock@WTL@@QEAAXXZ 000000018000a464 f i sbSenderApp.obj
 0001:00009480       ?UpdateRegistryFromResource@CAtlModule@ATL@@QEAAJIHPEAU_ATL_REGMAP_ENTRY@2@@Z 000000018000a480 f i sbSenderApp.obj
 0001:0000970c       ?UpdateRegistryFromResource@CAtlModule@ATL@@QEAAJPEB_WHPEAU_ATL_REGMAP_ENTRY@2@@Z 000000018000a70c f i sbSenderApp.obj
 0001:000099a8       ?UpdateRegistryFromResource@CComModule@ATL@@UEAAJIHPEAU_ATL_REGMAP_ENTRY@2@@Z 000000018000a9a8 f i sbSenderApp.obj
 0001:000099b0       ?UpdateRegistryFromResource@CComModule@ATL@@UEAAJPEB_WHPEAU_ATL_REGMAP_ENTRY@2@@Z 000000018000a9b0 f i sbSenderApp.obj
 0001:000099b8       ?UpdateRegistryFromResourceD@CComModule@ATL@@UEAAJIHPEAU_ATL_REGMAP_ENTRY@2@@Z 000000018000a9b8 f i sbSenderApp.obj
 0001:000099c0       ?UpdateRegistryFromResourceD@CComModule@ATL@@UEAAJPEB_WHPEAU_ATL_REGMAP_ENTRY@2@@Z 000000018000a9c0 f i sbSenderApp.obj
 0001:000099c8       ?VTFromRegType@CRegParser@ATL@@KAHPEB_WAEAG@Z 000000018000a9c8 f i sbSenderApp.obj
 0001:00009ac0       ?_AtlGetConversionACP@ATL@@YAIXZ 000000018000aac0 f i sbSenderApp.obj
 0001:00009ac8       ?_AtlInitializeCriticalSectionEx@ATL@@YAHPEAU_RTL_CRITICAL_SECTION@@KK@Z 000000018000aac8 f i sbSenderApp.obj
 0001:00009ad0       ?_AtlRaiseException@ATL@@YAXKK@Z 000000018000aad0 f i sbSenderApp.obj
 0001:00009ae0       ?memcpy_s@Checked@ATL@@YAXPEAX_KPEBX1@Z 000000018000aae0 f i sbSenderApp.obj
 0001:00009b28       ?ocscpy_s@@YA_NPEA_W_KPEB_W@Z 000000018000ab28 f i sbSenderApp.obj
 0001:00009b8c       ?ocslen@@YAHPEB_W@Z        000000018000ab8c f i sbSenderApp.obj
 0001:00009b9c       ?tcsncpy_s@Checked@ATL@@YAHPEA_W_KPEB_W1@Z 000000018000ab9c f i sbSenderApp.obj
 0001:00009be4       ?wcsstr@@YAPEA_WPEA_WPEB_W@Z 000000018000abe4 f i sbSenderApp.obj
 0001:00009bec       DllMain                    000000018000abec f   sbSenderApp.obj
 0001:00009c70       HRESULT_FROM_WIN32         000000018000ac70 f i sbSenderApp.obj
 0001:00009c80       ??0?$CSimpleArray@GV?$CSimpleArrayEqualHelper@G@ATL@@@ATL@@QEAA@XZ 000000018000ac80 f i StdAfx.obj
 0001:00009c90       ??0?$CTraceCategoryEx@$00$0A@@ATL@@QEAA@PEB_W@Z 000000018000ac90 f i StdAfx.obj
 0001:00009c94       ??0?$CTraceCategoryEx@$01$0A@@ATL@@QEAA@PEB_W@Z 000000018000ac94 f i StdAfx.obj
 0001:00009c98       ??0?$CTraceCategoryEx@$03$0A@@ATL@@QEAA@PEB_W@Z 000000018000ac98 f i StdAfx.obj
 0001:00009c9c       ??0?$CTraceCategoryEx@$07$0A@@ATL@@QEAA@PEB_W@Z 000000018000ac9c f i StdAfx.obj
 0001:00009ca0       ??0?$CTraceCategoryEx@$0BA@$0A@@ATL@@QEAA@PEB_W@Z 000000018000aca0 f i StdAfx.obj
 0001:00009ca4       ??0?$CTraceCategoryEx@$0BAA@$0A@@ATL@@QEAA@PEB_W@Z 000000018000aca4 f i StdAfx.obj
 0001:00009ca8       ??0?$CTraceCategoryEx@$0BAAA@$0A@@ATL@@QEAA@PEB_W@Z 000000018000aca8 f i StdAfx.obj
 0001:00009cac       ??0?$CTraceCategoryEx@$0BAAAA@$0A@@ATL@@QEAA@PEB_W@Z 000000018000acac f i StdAfx.obj
 0001:00009cb0       ??0?$CTraceCategoryEx@$0BAAAAA@$0A@@ATL@@QEAA@PEB_W@Z 000000018000acb0 f i StdAfx.obj
 0001:00009cb4       ??0?$CTraceCategoryEx@$0CA@$0A@@ATL@@QEAA@PEB_W@Z 000000018000acb4 f i StdAfx.obj
 0001:00009cb8       ??0?$CTraceCategoryEx@$0CAA@$0A@@ATL@@QEAA@PEB_W@Z 000000018000acb8 f i StdAfx.obj
 0001:00009cbc       ??0?$CTraceCategoryEx@$0CAAA@$0A@@ATL@@QEAA@PEB_W@Z 000000018000acbc f i StdAfx.obj
 0001:00009cc0       ??0?$CTraceCategoryEx@$0CAAAA@$0A@@ATL@@QEAA@PEB_W@Z 000000018000acc0 f i StdAfx.obj
 0001:00009cc4       ??0?$CTraceCategoryEx@$0CAAAAA@$0A@@ATL@@QEAA@PEB_W@Z 000000018000acc4 f i StdAfx.obj
 0001:00009cc8       ??0?$CTraceCategoryEx@$0EA@$0A@@ATL@@QEAA@PEB_W@Z 000000018000acc8 f i StdAfx.obj
 0001:00009ccc       ??0?$CTraceCategoryEx@$0EAA@$0A@@ATL@@QEAA@PEB_W@Z 000000018000accc f i StdAfx.obj
 0001:00009cd0       ??0?$CTraceCategoryEx@$0EAAA@$0A@@ATL@@QEAA@PEB_W@Z 000000018000acd0 f i StdAfx.obj
 0001:00009cd4       ??0?$CTraceCategoryEx@$0EAAAA@$0A@@ATL@@QEAA@PEB_W@Z 000000018000acd4 f i StdAfx.obj
 0001:00009cd8       ??0?$CTraceCategoryEx@$0EAAAAA@$0A@@ATL@@QEAA@PEB_W@Z 000000018000acd8 f i StdAfx.obj
 0001:00009cdc       ??0?$CTraceCategoryEx@$0IA@$0A@@ATL@@QEAA@PEB_W@Z 000000018000acdc f i StdAfx.obj
 0001:00009ce0       ??0?$CTraceCategoryEx@$0IAA@$0A@@ATL@@QEAA@PEB_W@Z 000000018000ace0 f i StdAfx.obj
 0001:00009ce4       ??0?$CTraceCategoryEx@$0IAAA@$0A@@ATL@@QEAA@PEB_W@Z 000000018000ace4 f i StdAfx.obj
 0001:00009ce8       ??0?$CTraceCategoryEx@$0IAAAA@$0A@@ATL@@QEAA@PEB_W@Z 000000018000ace8 f i StdAfx.obj
 0001:00009cec       ??0CAtlWinModule@ATL@@QEAA@XZ 000000018000acec f i StdAfx.obj
 0001:00009d60       ??0CTraceCategory@ATL@@QEAA@PEB_W@Z 000000018000ad60 f i StdAfx.obj
 0001:00009d64       ??0_ATL_WIN_MODULE70@ATL@@QEAA@XZ 000000018000ad64 f i StdAfx.obj
 0001:00009d90       ??1?$CSimpleArray@GV?$CSimpleArrayEqualHelper@G@ATL@@@ATL@@QEAA@XZ 000000018000ad90 f i StdAfx.obj
 0001:00009db8       ??1CAtlWinModule@ATL@@QEAA@XZ 000000018000adb8 f i StdAfx.obj
 0001:00009df0       ??1CComBSTR@ATL@@QEAA@XZ   000000018000adf0 f i StdAfx.obj
 0001:00009dfc       ??1_ATL_WIN_MODULE70@ATL@@QEAA@XZ 000000018000adfc f i StdAfx.obj
 0001:00009e28       ??1stringdispid@CComTypeInfoHolder@ATL@@QEAA@XZ 000000018000ae28 f i StdAfx.obj
 0001:00009e34       ??A?$CSimpleArray@GV?$CSimpleArrayEqualHelper@G@ATL@@@ATL@@QEAAAEAGH@Z 000000018000ae34 f i StdAfx.obj
 0001:00009e68       ??_Estringdispid@CComTypeInfoHolder@ATL@@QEAAPEAXI@Z 000000018000ae68 f i StdAfx.obj
 0001:00009ed8       ?AtlWinModuleInit@ATL@@YAJPEAU_ATL_WIN_MODULE70@1@@Z 000000018000aed8 f i StdAfx.obj
 0001:00009f24       ?AtlWinModuleTerm@ATL@@YAJPEAU_ATL_WIN_MODULE70@1@PEAUHINSTANCE__@@@Z 000000018000af24 f i StdAfx.obj
 0001:00009fd8       ?GetSize@?$CSimpleArray@GV?$CSimpleArrayEqualHelper@G@ATL@@@ATL@@QEBAHXZ 000000018000afd8 f i StdAfx.obj
 0001:00009fdc       ?RemoveAll@?$CSimpleArray@GV?$CSimpleArrayEqualHelper@G@ATL@@@ATL@@QEAAXXZ 000000018000afdc f i StdAfx.obj
 0001:0000a004       ?Term@CAtlWinModule@ATL@@QEAAXXZ 000000018000b004 f i StdAfx.obj
 0001:0000a010       PathFileExistsW            000000018000b010 f   shlwapi:SHLWAPI.dll
 0001:0000a016       PathAppendW                000000018000b016 f   shlwapi:SHLWAPI.dll
 0001:0000a01c       PathRemoveExtensionW       000000018000b01c f   shlwapi:SHLWAPI.dll
 0001:0000a022       PathStripPathW             000000018000b022 f   shlwapi:SHLWAPI.dll
 0001:0000a028       GetProcAddress             000000018000b028 f   kernel32:KERNEL32.dll
 0001:0000a02e       GetCurrentProcess          000000018000b02e f   kernel32:KERNEL32.dll
 0001:0000a034       GetCurrentThreadId         000000018000b034 f   kernel32:KERNEL32.dll
 0001:0000a03a       GetProcessId               000000018000b03a f   kernel32:KERNEL32.dll
 0001:0000a040       OpenThread                 000000018000b040 f   kernel32:KERNEL32.dll
 0001:0000a046       SuspendThread              000000018000b046 f   kernel32:KERNEL32.dll
 0001:0000a04c       ResumeThread               000000018000b04c f   kernel32:KERNEL32.dll
 0001:0000a052       CloseHandle                000000018000b052 f   kernel32:KERNEL32.dll
 0001:0000a058       lstrlenW                   000000018000b058 f   kernel32:KERNEL32.dll
 0001:0000a05e       LoadLibraryW               000000018000b05e f   kernel32:KERNEL32.dll
 0001:0000a064       GetTempPathW               000000018000b064 f   kernel32:KERNEL32.dll
 0001:0000a06a       CreateFileW                000000018000b06a f   kernel32:KERNEL32.dll
 0001:0000a070       DeleteFileW                000000018000b070 f   kernel32:KERNEL32.dll
 0001:0000a076       CreateToolhelp32Snapshot   000000018000b076 f   kernel32:KERNEL32.dll
 0001:0000a07c       Thread32First              000000018000b07c f   kernel32:KERNEL32.dll
 0001:0000a082       Thread32Next               000000018000b082 f   kernel32:KERNEL32.dll
 0001:0000a088       FreeLibrary                000000018000b088 f   kernel32:KERNEL32.dll
 0001:0000a08e       LocalFree                  000000018000b08e f   kernel32:KERNEL32.dll
 0001:0000a094       FlushInstructionCache      000000018000b094 f   kernel32:KERNEL32.dll
 0001:0000a09a       VirtualProtect             000000018000b09a f   kernel32:KERNEL32.dll
 0001:0000a0a0       VirtualQuery               000000018000b0a0 f   kernel32:KERNEL32.dll
 0001:0000a0a6       OpenProcess                000000018000b0a6 f   kernel32:KERNEL32.dll
 0001:0000a0ac       GetCurrentProcessId        000000018000b0ac f   kernel32:KERNEL32.dll
 0001:0000a0b2       TerminateProcess           000000018000b0b2 f   kernel32:KERNEL32.dll
 0001:0000a0b8       SetUnhandledExceptionFilter 000000018000b0b8 f   kernel32:KERNEL32.dll
 0001:0000a0be       GetLastError               000000018000b0be f   kernel32:KERNEL32.dll
 0001:0000a0c4       SetErrorMode               000000018000b0c4 f   kernel32:KERNEL32.dll
 0001:0000a0ca       DebugBreak                 000000018000b0ca f   kernel32:KERNEL32.dll
 0001:0000a0d0       WaitForSingleObject        000000018000b0d0 f   kernel32:KERNEL32.dll
 0001:0000a0d6       GetSystemTime              000000018000b0d6 f   kernel32:KERNEL32.dll
 0001:0000a0dc       SystemTimeToFileTime       000000018000b0dc f   kernel32:KERNEL32.dll
 0001:0000a0e2       FormatMessageW             000000018000b0e2 f   kernel32:KERNEL32.dll
 0001:0000a0e8       lstrlenA                   000000018000b0e8 f   kernel32:KERNEL32.dll
 0001:0000a0ee       GetModuleFileNameW         000000018000b0ee f   kernel32:KERNEL32.dll
 0001:0000a0f4       GetModuleHandleW           000000018000b0f4 f   kernel32:KERNEL32.dll
 0001:0000a0fa       CreateProcessW             000000018000b0fa f   kernel32:KERNEL32.dll
 0001:0000a100       OutputDebugStringW         000000018000b100 f   kernel32:KERNEL32.dll
 0001:0000a106       WritePrivateProfileStringW 000000018000b106 f   kernel32:KERNEL32.dll
 0001:0000a10c       DecodePointer              000000018000b10c f   kernel32:KERNEL32.dll
 0001:0000a112       RaiseException             000000018000b112 f   kernel32:KERNEL32.dll
 0001:0000a118       EnterCriticalSection       000000018000b118 f   kernel32:KERNEL32.dll
 0001:0000a11e       LeaveCriticalSection       000000018000b11e f   kernel32:KERNEL32.dll
 0001:0000a124       InitializeCriticalSectionAndSpinCount 000000018000b124 f   kernel32:KERNEL32.dll
 0001:0000a12a       DeleteCriticalSection      000000018000b12a f   kernel32:KERNEL32.dll
 0001:0000a130       LoadResource               000000018000b130 f   kernel32:KERNEL32.dll
 0001:0000a136       SizeofResource             000000018000b136 f   kernel32:KERNEL32.dll
 0001:0000a13c       lstrcmpiW                  000000018000b13c f   kernel32:KERNEL32.dll
 0001:0000a142       LoadLibraryExW             000000018000b142 f   kernel32:KERNEL32.dll
 0001:0000a148       FindResourceW              000000018000b148 f   kernel32:KERNEL32.dll
 0001:0000a14e       MultiByteToWideChar        000000018000b14e f   kernel32:KERNEL32.dll
 0001:0000a154       CharUpperW                 000000018000b154 f   user32:USER32.dll
 0001:0000a15a       MessageBoxW                000000018000b15a f   user32:USER32.dll
 0001:0000a160       LoadStringW                000000018000b160 f   user32:USER32.dll
 0001:0000a166       wvsprintfW                 000000018000b166 f   user32:USER32.dll
 0001:0000a16c       CharLowerW                 000000018000b16c f   user32:USER32.dll
 0001:0000a172       CharNextW                  000000018000b172 f   user32:USER32.dll
 0001:0000a178       DestroyWindow              000000018000b178 f   user32:USER32.dll
 0001:0000a17e       UnregisterClassW           000000018000b17e f   user32:USER32.dll
 0001:0000a184       RegCloseKey                000000018000b184 f   advapi32:ADVAPI32.dll
 0001:0000a18a       RegCreateKeyW              000000018000b18a f   advapi32:ADVAPI32.dll
 0001:0000a190       RegOpenKeyW                000000018000b190 f   advapi32:ADVAPI32.dll
 0001:0000a196       RegQueryValueExW           000000018000b196 f   advapi32:ADVAPI32.dll
 0001:0000a19c       RegSetValueExW             000000018000b19c f   advapi32:ADVAPI32.dll
 0001:0000a1a2       RegCreateKeyExW            000000018000b1a2 f   advapi32:ADVAPI32.dll
 0001:0000a1a8       RegDeleteKeyW              000000018000b1a8 f   advapi32:ADVAPI32.dll
 0001:0000a1ae       RegDeleteValueW            000000018000b1ae f   advapi32:ADVAPI32.dll
 0001:0000a1b4       RegEnumKeyExW              000000018000b1b4 f   advapi32:ADVAPI32.dll
 0001:0000a1ba       RegOpenKeyExW              000000018000b1ba f   advapi32:ADVAPI32.dll
 0001:0000a1c0       RegQueryInfoKeyW           000000018000b1c0 f   advapi32:ADVAPI32.dll
 0001:0000a1c6       CoCreateInstance           000000018000b1c6 f   ole32:ole32.dll
 0001:0000a1cc       CoTaskMemAlloc             000000018000b1cc f   ole32:ole32.dll
 0001:0000a1d2       CoTaskMemRealloc           000000018000b1d2 f   ole32:ole32.dll
 0001:0000a1d8       CoTaskMemFree              000000018000b1d8 f   ole32:ole32.dll
 0001:0000a1de       VarUI4FromStr              000000018000b1de f   oleaut32:OLEAUT32.dll
 0001:0000a1e4       SysFreeString              000000018000b1e4 f   oleaut32:OLEAUT32.dll
 0001:0000a1ec       ??$?2PEAUHINSTANCE__@@@Wrapper@?$CSimpleArray@PEAUHINSTANCE__@@V?$CSimpleArrayEqualHelper@PEAUHINSTANCE__@@@ATL@@@ATL@@SAPEAX_KPEAPEAUHINSTANCE__@@@Z 000000018000b1ec f i atls:atlbase.obj
 0001:0000a1f0       ??0?$CSimpleArray@PEAUHINSTANCE__@@V?$CSimpleArrayEqualHelper@PEAUHINSTANCE__@@@ATL@@@ATL@@QEAA@XZ 000000018000b1f0 f i atls:atlbase.obj
 0001:0000a200       ??0CAtlBaseModule@ATL@@QEAA@XZ 000000018000b200 f   atls:atlbase.obj
 0001:0000a2a8       ??0Wrapper@?$CSimpleArray@PEAUHINSTANCE__@@V?$CSimpleArrayEqualHelper@PEAUHINSTANCE__@@@ATL@@@ATL@@QEAA@AEBQEAUHINSTANCE__@@@Z 000000018000b2a8 f i atls:atlbase.obj
 0001:0000a2b4       ??0_ATL_BASE_MODULE70@ATL@@QEAA@XZ 000000018000b2b4 f i atls:atlbase.obj
 0001:0000a2e0       ??1?$CSimpleArray@PEAUHINSTANCE__@@V?$CSimpleArrayEqualHelper@PEAUHINSTANCE__@@@ATL@@@ATL@@QEAA@XZ 000000018000b2e0 f i atls:atlbase.obj
 0001:0000a308       ??1CAtlBaseModule@ATL@@QEAA@XZ 000000018000b308 f   atls:atlbase.obj
 0001:0000a33c       ??1_ATL_BASE_MODULE70@ATL@@QEAA@XZ 000000018000b33c f i atls:atlbase.obj
 0001:0000a368       ??A?$CSimpleArray@PEAUHINSTANCE__@@V?$CSimpleArrayEqualHelper@PEAUHINSTANCE__@@@ATL@@@ATL@@QEAAAEAPEAUHINSTANCE__@@H@Z 000000018000b368 f i atls:atlbase.obj
 0001:0000a39c       ?Add@?$CSimpleArray@PEAUHINSTANCE__@@V?$CSimpleArrayEqualHelper@PEAUHINSTANCE__@@@ATL@@@ATL@@QEAAHAEBQEAUHINSTANCE__@@@Z 000000018000b39c f i atls:atlbase.obj
 0001:0000a440       ?AddResourceInstance@CAtlBaseModule@ATL@@QEAA_NPEAUHINSTANCE__@@@Z 000000018000b440 f   atls:atlbase.obj
 0001:0000a488       ?GetHInstanceAt@CAtlBaseModule@ATL@@QEAAPEAUHINSTANCE__@@H@Z 000000018000b488 f   atls:atlbase.obj
 0001:0000a504       ?GetSize@?$CSimpleArray@PEAUHINSTANCE__@@V?$CSimpleArrayEqualHelper@PEAUHINSTANCE__@@@ATL@@@ATL@@QEBAHXZ 000000018000b504 f i atls:atlbase.obj
 0001:0000a508       ?InternalSetAtIndex@?$CSimpleArray@PEAUHINSTANCE__@@V?$CSimpleArrayEqualHelper@PEAUHINSTANCE__@@@ATL@@@ATL@@QEAAXHAEBQEAUHINSTANCE__@@@Z 000000018000b508 f i atls:atlbase.obj
 0001:0000a520       ?RemoveAll@?$CSimpleArray@PEAUHINSTANCE__@@V?$CSimpleArrayEqualHelper@PEAUHINSTANCE__@@@ATL@@@ATL@@QEAAXXZ 000000018000b520 f i atls:atlbase.obj
 0001:0000a548       ?RemoveAt@?$CSimpleArray@PEAUHINSTANCE__@@V?$CSimpleArrayEqualHelper@PEAUHINSTANCE__@@@ATL@@@ATL@@QEAAHH@Z 000000018000b548 f i atls:atlbase.obj
 0001:0000a5dc       ?RemoveResourceInstance@CAtlBaseModule@ATL@@QEAA_NPEAUHINSTANCE__@@@Z 000000018000b5dc f   atls:atlbase.obj
 0001:0000a668       ?memmove_s@Checked@ATL@@YAXPEAX_KPEBX1@Z 000000018000b668 f i atls:atlbase.obj
 0001:0000a6b0       ??_I@YAXPEAX_KHP6AX0@Z@Z   000000018000b6b0 f i atls:stdafx.obj
 0001:0000a6fc       ??3@YAXPEAX@Z              000000018000b6fc f   LIBCMT:delete.obj
 0001:0000a704       ??_M@YAXPEAX_KHP6AX0@Z@Z   000000018000b704 f   LIBCMT:ehvecdtr.obj
 0001:0000a780       ?__ArrayUnwind@@YAXPEAX_KHP6AX0@Z@Z 000000018000b780 f   LIBCMT:ehvecdtr.obj
 0001:0000a7cc       __copy_path_to_wide_string 000000018000b7cc f   LIBCMT:crt0dat.obj
 0001:0000a8cc       __copy_to_char             000000018000b8cc f   LIBCMT:crt0dat.obj
 0001:0000a9e4       __crtCorExitProcess        000000018000b9e4 f   LIBCMT:crt0dat.obj
 0001:0000aa28       __crtExitProcess           000000018000ba28 f   LIBCMT:crt0dat.obj
 0001:0000aa40       __freeCrtMemory            000000018000ba40 f   LIBCMT:crt0dat.obj
 0001:0000ab88       _amsg_exit                 000000018000bb88 f   LIBCMT:crt0dat.obj
 0001:0000abb0       _c_exit                    000000018000bbb0 f   LIBCMT:crt0dat.obj
 0001:0000abc0       _cexit                     000000018000bbc0 f   LIBCMT:crt0dat.obj
 0001:0000abd0       _cinit                     000000018000bbd0 f   LIBCMT:crt0dat.obj
 0001:0000ac68       _exit                      000000018000bc68 f   LIBCMT:crt0dat.obj
 0001:0000ac74       _exit_app                  000000018000bc74 f   LIBCMT:crt0dat.obj
 0001:0000ac80       _get_pgmptr                000000018000bc80 f   LIBCMT:crt0dat.obj
 0001:0000acb8       _get_wpgmptr               000000018000bcb8 f   LIBCMT:crt0dat.obj
 0001:0000acf0       _init_pointers             000000018000bcf0 f   LIBCMT:crt0dat.obj
 0001:0000ad9c       _initterm_e                000000018000bd9c f   LIBCMT:crt0dat.obj
 0001:0000add8       _lockexit                  000000018000bdd8 f   LIBCMT:crt0dat.obj
 0001:0000ade4       _unlockexit                000000018000bde4 f   LIBCMT:crt0dat.obj
 0001:0000af88       exit                       000000018000bf88 f   LIBCMT:crt0dat.obj
 0001:0000af94       ??_U@YAPEAX_K@Z            000000018000bf94 f   LIBCMT:new2.obj
 0001:0000af9c       ??_V@YAXPEAX@Z             000000018000bf9c f   LIBCMT:delete2.obj
 0001:0000afc0       memcpy                     000000018000bfc0 f   LIBCMT:memcpy.obj
 0001:0000afc0       memmove                    000000018000bfc0 f   LIBCMT:memcpy.obj
 0001:0000b540       memset                     000000018000c540 f   LIBCMT:memset.obj
 0001:0000b76c       wcscpy_s                   000000018000c76c f   LIBCMT:wcscpy_s.obj
 0001:0000b7d8       wcsstr                     000000018000c7d8 f   LIBCMT:wcsstr.obj
 0001:0000b9d4       _CxxThrowException         000000018000c9d4 f   LIBCMT:throw.obj
 0001:0000baf8       ?_ExecutionInCatch@@YAHPEAU_xDISPATCHER_CONTEXT@@PEBU_s_FuncInfo@@@Z 000000018000caf8 f   LIBCMT:trnsctrl.obj
 0001:0000bb70       ?_GetEstablisherFrame@@YAPEA_KPEA_KPEAU_xDISPATCHER_CONTEXT@@PEBU_s_FuncInfo@@0@Z 000000018000cb70 f   LIBCMT:trnsctrl.obj
 0001:0000bc3c       ?_GetRangeOfTrysToCheck@@YAPEBU_s_TryBlockMapEntry@@PEA_KPEBU_s_FuncInfo@@HHPEAI2PEAU_xDISPATCHER_CONTEXT@@@Z 000000018000cc3c f   LIBCMT:trnsctrl.obj
 0001:0000bd68       ?__FrameUnwindToEmptyState@@YAXPEA_KPEAU_xDISPATCHER_CONTEXT@@PEBU_s_FuncInfo@@@Z 000000018000cd68 f   LIBCMT:trnsctrl.obj
 0001:0000bdfc       ?__SehTransFilter@@YAHPEAU_EXCEPTION_POINTERS@@PEAUEHExceptionRecord@@PEA_KPEAU_CONTEXT@@PEAU_xDISPATCHER_CONTEXT@@PEBU_s_FuncInfo@@PEAH@Z 000000018000cdfc f   LIBCMT:trnsctrl.obj
 0001:0000bea0       _CallSETranslator          000000018000cea0 f   LIBCMT:trnsctrl.obj
 0001:0000bef4       _CreateFrameInfo           000000018000cef4 f   LIBCMT:trnsctrl.obj
 0001:0000bf38       _FindAndUnlinkFrame        000000018000cf38 f   LIBCMT:trnsctrl.obj
 0001:0000bf98       _GetImageBase              000000018000cf98 f   LIBCMT:trnsctrl.obj
 0001:0000bfb0       _GetThrowImageBase         000000018000cfb0 f   LIBCMT:trnsctrl.obj
 0001:0000bfc8       _IsExceptionObjectToBeDestroyed 000000018000cfc8 f   LIBCMT:trnsctrl.obj
 0001:0000bffc       _MoveContext               000000018000cffc f   LIBCMT:trnsctrl.obj
 0001:0000c008       _SetImageBase              000000018000d008 f   LIBCMT:trnsctrl.obj
 0001:0000c024       _SetThrowImageBase         000000018000d024 f   LIBCMT:trnsctrl.obj
 0001:0000c040       _UnwindNestedFrames        000000018000d040 f   LIBCMT:trnsctrl.obj
 0001:0000c164       __CxxFrameHandler          000000018000d164 f   LIBCMT:trnsctrl.obj
 0001:0000c1ec       __CxxFrameHandler2         000000018000d1ec f   LIBCMT:trnsctrl.obj
 0001:0000c1f4       __CxxFrameHandler3         000000018000d1f4 f   LIBCMT:trnsctrl.obj
 0001:0000c27c       __GSHandlerCheck           000000018000d27c f   LIBCMT:gshandler.obj
 0001:0000c29c       __GSHandlerCheckCommon     000000018000d29c f   LIBCMT:gshandler.obj
 0001:0000c300       __GSHandlerCheck_EH        000000018000d300 f   LIBCMT:gshandlereh.obj
 0001:0000c3a0       __security_check_cookie    000000018000d3a0 f   LIBCMT:amdsecgs.obj
 0001:0000c3c0       ??0type_info@@AEAA@AEBV0@@Z 000000018000d3c0 f   LIBCMT:typinfo.obj
 0001:0000c3d0       ??1type_info@@UEAA@XZ      000000018000d3d0 f   LIBCMT:typinfo.obj
 0001:0000c3e0       ??4type_info@@AEAAAEAV0@AEBV0@@Z 000000018000d3e0 f   LIBCMT:typinfo.obj
 0001:0000c3e4       ??8type_info@@QEBA_NAEBV0@@Z 000000018000d3e4 f   LIBCMT:typinfo.obj
 0001:0000c404       ??9type_info@@QEBA_NAEBV0@@Z 000000018000d404 f   LIBCMT:typinfo.obj
 0001:0000c424       ??_Gtype_info@@UEAAPEAXI@Z 000000018000d424 f i LIBCMT:typinfo.obj
 0001:0000c424       ??_Etype_info@@UEAAPEAXI@Z 000000018000d424 f i LIBCMT:typinfo.obj
 0001:0000c460       ?_name_internal_method@type_info@@QEBAPEBDPEAU__type_info_node@@@Z 000000018000d460 f   LIBCMT:typinfo.obj
 0001:0000c468       ?_type_info_dtor_internal_method@type_info@@QEAAXXZ 000000018000d468 f   LIBCMT:typinfo.obj
 0001:0000c470       ?before@type_info@@QEBA_NAEBV1@@Z 000000018000d470 f   LIBCMT:typinfo.obj
 0001:0000c490       ?name@type_info@@QEBAPEBDPEAU__type_info_node@@@Z 000000018000d490 f   LIBCMT:typinfo.obj
 0001:0000c498       ?raw_name@type_info@@QEBAPEBDXZ 000000018000d498 f   LIBCMT:typinfo.obj
 0001:0000c4a0       _get_purecall_handler      000000018000d4a0 f   LIBCMT:purevirt.obj
 0001:0000c4b0       _purecall                  000000018000d4b0 f   LIBCMT:purevirt.obj
 0001:0000c4dc       _set_purecall_handler      000000018000d4dc f   LIBCMT:purevirt.obj
[...]
 0004:00003054       $pdata$__crtCompareStringA 000000018005d054     LIBCMT:a_cmp.obj
 0004:00003060       $pdata$_fltin2             000000018005d060     LIBCMT:cfin.obj
 0004:0000306c       $pdata$_strdup             000000018005d06c     LIBCMT:strdup.obj
 0004:00003078       $pdata$_mbschr_l           000000018005d078     LIBCMT:mbschr.obj
 0004:00003084       $pdata$_strnicmp           000000018005d084     LIBCMT:strnicmp.obj
 0004:00003090       $pdata$_strnicmp_l         000000018005d090     LIBCMT:strnicmp.obj
 0004:0000309c       $pdata$strchr              000000018005d09c     LIBCMT:strchr.obj
 0004:000030a8       $pdata$??0bad_function_call@std@@QEAA@AEBV01@@Z 000000018005d0a8     libcpmt:xthrow.obj
 0004:000030b4       $pdata$??0bad_function_call@std@@QEAA@PEBD@Z 000000018005d0b4     libcpmt:xthrow.obj
 0004:000030c0       $pdata$??0invalid_argument@std@@QEAA@AEBV01@@Z 000000018005d0c0     libcpmt:xthrow.obj
 0004:000030cc       $pdata$??0invalid_argument@std@@QEAA@PEBD@Z 000000018005d0cc     libcpmt:xthrow.obj
 0004:000030d8       $pdata$??0length_error@std@@QEAA@AEBV01@@Z 000000018005d0d8     libcpmt:xthrow.obj
 0004:000030e4       $pdata$??0length_error@std@@QEAA@PEBD@Z 000000018005d0e4     libcpmt:xthrow.obj
 0004:000030f0       $pdata$??0logic_error@std@@QEAA@AEBV01@@Z 000000018005d0f0     libcpmt:xthrow.obj
 0004:000030fc       $pdata$??0logic_error@std@@QEAA@PEBD@Z 000000018005d0fc     libcpmt:xthrow.obj
 0004:00003108       $pdata$??0out_of_range@std@@QEAA@AEBV01@@Z 000000018005d108     libcpmt:xthrow.obj
 0004:00003114       $pdata$??0out_of_range@std@@QEAA@PEBD@Z 000000018005d114     libcpmt:xthrow.obj
 0004:00003120       $pdata$??0overflow_error@std@@QEAA@AEBV01@@Z 000000018005d120     libcpmt:xthrow.obj
 0004:0000312c       $pdata$??0overflow_error@std@@QEAA@PEBD@Z 000000018005d12c     libcpmt:xthrow.obj
 0004:00003138       $pdata$??0regex_error@std@@QEAA@AEBV01@@Z 000000018005d138     libcpmt:xthrow.obj
 0004:00003144       $pdata$??0regex_error@std@@QEAA@W4error_type@regex_constants@1@@Z 000000018005d144     libcpmt:xthrow.obj
 0004:00003150       $pdata$??0runtime_error@std@@QEAA@AEBV01@@Z 000000018005d150     libcpmt:xthrow.obj
 0004:0000315c       $pdata$??0runtime_error@std@@QEAA@PEBD@Z 000000018005d15c     libcpmt:xthrow.obj
 0004:00003168       $pdata$??_Gbad_function_call@std@@UEAAPEAXI@Z 000000018005d168     libcpmt:xthrow.obj
 0004:00003174       $pdata$??_Ginvalid_argument@std@@UEAAPEAXI@Z 000000018005d174     libcpmt:xthrow.obj
 0004:00003180       $pdata$??_Glength_error@std@@UEAAPEAXI@Z 000000018005d180     libcpmt:xthrow.obj
 0004:0000318c       $pdata$??_Glogic_error@std@@UEAAPEAXI@Z 000000018005d18c     libcpmt:xthrow.obj
 0004:00003198       $pdata$??_Gout_of_range@std@@UEAAPEAXI@Z 000000018005d198     libcpmt:xthrow.obj
 0004:000031a4       $pdata$??_Goverflow_error@std@@UEAAPEAXI@Z 000000018005d1a4     libcpmt:xthrow.obj
 0004:000031b0       $pdata$??_Gregex_error@std@@UEAAPEAXI@Z 000000018005d1b0     libcpmt:xthrow.obj
 0004:000031bc       $pdata$??_Gruntime_error@std@@UEAAPEAXI@Z 000000018005d1bc     libcpmt:xthrow.obj
 0004:000031c8       $pdata$?_Xbad_alloc@std@@YAXXZ 000000018005d1c8     libcpmt:xthrow.obj
 0004:000031d4       $pdata$?_Xbad_function_call@std@@YAXXZ 000000018005d1d4     libcpmt:xthrow.obj
 0004:000031e0       $pdata$?_Xinvalid_argument@std@@YAXPEBD@Z 000000018005d1e0     libcpmt:xthrow.obj
 0004:000031ec       $pdata$?_Xlength_error@std@@YAXPEBD@Z 000000018005d1ec     libcpmt:xthrow.obj
 0004:000031f8       $pdata$?_Xout_of_range@std@@YAXPEBD@Z 000000018005d1f8     libcpmt:xthrow.obj
 0004:00003204       $pdata$?_Xoverflow_error@std@@YAXPEBD@Z 000000018005d204     libcpmt:xthrow.obj
 0004:00003210       $pdata$?_Xregex_error@std@@YAXW4error_type@regex_constants@1@@Z 000000018005d210     libcpmt:xthrow.obj
 0004:0000321c       $pdata$?_Xruntime_error@std@@YAXPEBD@Z 000000018005d21c     libcpmt:xthrow.obj
 0004:00003228       $pdata$?dtor$0@?0???HWTL@@YA?AVCString@0@AEBV10@0@Z@4HA 000000018005d228     BugSplatImp.obj
 0004:00003234       $pdata$?catch$0@?0??AllocBuffer@CString@WTL@@IEAAHH@Z@4HA 000000018005d234     BugSplatImp.obj
 0004:00003240       $pdata$?dtor$0@?0??Left@CString@WTL@@QEBA?AV12@H@Z@4HA 000000018005d240     BugSplatImp.obj
 0004:0000324c       $pdata$?dtor$0@?0??Mid@CString@WTL@@QEBA?AV12@HH@Z@4HA 000000018005d24c     BugSplatImp.obj
 0004:00003258       $pdata$?catch$0@?0???$_Uninit_move@PEAVCString@WTL@@PEAV12@V?$allocator@VCString@WTL@@@std@@V12@@std@@YAPEAVCString@WTL@@PEAV12@00AEAU?$_Wrap_alloc@V?$allocator@VCString@WTL@@@std@@@0@0U_Nonscalar_ptr_iterator_tag@0@@Z@4HA 000000018005d258     mdump.obj
 0004:00003264       $pdata$?dtor$0@?0???$construct@VCString@WTL@@V12@@?$allocator@VCString@WTL@@@std@@QEAAXPEAVCString@WTL@@$$QEAV23@@Z@4HA 000000018005d264     mdump.obj
 0004:00003270       $pdata$?catch$0@?0??AtlMessageBox@WTL@@YAHPEAUHWND__@@V_U_STRINGorID@ATL@@1I@Z@4HA 000000018005d270     mdump.obj
 0004:0000327c       $pdata$?catch$1@?0??AtlMessageBox@WTL@@YAHPEAUHWND__@@V_U_STRINGorID@ATL@@1I@Z@4HA 000000018005d27c     mdump.obj
 0004:00003288       $pdata$?catch$1@?0??_Copy@?$basic_string@DU?$char_traits@D@std@@V?$allocator@D@2@@std@@QEAAX_K0@Z@4HA 000000018005d288     mdump.obj
 0004:00003294       $pdata$?catch$0@?0??_Copy@?$basic_string@DU?$char_traits@D@std@@V?$allocator@D@2@@std@@QEAAX_K0@Z@4HA 000000018005d294     mdump.obj
 0004:000032a0       $pdata$?catch$0@?0??_Reallocate@?$vector@VCString@WTL@@V?$allocator@VCString@WTL@@@std@@@std@@IEAAX_K@Z@4HA 000000018005d2a0     mdump.obj
 0004:000032ac       $pdata$?catch$0@?0??AddValue@CRegParser@ATL@@IEAAJAEAVCRegKey@2@PEB_WPEA_W@Z@4HA 000000018005d2ac     sbSenderApp.obj
 0004:000032b8       $pdata$?catch$1@?0??AddValue@CRegParser@ATL@@IEAAJAEAVCRegKey@2@PEB_WPEA_W@Z@4HA 000000018005d2b8     sbSenderApp.obj
 0004:000032c4       $pdata$?catch$0@?0??Init@CAppModule@WTL@@QEAAJPEAU_ATL_OBJMAP_ENTRY30@ATL@@PEAUHINSTANCE__@@PEBU_GUID@@@Z@4HA 000000018005d2c4     sbSenderApp.obj
 0004:000032d0       $pdata$?catch$0@?0??RegisterFromResource@CRegObject@ATL@@IEAAJPEB_W00H@Z@4HA 000000018005d2d0     sbSenderApp.obj
 0004:000032dc       $pdata$?fin$0@?0???_M@YAXPEAX_KHP6AX0@Z@Z@4HA 000000018005d2dc     LIBCMT:ehvecdtr.obj
 0004:000032e8       $pdata$?filt$0@?0??__ArrayUnwind@@YAXPEAX_KHP6AX0@Z@Z@4HA 000000018005d2e8     LIBCMT:ehvecdtr.obj
 0004:000032f4       $pdata$doexit$fin$0        000000018005d2f4     LIBCMT:crt0dat.obj
 0004:00003300       $pdata$_CallSETranslator$filt$0 000000018005d300     LIBCMT:trnsctrl.obj
 0004:0000330c       $pdata$_onexit$fin$0       000000018005d30c     LIBCMT:onexit.obj
 0004:00003318       $pdata$fwprintf$fin$0      000000018005d318     LIBCMT:fwprintf.obj
 0004:00003324       $pdata$wprintf$fin$0       000000018005d324     LIBCMT:wprintf.obj
 0004:00003330       $pdata$_wfsopen$fin$0      000000018005d330     LIBCMT:wfopen.obj
 0004:0000333c       $pdata$fclose$fin$0        000000018005d33c     LIBCMT:fclose.obj
 0004:00003348       $pdata$_callthreadstartex$filt$0 000000018005d348     LIBCMT:threadex.obj
 0004:00003354       $pdata$ctrlevent_capture$fin$0 000000018005d354     LIBCMT:winsig.obj
 0004:00003360       $pdata$raise$fin$0         000000018005d360     LIBCMT:winsig.obj
 0004:0000336c       $pdata$signal$fin$0        000000018005d36c     LIBCMT:winsig.obj
 0004:00003378       $pdata$_CRT_INIT$fin$0     000000018005d378     LIBCMT:dllcrt0.obj
 0004:00003384       $pdata$__DllMainCRTStartup$filt$0 000000018005d384     LIBCMT:dllcrt0.obj
 0004:00003390       $pdata$_mtinitlocknum$fin$0 000000018005d390     LIBCMT:mlock.obj
 0004:0000339c       $pdata$_IsNonwritableInCurrentImage$filt$0 000000018005d39c     LIBCMT:pesect.obj
 0004:000033a8       $pdata$__updatetmbcinfo$fin$0 000000018005d3a8     LIBCMT:mbctype.obj
 0004:000033b4       $pdata$_setmbcp$fin$0      000000018005d3b4     LIBCMT:mbctype.obj
 0004:000033c0       $pdata$_freefls$fin$1      000000018005d3c0     LIBCMT:tidtable.obj
 0004:000033cc       $pdata$_freefls$fin$0      000000018005d3cc     LIBCMT:tidtable.obj
 0004:000033d8       $pdata$_initptd$fin$1      000000018005d3d8     LIBCMT:tidtable.obj
 0004:000033e4       $pdata$_initptd$fin$0      000000018005d3e4     LIBCMT:tidtable.obj
 0004:000033f0       $pdata$__CxxCallCatchBlock$filt$0 000000018005d3f0     LIBCMT:frame.obj
 0004:000033fc       $pdata$__CxxCallCatchBlock$fin$1 000000018005d3fc     LIBCMT:frame.obj
 0004:00003408       $pdata$__CxxExceptionFilter$fin$0 000000018005d408     LIBCMT:frame.obj
 0004:00003414       $pdata$__DestructExceptionObject$filt$0 000000018005d414     LIBCMT:frame.obj
 0004:00003420       $pdata$__FrameUnwindToState$filt$0 000000018005d420     LIBCMT:frame.obj
 0004:0000342c       $pdata$__FrameUnwindToState$fin$1 000000018005d42c     LIBCMT:frame.obj
 0004:00003438       $pdata$?fin$0@?0??_Name_base@type_info@@CAPEBDPEBV1@PEAU__type_info_node@@@Z@4HA 000000018005d438     LIBCMT:typname.obj
 0004:00003444       $pdata$?fin$0@?0??_Name_base_internal@type_info@@CAPEBDPEBV1@PEAU__type_info_node@@@Z@4HA 000000018005d444     LIBCMT:typname.obj
 0004:00003450       $pdata$?fin$0@?0??_Type_info_dtor@type_info@@CAXPEAV1@@Z@4HA 000000018005d450     LIBCMT:typname.obj
 0004:0000345c       $pdata$?fin$0@?0??_Type_info_dtor_internal@type_info@@CAXPEAV1@@Z@4HA 000000018005d45c     LIBCMT:typname.obj
 0004:00003468       $pdata$__clean_type_info_names_internal$fin$0 000000018005d468     LIBCMT:typname.obj
 0004:00003474       $pdata$__updatetlocinfo$fin$0 000000018005d474     LIBCMT:localref.obj
 0004:00003480       $pdata$vfwprintf_helper$fin$0 000000018005d480     LIBCMT:vfwprint.obj
 0004:0000348c       $pdata$vwprintf_helper$fin$0 000000018005d48c     LIBCMT:vwprintf.obj
 0004:00003498       $pdata$_getstream$fin$0    000000018005d498     LIBCMT:stream.obj
 0004:000034a4       $pdata$__tzset$fin$0       000000018005d4a4     LIBCMT:tzset.obj
 0004:000034b0       $pdata$_isindst$fin$0      000000018005d4b0     LIBCMT:tzset.obj
 0004:000034bc       $pdata$_tzset$fin$0        000000018005d4bc     LIBCMT:tzset.obj
 0004:000034c8       $pdata$_tzset_nolock$fin$0 000000018005d4c8     LIBCMT:tzset.obj
 0004:000034d4       $pdata$_close$fin$0        000000018005d4d4     LIBCMT:close.obj
 0004:000034e0       $pdata$fflush$fin$0        000000018005d4e0     LIBCMT:fflush.obj
 0004:000034ec       $pdata$flsall$fin$0        000000018005d4ec     LIBCMT:fflush.obj
 0004:000034f8       $pdata$flsall$fin$1        000000018005d4f8     LIBCMT:fflush.obj
 0004:00003504       $pdata$_ctrlfp$filt$0      000000018005d504     LIBCMT:fpctrl.obj
 0004:00003510       $pdata$?catch$0@?0???2@YAPEAX_KAEBUnothrow_t@std@@@Z@4HA 000000018005d510     LIBCMT:newopnt.obj
 0004:0000351c       $pdata$_ioinit$fin$0       000000018005d51c     LIBCMT:ioinit.obj
 0004:00003528       $pdata$__unDName$fin$0     000000018005d528     LIBCMT:undname.obj
 0004:00003534       $pdata$__unDNameEx$fin$0   000000018005d534     LIBCMT:undname.obj
 0004:00003540       $pdata$_free_locale$fin$1  000000018005d540     LIBCMT:wsetloca.obj
 0004:0000354c       $pdata$_free_locale$fin$0  000000018005d54c     LIBCMT:wsetloca.obj
 0004:00003558       $pdata$_get_current_locale$fin$1 000000018005d558     LIBCMT:wsetloca.obj
 0004:00003564       $pdata$_get_current_locale$fin$0 000000018005d564     LIBCMT:wsetloca.obj
 0004:00003570       $pdata$_locterm$fin$0      000000018005d570     LIBCMT:wsetloca.obj
 0004:0000357c       $pdata$_wsetlocale$fin$1   000000018005d57c     LIBCMT:wsetloca.obj
 0004:00003588       $pdata$_wsetlocale$fin$0   000000018005d588     LIBCMT:wsetloca.obj
 0004:00003594       $pdata$_wsetlocale$fin$2   000000018005d594     LIBCMT:wsetloca.obj
 0004:000035a0       $pdata$_fcloseall$fin$0    000000018005d5a0     LIBCMT:closeall.obj
 0004:000035ac       $pdata$printf$fin$0        000000018005d5ac     LIBCMT:printf.obj
 0004:000035b8       $pdata$fputwc$fin$0        000000018005d5b8     LIBCMT:fputwc.obj
 0004:000035c4       $pdata$_write$fin$0        000000018005d5c4     LIBCMT:write.obj
 0004:000035d0       $pdata$_lseeki64$fin$0     000000018005d5d0     LIBCMT:lseeki64.obj
 0004:000035dc       $pdata$_wopen$fin$0        000000018005d5dc     LIBCMT:wopen.obj
 0004:000035e8       $pdata$_wsopen_helper$fin$0 000000018005d5e8     LIBCMT:wopen.obj
 0004:000035f4       $pdata$_dupenv_s$fin$0     000000018005d5f4     LIBCMT:getenv.obj
 0004:00003600       $pdata$getenv$fin$0        000000018005d600     LIBCMT:getenv.obj
 0004:0000360c       $pdata$getenv_s$fin$0      000000018005d60c     LIBCMT:getenv.obj
 0004:00003618       $pdata$__lock_fhandle$fin$0 000000018005d618     LIBCMT:osfinfo.obj
 0004:00003624       $pdata$_alloc_osfhnd$fin$0 000000018005d624     LIBCMT:osfinfo.obj
 0004:00003630       $pdata$_alloc_osfhnd$fin$1 000000018005d630     LIBCMT:osfinfo.obj
 0004:0000363c       $pdata$_open_osfhandle$fin$0 000000018005d63c     LIBCMT:osfinfo.obj
 0004:00003648       $pdata$_commit$fin$0       000000018005d648     LIBCMT:commit.obj
 0004:00003654       $pdata$vprintf_helper$fin$0 000000018005d654     LIBCMT:vprintf.obj
 0004:00003660       $pdata$_putwch$fin$0       000000018005d660     LIBCMT:putwch.obj
 0004:0000366c       $pdata$_chsize_s$fin$0     000000018005d66c     LIBCMT:chsize.obj
 0004:00003678       $pdata$_read$fin$0         000000018005d678     LIBCMT:read.obj
 0004:00003684       $pdata$_setmode$fin$0      000000018005d684     LIBCMT:setmode.obj
 0004:00003690       $pdata$_putch$fin$0        000000018005d690     LIBCMT:putch.obj
 0004:0000369c       $pdata$??__FstrApp@?CN@??SendReportThreaded@MiniDumper@@SAIPEAX@Z@YAXXZ 000000018005d69c     mdump.obj
 0004:000036a8       $pdata$??__F_Module@@YAXXZ 000000018005d6a8     sbSenderApp.obj
 0004:000036b4       $pdata$??__F_AtlWinModule@ATL@@YAXXZ 000000018005d6b4     StdAfx.obj
 0005:00000120       $R000000                   000000018005e120     sbSenderDll.res
 0005:00000448       $R000328                   000000018005e448     sbSenderDll.res
 0005:00000680       $R000560                   000000018005e680     sbSenderDll.res
 0005:00000a98       $R000978                   000000018005ea98     sbSenderDll.res

 Exports

  ordinal    name

        1    ??0BugSplatImp@@QEAA@XZ (public: __cdecl BugSplatImp::BugSplatImp(void))
        2    ??0MiniDmpSender@@QEAA@AEBV0@@Z (public: __cdecl MiniDmpSender::MiniDmpSender(class MiniDmpSender const &))
        3    ??0MiniDmpSender@@QEAA@PEB_W000K@Z (public: __cdecl MiniDmpSender::MiniDmpSender(wchar_t const *,wchar_t const *,wchar_t const *,wchar_t const *,unsigned long))
        4    ??1MiniDmpSender@@UEAA@XZ (public: virtual __cdecl MiniDmpSender::~MiniDmpSender(void))
        5    ??4BugSplatImp@@QEAAAEAV0@AEBV0@@Z (public: class BugSplatImp & __cdecl BugSplatImp::operator=(class BugSplatImp const &))
        6    ??4MiniDmpSender@@QEAAAEAV0@AEBV0@@Z (public: class MiniDmpSender & __cdecl MiniDmpSender::operator=(class MiniDmpSender const &))
        7    ??_7MiniDmpSender@@6B@ (const MiniDmpSender::`vftable')
        8    ?CreateMiniDump@BugSplatImp@@QEAAHPEAUHINSTANCE__@@KPEAXKPEAU_EXCEPTION_POINTERS@@PEB_WPEA_WK@Z (public: int __cdecl BugSplatImp::CreateMiniDump(struct HINSTANCE__ *,unsigned long,void *,unsigned long,struct _EXCEPTION_POINTERS *,wchar_t const *,wchar_t *,unsigned long))
        9    ?DoFullMemoryDumpThenExit@BugSplatImp@@2_NA (public: static bool BugSplatImp::DoFullMemoryDumpThenExit)
       10    ?GetReducedGuid@BugSplatImp@@QEAAXPEA_WK@Z (public: void __cdecl BugSplatImp::GetReducedGuid(wchar_t *,unsigned long))
       11    ?MiniDumpType@BugSplatImp@@2W4_BS_MINIDUMP_TYPE@MiniDmpSender@@A (public: static enum MiniDmpSender::_BS_MINIDUMP_TYPE BugSplatImp::MiniDumpType)
       12    ?ReduceGuidString@BugSplatImp@@QEAAXPEA_WK@Z (public: void __cdecl BugSplatImp::ReduceGuidString(wchar_t *,unsigned long))
       13    ?ResumeSuspendedThreads@BugSplatImp@@QEAAXXZ (public: void __cdecl BugSplatImp::ResumeSuspendedThreads(void))
       14    ?SuspendAllThreadsInProcess@BugSplatImp@@QEAAXPEAX@Z (public: void __cdecl BugSplatImp::SuspendAllThreadsInProcess(void *))
       15    ?SuspendThreadsInCurrentProcess@BugSplatImp@@QEAAXXZ (public: void __cdecl BugSplatImp::SuspendThreadsInCurrentProcess(void))
       16    ?createReport@MiniDmpSender@@QEAAXPEAU_EXCEPTION_POINTERS@@@Z (public: void __cdecl MiniDmpSender::createReport(struct _EXCEPTION_POINTERS *))
       17    ?createReport@MiniDmpSender@@QEAAXPEB_W@Z (public: void __cdecl MiniDmpSender::createReport(wchar_t const *))
       18    ?createReport@MiniDmpSender@@QEAAXXZ (public: void __cdecl MiniDmpSender::createReport(void))
       19    ?createReportAndExit@MiniDmpSender@@QEAAXXZ (public: void __cdecl MiniDmpSender::createReportAndExit(void))
       20    ?enableExceptionFilter@MiniDmpSender@@QEAA_N_N@Z (public: bool __cdecl MiniDmpSender::enableExceptionFilter(bool))
       21    ?enableFullMemoryDumpAndExit@MiniDmpSender@@QEAA_N_N@Z (public: bool __cdecl MiniDmpSender::enableFullMemoryDumpAndExit(bool))
       22    ?getFlags@MiniDmpSender@@QEBAKXZ (public: unsigned long __cdecl MiniDmpSender::getFlags(void)const )
       23    ?getMiniDumpType@MiniDmpSender@@QEBA?AW4_BS_MINIDUMP_TYPE@1@XZ (public: enum MiniDmpSender::_BS_MINIDUMP_TYPE __cdecl MiniDmpSender::getMiniDumpType(void)const )
       24    ?getMinidumpPath@MiniDmpSender@@QEAAXPEA_W_K@Z (public: void __cdecl MiniDmpSender::getMinidumpPath(wchar_t *,unsigned __int64))
       25    ?imp@MiniDmpSender@@QEAAPEAXXZ (public: void * __cdecl MiniDmpSender::imp(void))
       26    ?isExceptionFilterEnabled@MiniDmpSender@@QEBA_NXZ (public: bool __cdecl MiniDmpSender::isExceptionFilterEnabled(void)const )
       27    ?isFullMemoryDumpAndExitEnabled@MiniDmpSender@@QEBA_NXZ (public: bool __cdecl MiniDmpSender::isFullMemoryDumpAndExitEnabled(void)const )
       28    ?removeAdditionalFile@MiniDmpSender@@QEAA_NPEB_W@Z (public: bool __cdecl MiniDmpSender::removeAdditionalFile(wchar_t const *))
       29    ?resetAppIdentifier@MiniDmpSender@@QEAAXPEB_W@Z (public: void __cdecl MiniDmpSender::resetAppIdentifier(wchar_t const *))
       30    ?resetVersionString@MiniDmpSender@@QEAAXPEB_W@Z (public: void __cdecl MiniDmpSender::resetVersionString(wchar_t const *))
       31    ?sendAdditionalFile@MiniDmpSender@@QEAAXPEB_W@Z (public: void __cdecl MiniDmpSender::sendAdditionalFile(wchar_t const *))
       32    ?setCallback@MiniDmpSender@@QEAAXP6A_NIPEAX0@Z@Z (public: void __cdecl MiniDmpSender::setCallback(bool (__cdecl*)(unsigned int,void *,void *)))
       33    ?setDefaultUserDescription@MiniDmpSender@@QEAAXPEB_W@Z (public: void __cdecl MiniDmpSender::setDefaultUserDescription(wchar_t const *))
       34    ?setDefaultUserEmail@MiniDmpSender@@QEAAXPEB_W@Z (public: void __cdecl MiniDmpSender::setDefaultUserEmail(wchar_t const *))
       35    ?setDefaultUserName@MiniDmpSender@@QEAAXPEB_W@Z (public: void __cdecl MiniDmpSender::setDefaultUserName(wchar_t const *))
       36    ?setFlags@MiniDmpSender@@QEAA_NK@Z (public: bool __cdecl MiniDmpSender::setFlags(unsigned long))
       37    ?setMiniDumpType@MiniDmpSender@@QEAAXW4_BS_MINIDUMP_TYPE@1@@Z (public: void __cdecl MiniDmpSender::setMiniDumpType(enum MiniDmpSender::_BS_MINIDUMP_TYPE))
       38    ?setResourceDllPath@MiniDmpSender@@QEAAXPEB_W@Z (public: void __cdecl MiniDmpSender::setResourceDllPath(wchar_t const *))
       39    ?setUserZipPath@MiniDmpSender@@QEAAXPEB_W@Z (public: void __cdecl MiniDmpSender::setUserZipPath(wchar_t const *))
       40    ?unhandledExceptionHandler@MiniDmpSender@@QEAAJPEAU_EXCEPTION_POINTERS@@@Z (public: long __cdecl MiniDmpSender::unhandledExceptionHandler(struct _EXCEPTION_POINTERS *))
