 BugSplat64

 Timestamp is 5b48f3cb (Fri Jul 13 18:47:39 2018)

 Preferred load address is 0000000180000000

 Start         Length     Name                   Class
 0001:00000000 00000158H .text$di                CODE
 0001:00000160 0003abe6H .text$mn                CODE
 0001:0003ad50 000010d6H .text$x                 CODE
 0001:0003be28 000001bfH .text$yd                CODE
 0002:00000000 000004f0H .idata$5                DATA
 0002:000004f0 00000008H .CRT$XCA                DATA
 0002:000004f8 00000008H .CRT$XCL                DATA
 0002:00000500 00000038H .CRT$XCU                DATA
 0002:00000538 00000008H .CRT$XCZ                DATA
 0002:00000540 00000008H .CRT$XIA                DATA
 0002:00000548 00000020H .CRT$XIC                DATA
 0002:00000568 00000008H .CRT$XIZ                DATA
 0002:00000570 00000008H .CRT$XPA                DATA
 0002:00000578 00000010H .CRT$XPX                DATA
 0002:00000588 00000008H .CRT$XPXA               DATA
 0002:00000590 00000008H .CRT$XPZ                DATA
 0002:00000598 00000008H .CRT$XTA                DATA
 0002:000005a0 00000008H .CRT$XTZ                DATA
 0002:000005b0 0000b990H .rdata                  DATA
 0002:0000bf40 00000058H .rdata$debug            DATA
 0002:0000bf98 00001114H .rdata$r                DATA
 0002:0000d0b0 00000008H .rtc$IAA                DATA
 0002:0000d0b8 00000008H .rtc$IZZ                DATA
 0002:0000d0c0 00000008H .rtc$TAA                DATA
 0002:0000d0c8 00000008H .rtc$TZZ                DATA
 0002:0000d0d0 00005248H .xdata                  DATA
 0002:00012318 00000484H .xdata$x                DATA
 0002:000127a0 00000008H ATL$__a                 DATA
 0002:000127a8 00000008H ATL$__z                 DATA
 0002:000127b0 0000092bH .edata                  DATA
 0002:000130dc 000000a0H .idata$2                DATA
 0002:0001317c 00000014H .idata$3                DATA
 0002:00013190 000004f0H .idata$4                DATA
 0002:00013680 00000ac8H .idata$6                DATA
 0003:00000000 00001a98H .data                   DATA
 0003:00001a98 000005f6H .data$r                 DATA
 0003:000020a0 00005010H .bss                    DATA
 0004:00000000 000036ccH .pdata                  DATA
 0005:00000000 00000118H .rsrc$01                DATA
 0005:00000120 00000af8H .rsrc$02                DATA

  Address         Publics by Value              Rva+Base               Lib:Object

 0000:00000000       ___safe_se_handler_count   0000000000000000     <absolute>
 0000:00000000       __guard_fids_count         0000000000000000     <absolute>
 0000:00000000       __guard_flags              0000000000000000     <absolute>
 0000:00000000       ___safe_se_handler_table   0000000000000000     <absolute>
 0000:00000000       __guard_fids_table         0000000000000000     <absolute>
 0000:00000000       __ImageBase                0000000180000000     <linker-defined>
 0001:00000160       ??0BugSplatImp@@QEAA@XZ    0000000180001160 f   BugSplatImp.obj
 0001:00000188       ??0CString@WTL@@QEAA@AEBV01@@Z 0000000180001188 f i BugSplatImp.obj
 0001:000001e0       ??0CString@WTL@@QEAA@PEB_W@Z 00000001800011e0 f i BugSplatImp.obj
 0001:00000268       ??0CString@WTL@@QEAA@XZ    0000000180001268 f i BugSplatImp.obj
 0001:00000278       ??0MiniDmpSender@@QEAA@AEBV0@@Z 0000000180001278 f i BugSplatImp.obj
 0001:00000290       ??1CString@WTL@@QEAA@XZ    0000000180001290 f i BugSplatImp.obj
 0001:000002bc       ??4BugSplatImp@@QEAAAEAV0@AEBV0@@Z 00000001800012bc f i BugSplatImp.obj
 0001:00000324       ??4CString@WTL@@QEAAAEAV01@AEBV01@@Z 0000000180001324 f i BugSplatImp.obj
 0001:000003a4       ??4CString@WTL@@QEAAAEAV01@PEB_W@Z 00000001800013a4 f i BugSplatImp.obj
 0001:000003e0       ??4MiniDmpSender@@QEAAAEAV0@AEBV0@@Z 00000001800013e0 f i BugSplatImp.obj
 0001:000003ec       ??ACString@WTL@@QEBA_WH@Z  00000001800013ec f i BugSplatImp.obj
 0001:000003f8       ??BCString@WTL@@QEBAPEB_WXZ 00000001800013f8 f i BugSplatImp.obj
 0001:000003fc       ??HWTL@@YA?AVCString@0@AEBV10@0@Z 00000001800013fc f i BugSplatImp.obj
 0001:00000450       ??YCString@WTL@@QEAAAEAV01@PEB_W@Z 0000000180001450 f i BugSplatImp.obj
 0001:0000048c       ??YCString@WTL@@QEAAAEAV01@_W@Z 000000018000148c f i BugSplatImp.obj
 0001:000004b4       ??_EMiniDmpSender@@UEAAPEAXI@Z 00000001800014b4 f i BugSplatImp.obj
 0001:00000520       ??_GMiniDmpSender@@UEAAPEAXI@Z 0000000180001520 f i BugSplatImp.obj
 0001:00000550       ?AllocBeforeWrite@CString@WTL@@IEAAHH@Z 0000000180001550 f i BugSplatImp.obj
 0001:000005b0       ?AllocBuffer@CString@WTL@@IEAAHH@Z 00000001800015b0 f i BugSplatImp.obj
 0001:0000063c       ?AllocCopy@CString@WTL@@IEBAHAEAV12@HHH@Z 000000018000163c f i BugSplatImp.obj
 0001:000006c0       ?AssignCopy@CString@WTL@@IEAAXHPEB_W@Z 00000001800016c0 f i BugSplatImp.obj
 0001:00000764       ?ConcatCopy@CString@WTL@@IEAAHHPEB_WH0@Z 0000000180001764 f i BugSplatImp.obj
 0001:000007f0       ?ConcatInPlace@CString@WTL@@IEAAXHPEB_W@Z 00000001800017f0 f i BugSplatImp.obj
 0001:0000089c       ?CopyBeforeWrite@CString@WTL@@IEAAXXZ 000000018000189c f i BugSplatImp.obj
 0001:0000090c       ?CreateMiniDump@BugSplatImp@@QEAAHPEAUHINSTANCE__@@KPEAXKPEAU_EXCEPTION_POINTERS@@PEB_WPEA_WK@Z 000000018000190c f   BugSplatImp.obj
 0001:00000ba8       ?Find@CString@WTL@@QEBAHPEB_W@Z 0000000180001ba8 f i BugSplatImp.obj
 0001:00000bd8       ?Find@CString@WTL@@QEBAHPEB_WH@Z 0000000180001bd8 f i BugSplatImp.obj
 0001:00000c14       ?GetBuffer@CString@WTL@@QEAAPEA_WH@Z 0000000180001c14 f i BugSplatImp.obj
 0001:00000c94       ?GetData@CString@WTL@@IEBAPEAUCStringData@2@XZ 0000000180001c94 f i BugSplatImp.obj
 0001:00000c9c       ?GetLength@CString@WTL@@QEBAHXZ 0000000180001c9c f i BugSplatImp.obj
 0001:00000ca4       ?GetReducedGuid@BugSplatImp@@QEAAXPEA_WK@Z 0000000180001ca4 f   BugSplatImp.obj
 0001:00000d80       ?GetResourceInstance@CAtlBaseModule@ATL@@QEAAPEAUHINSTANCE__@@XZ 0000000180001d80 f i BugSplatImp.obj
 0001:00000d88       ?Init@CString@WTL@@IEAAXXZ 0000000180001d88 f i BugSplatImp.obj
 0001:00000d94       ?Left@CString@WTL@@QEBA?AV12@H@Z 0000000180001d94 f i BugSplatImp.obj
 0001:00000df0       ?LoadStringW@CString@WTL@@QEAAHI@Z 0000000180001df0 f i BugSplatImp.obj
 0001:00000f04       ?MakeUpper@CString@WTL@@QEAAXXZ 0000000180001f04 f i BugSplatImp.obj
 0001:00000f24       ?Mid@CString@WTL@@QEBA?AV12@H@Z 0000000180001f24 f i BugSplatImp.obj
 0001:00000f4c       ?Mid@CString@WTL@@QEBA?AV12@HH@Z 0000000180001f4c f i BugSplatImp.obj
 0001:00000fc8       ?ReduceGuidString@BugSplatImp@@QEAAXPEA_WK@Z 0000000180001fc8 f   BugSplatImp.obj
 0001:0000138c       ?Release@CString@WTL@@IEAAXXZ 000000018000238c f i BugSplatImp.obj
 0001:000013c8       ?Release@CString@WTL@@KAXPEAUCStringData@2@@Z 00000001800023c8 f i BugSplatImp.obj
 0001:000013e8       ?ReleaseBuffer@CString@WTL@@QEAAXH@Z 00000001800023e8 f i BugSplatImp.obj
 0001:0000142c       ?ResumeSuspendedThreads@BugSplatImp@@QEAAXXZ 000000018000242c f   BugSplatImp.obj
 0001:0000148c       ?SafeStrlen@CString@WTL@@KAHPEB_W@Z 000000018000248c f i BugSplatImp.obj
 0001:000014a4       ?SuspendAllThreadsInProcess@BugSplatImp@@QEAAXPEAX@Z 00000001800024a4 f   BugSplatImp.obj
 0001:00001578       ?SuspendThreadsInCurrentProcess@BugSplatImp@@QEAAXXZ 0000000180002578 f   BugSplatImp.obj
 0001:0000166c       ?UINTtoWchar_t@@YA_WI@Z    000000018000266c f   BugSplatImp.obj
 0001:00001690       ?Wchar_tToUINT@@YAI_W@Z    0000000180002690 f   BugSplatImp.obj
 0001:000016c0       ?_GetEmptyString@CString@WTL@@KAAEBV12@XZ 00000001800026c0 f i BugSplatImp.obj
 0001:000016c8       ?_LoadString@CString@WTL@@KAHIPEA_WI@Z 00000001800026c8 f i BugSplatImp.obj
 0001:000016f8       ?_cstrstr@CString@WTL@@KAPEB_WPEB_W0@Z 00000001800026f8 f i BugSplatImp.obj
 0001:00001700       ?combine1_4@@YAIII@Z       0000000180002700 f   BugSplatImp.obj
 0001:0000170c       ?combine2_3@@YAIII@Z       000000018000270c f   BugSplatImp.obj
 0001:0000171c       ?combine3_2@@YAIII@Z       000000018000271c f   BugSplatImp.obj
 0001:0000172c       ?combine4_1@@YAIII@Z       000000018000272c f   BugSplatImp.obj
 0001:00001738       ?combineLast3@@YAII@Z      0000000180002738 f   BugSplatImp.obj
 0001:00001740       ?createReportAndExit@MiniDmpSender@@QEAAXXZ 0000000180002740 f i BugSplatImp.obj
 0001:00001774       ?data@CStringData@WTL@@QEAAPEA_WXZ 0000000180002774 f i BugSplatImp.obj
 0001:0000177c       ??$_Allocate@D@std@@YAPEAD_KPEAD@Z 000000018000277c f i mdump.obj
 0001:000017a4       ??$_Allocate@VCString@WTL@@@std@@YAPEAVCString@WTL@@_KPEAV12@@Z 00000001800027a4 f i mdump.obj
 0001:000017d8       ??$_Destroy_range@U?$_Wrap_alloc@V?$allocator@VCString@WTL@@@std@@@std@@@std@@YAXPEAVCString@WTL@@0AEAU?$_Wrap_alloc@V?$allocator@VCString@WTL@@@std@@@0@@Z 00000001800027d8 f i mdump.obj
 0001:00001824       ??$_Destroy_range@U?$_Wrap_alloc@V?$allocator@VCString@WTL@@@std@@@std@@@std@@YAXPEAVCString@WTL@@0AEAU?$_Wrap_alloc@V?$allocator@VCString@WTL@@@std@@@0@U_Nonscalar_ptr_iterator_tag@0@@Z 0000000180002824 f i mdump.obj
 0001:00001870       ??$_Ptr_cat@VCString@WTL@@V12@@std@@YA?AU_Nonscalar_ptr_iterator_tag@0@PEAVCString@WTL@@0@Z 0000000180002870 f i mdump.obj
 0001:00001878       ??$_Rechecked@PEAVCString@WTL@@PEAV12@@std@@YAAEAPEAVCString@WTL@@AEAPEAV12@PEAV12@@Z 0000000180002878 f i mdump.obj
 0001:00001880       ??$_Umove@PEAVCString@WTL@@@?$vector@VCString@WTL@@V?$allocator@VCString@WTL@@@std@@@std@@IEAAPEAVCString@WTL@@PEAV23@00@Z 0000000180002880 f i mdump.obj
 0001:000018b4       ??$_Unchecked@PEAVCString@WTL@@@std@@YAPEAVCString@WTL@@PEAV12@@Z 00000001800028b4 f i mdump.obj
 0001:000018b8       ??$_Uninit_move@PEAVCString@WTL@@PEAV12@U?$_Wrap_alloc@V?$allocator@VCString@WTL@@@std@@@std@@@std@@YAPEAVCString@WTL@@PEAV12@00AEAU?$_Wrap_alloc@V?$allocator@VCString@WTL@@@std@@@0@@Z 00000001800028b8 f i mdump.obj
 0001:000018d4       ??$_Uninit_move@PEAVCString@WTL@@PEAV12@V?$allocator@VCString@WTL@@@std@@V12@@std@@YAPEAVCString@WTL@@PEAV12@00AEAU?$_Wrap_alloc@V?$allocator@VCString@WTL@@@std@@@0@0U_Nonscalar_ptr_iterator_tag@0@@Z 00000001800028d4 f i mdump.obj
 0001:00001934       ??$_Uninitialized_move@PEAVCString@WTL@@PEAV12@U?$_Wrap_alloc@V?$allocator@VCString@WTL@@@std@@@std@@@std@@YAPEAVCString@WTL@@PEAV12@00AEAU?$_Wrap_alloc@V?$allocator@VCString@WTL@@@std@@@0@@Z 0000000180002934 f i mdump.obj
 0001:00001950       ??$_Val_type@PEAVCString@WTL@@@std@@YAPEAVCString@WTL@@PEAV12@@Z 0000000180002950 f i mdump.obj
 0001:00001954       ??$addressof@D@std@@YAPEADAEAD@Z 0000000180002954 f i mdump.obj
 0001:00001958       ??$addressof@VCString@WTL@@@std@@YAPEAVCString@WTL@@AEAV12@@Z 0000000180002958 f i mdump.obj
 0001:0000195c       ??$construct@PEADAEAPEAD@?$_Wrap_alloc@V?$allocator@D@std@@@std@@QEAAXPEAPEADAEAPEAD@Z 000000018000295c f i mdump.obj
 0001:00001968       ??$construct@PEADAEAPEAD@?$allocator@D@std@@QEAAXPEAPEADAEAPEAD@Z 0000000180002968 f i mdump.obj
 0001:00001974       ??$construct@PEADAEAPEAD@?$allocator_traits@V?$allocator@D@std@@@std@@SAXAEAV?$allocator@D@1@PEAPEADAEAPEAD@Z 0000000180002974 f i mdump.obj
 0001:00001980       ??$construct@VCString@WTL@@V12@@?$_Wrap_alloc@V?$allocator@VCString@WTL@@@std@@@std@@QEAAXPEAVCString@WTL@@$$QEAV23@@Z 0000000180002980 f i mdump.obj
 0001:00001988       ??$construct@VCString@WTL@@V12@@?$allocator@VCString@WTL@@@std@@QEAAXPEAVCString@WTL@@$$QEAV23@@Z 0000000180002988 f i mdump.obj
 0001:000019f8       ??$construct@VCString@WTL@@V12@@?$allocator_traits@V?$allocator@VCString@WTL@@@std@@@std@@SAXAEAV?$allocator@VCString@WTL@@@1@PEAVCString@WTL@@$$QEAV34@@Z 00000001800029f8 f i mdump.obj
 0001:00001a00       ??$destroy@PEAD@?$_Wrap_alloc@V?$allocator@D@std@@@std@@QEAAXPEAPEAD@Z 0000000180002a00 f i mdump.obj
 0001:00001a04       ??$destroy@PEAD@?$allocator@D@std@@QEAAXPEAPEAD@Z 0000000180002a04 f i mdump.obj
 0001:00001a08       ??$destroy@PEAD@?$allocator_traits@V?$allocator@D@std@@@std@@SAXAEAV?$allocator@D@1@PEAPEAD@Z 0000000180002a08 f i mdump.obj
 0001:00001a0c       ??$destroy@VCString@WTL@@@?$_Wrap_alloc@V?$allocator@VCString@WTL@@@std@@@std@@QEAAXPEAVCString@WTL@@@Z 0000000180002a0c f i mdump.obj
 0001:00001a38       ??$destroy@VCString@WTL@@@?$allocator@VCString@WTL@@@std@@QEAAXPEAVCString@WTL@@@Z 0000000180002a38 f i mdump.obj
 0001:00001a64       ??$destroy@VCString@WTL@@@?$allocator_traits@V?$allocator@VCString@WTL@@@std@@@std@@SAXAEAV?$allocator@VCString@WTL@@@1@PEAVCString@WTL@@@Z 0000000180002a64 f i mdump.obj
 0001:00001a90       ??$forward@AEAPEAD@std@@YAAEAPEADAEAPEAD@Z 0000000180002a90 f i mdump.obj
 0001:00001a94       ??$forward@VCString@WTL@@@std@@YA$$QEAVCString@WTL@@AEAV12@@Z 0000000180002a94 f i mdump.obj
 0001:00001a98       ??0?$_String_alloc@$0A@U?$_String_base_types@DV?$allocator@D@std@@@std@@@std@@QEAA@AEBV?$allocator@D@1@@Z 0000000180002a98 f i mdump.obj
 0001:00001aa8       ??0?$_String_val@U?$_Simple_types@D@std@@@std@@QEAA@XZ 0000000180002aa8 f i mdump.obj
 0001:00001ab8       ??0?$_Vector_alloc@$0A@U?$_Vec_base_types@VCString@WTL@@V?$allocator@VCString@WTL@@@std@@@std@@@std@@QEAA@AEBV?$allocator@VCString@WTL@@@1@@Z 0000000180002ab8 f i mdump.obj
 0001:00001acc       ??0?$_Vector_const_iterator@V?$_Vector_val@U?$_Simple_types@VCString@WTL@@@std@@@std@@@std@@QEAA@PEAVCString@WTL@@PEBU_Container_base0@1@@Z 0000000180002acc f i mdump.obj
 0001:00001ad4       ??0?$_Vector_iterator@V?$_Vector_val@U?$_Simple_types@VCString@WTL@@@std@@@std@@@std@@QEAA@PEAVCString@WTL@@PEBU_Container_base0@1@@Z 0000000180002ad4 f i mdump.obj
 0001:00001adc       ??0?$_Vector_val@U?$_Simple_types@VCString@WTL@@@std@@@std@@QEAA@XZ 0000000180002adc f i mdump.obj
 0001:00001af0       ??0?$_Wrap_alloc@V?$allocator@D@std@@@std@@QEAA@XZ 0000000180002af0 f i mdump.obj
 0001:00001af4       ??0?$_Wrap_alloc@V?$allocator@VCString@WTL@@@std@@@std@@QEAA@XZ 0000000180002af4 f i mdump.obj
 0001:00001af8       ??0?$allocator@D@std@@QEAA@XZ 0000000180002af8 f i mdump.obj
 0001:00001afc       ??0?$allocator@VCString@WTL@@@std@@QEAA@XZ 0000000180002afc f i mdump.obj
 0001:00001b00       ??0?$basic_string@DU?$char_traits@D@std@@V?$allocator@D@2@@std@@QEAA@PEBD@Z 0000000180002b00 f i mdump.obj
 0001:00001b48       ??0?$vector@VCString@WTL@@V?$allocator@VCString@WTL@@@std@@@std@@QEAA@XZ 0000000180002b48 f i mdump.obj
 0001:00001b5c       ??0DumpData@@QEAA@XZ       0000000180002b5c f i mdump.obj
 0001:00001b6c       ??0MiniDumper@@QEAA@XZ     0000000180002b6c f   mdump.obj
 0001:00001c44       ??0ResourceSwitch@@QEAA@PEB_W@Z 0000000180002c44 f i mdump.obj
 0001:00001c7c       ??0TotalUptimeAndCrashCalculator@@QEAA@PEB_W00@Z 0000000180002c7c f i mdump.obj
 0001:00001de8       ??0_Generic_error_category@std@@QEAA@XZ 0000000180002de8 f i mdump.obj
 0001:00001df8       ??0_Iostream_error_category@std@@QEAA@XZ 0000000180002df8 f i mdump.obj
 0001:00001e08       ??0_System_error_category@std@@QEAA@XZ 0000000180002e08 f i mdump.obj
 0001:00001e18       ??0_U_STRINGorID@ATL@@QEAA@PEB_W@Z 0000000180002e18 f i mdump.obj
 0001:00001e20       ??0error_category@std@@QEAA@XZ 0000000180002e20 f i mdump.obj
 0001:00001e30       ??0error_condition@std@@QEAA@HAEBVerror_category@1@@Z 0000000180002e30 f i mdump.obj
 0001:00001e3c       ??0id@locale@std@@QEAA@_K@Z 0000000180002e3c f i mdump.obj
 0001:00001e44       ??1?$basic_string@DU?$char_traits@D@std@@V?$allocator@D@2@@std@@QEAA@XZ 0000000180002e44 f i mdump.obj
 0001:00001e74       ??1?$vector@VCString@WTL@@V?$allocator@VCString@WTL@@@std@@@std@@QEAA@XZ 0000000180002e74 f i mdump.obj
 0001:00001e7c       ??1DumpData@@QEAA@XZ       0000000180002e7c f i mdump.obj
 0001:00001eac       ??1MiniDumper@@UEAA@XZ     0000000180002eac f   mdump.obj
 0001:00002124       ??1ResourceSwitch@@QEAA@XZ 0000000180003124 f i mdump.obj
 0001:0000213c       ??1TotalUptimeAndCrashCalculator@@QEAA@XZ 000000018000313c f i mdump.obj
 0001:0000226c       ??1_Generic_error_category@std@@UEAA@XZ 000000018000326c f i mdump.obj
 0001:00002278       ??1_Iostream_error_category@std@@UEAA@XZ 0000000180003278 f i mdump.obj
 0001:00002284       ??1_System_error_category@std@@UEAA@XZ 0000000180003284 f i mdump.obj
 0001:00002290       ??1error_category@std@@UEAA@XZ 0000000180003290 f i mdump.obj
 0001:0000229c       ??2@YAPEAX_KPEAX@Z         000000018000329c f i mdump.obj
 0001:000022a0       ??3@YAXPEAX0@Z             00000001800032a0 f i mdump.obj
 0001:000022a4       ??8error_category@std@@QEBA_NAEBV01@@Z 00000001800032a4 f i mdump.obj
 0001:000022ac       ??8error_condition@std@@QEBA_NAEBV01@@Z 00000001800032ac f i mdump.obj
 0001:000022c8       ??C?$_Vector_iterator@V?$_Vector_val@U?$_Simple_types@VCString@WTL@@@std@@@std@@@std@@QEBAPEAVCString@WTL@@XZ 00000001800032c8 f i mdump.obj
 0001:000022cc       ??D?$_Vector_const_iterator@V?$_Vector_val@U?$_Simple_types@VCString@WTL@@@std@@@std@@@std@@QEBAAEBVCString@WTL@@XZ 00000001800032cc f i mdump.obj
 0001:000022d0       ??D?$_Vector_iterator@V?$_Vector_val@U?$_Simple_types@VCString@WTL@@@std@@@std@@@std@@QEBAAEAVCString@WTL@@XZ 00000001800032d0 f i mdump.obj
 0001:000022d4       ??E?$_Vector_const_iterator@V?$_Vector_val@U?$_Simple_types@VCString@WTL@@@std@@@std@@@std@@QEAAAEAV01@XZ 00000001800032d4 f i mdump.obj
 0001:000022dc       ??E?$_Vector_iterator@V?$_Vector_val@U?$_Simple_types@VCString@WTL@@@std@@@std@@@std@@QEAAAEAV01@XZ 00000001800032dc f i mdump.obj
 0001:000022e4       ??M?$_Vector_const_iterator@V?$_Vector_val@U?$_Simple_types@VCString@WTL@@@std@@@std@@@std@@QEBA_NAEBV01@@Z 00000001800032e4 f i mdump.obj
 0001:000022f0       ??YCString@WTL@@QEAAAEAV01@AEBV01@@Z 00000001800032f0 f i mdump.obj
 0001:00002310       ??_GCString@WTL@@QEAAPEAXI@Z 0000000180003310 f i mdump.obj
 0001:00002360       ??_GMiniDumper@@UEAAPEAXI@Z 0000000180003360 f i mdump.obj
 0001:00002360       ??_EMiniDumper@@UEAAPEAXI@Z 0000000180003360 f i mdump.obj
 0001:00002390       ??_GTotalUptimeAndCrashCalculator@@QEAAPEAXI@Z 0000000180003390 f i mdump.obj
 0001:000023c0       ??_G_Generic_error_category@std@@UEAAPEAXI@Z 00000001800033c0 f i mdump.obj
 0001:000023c0       ??_E_Generic_error_category@std@@UEAAPEAXI@Z 00000001800033c0 f i mdump.obj
 0001:000023e8       ??_G_Iostream_error_category@std@@UEAAPEAXI@Z 00000001800033e8 f i mdump.obj
 0001:000023e8       ??_E_Iostream_error_category@std@@UEAAPEAXI@Z 00000001800033e8 f i mdump.obj
 0001:00002410       ??_G_System_error_category@std@@UEAAPEAXI@Z 0000000180003410 f i mdump.obj
 0001:00002410       ??_E_System_error_category@std@@UEAAPEAXI@Z 0000000180003410 f i mdump.obj
 0001:00002438       ??_Eerror_category@std@@UEAAPEAXI@Z 0000000180003438 f i mdump.obj
 0001:00002438       ??_Gerror_category@std@@UEAAPEAXI@Z 0000000180003438 f i mdump.obj
 0001:00002460       ?AllocGuardMemory@MiniDumper@@QEAA_NXZ 0000000180003460 f   mdump.obj
 0001:000024a8       ?AtlMessageBox@WTL@@YAHPEAUHWND__@@V_U_STRINGorID@ATL@@1I@Z 00000001800034a8 f i mdump.obj
 0001:0000265c       ?Compare@CString@WTL@@QEBAHPEB_W@Z 000000018000365c f i mdump.obj
 0001:00002664       ?CreateReportThreaded@MiniDumper@@SAIPEAX@Z 0000000180003664 f   mdump.obj
 0001:000029c0       ?Delete@CString@WTL@@QEAAHHH@Z 00000001800039c0 f i mdump.obj
 0001:00002a50       ?Delta@TotalUptimeAndCrashCalculator@@QEAA_JU_SYSTEMTIME@@0@Z 0000000180003a50 f i mdump.obj
 0001:00002ab4       ?ExceptionHandler@MiniDumper@@SAJPEAU_EXCEPTION_POINTERS@@K@Z 0000000180003ab4 f   mdump.obj
 0001:00002df4       ?Format@CString@WTL@@QEAAHPEB_WZZ 0000000180003df4 f i mdump.obj
 0001:00002e18       ?FormatMessageW@CString@WTL@@QEAAHIZZ 0000000180003e18 f i mdump.obj
 0001:00002ef8       ?FormatV@CString@WTL@@QEAAHPEB_WPEAD@Z 0000000180003ef8 f i mdump.obj
 0001:000032c4       ?FreeGuardMemory@MiniDumper@@QEAA_NXZ 00000001800042c4 f   mdump.obj
 0001:000032f4       ?GetMFA@MiniDumper@@SA_NPEAXPEA_WH@Z 00000001800042f4 f   mdump.obj
 0001:00003440       ?GetModuleInstance@CComModule@ATL@@QEAAPEAUHINSTANCE__@@XZ 0000000180004440 f i mdump.obj
 0001:00003448       ?GetResourceInstance@CComModule@ATL@@QEAAPEAUHINSTANCE__@@XZ 0000000180004448 f i mdump.obj
 0001:00003450       ?IsEmpty@CString@WTL@@QEBAHXZ 0000000180004450 f i mdump.obj
 0001:0000345c       ?LaunchHangDetection@MiniDumper@@QEAAXXZ 000000018000445c f   mdump.obj
 0001:0000361c       ?MakeLower@CString@WTL@@QEAAXXZ 000000018000461c f i mdump.obj
 0001:0000363c       ?SendReportThreaded@MiniDumper@@SAIPEAX@Z 000000018000463c f   mdump.obj
 0001:00003be0       ?SetResourceInstance@CAtlBaseModule@ATL@@QEAAPEAUHINSTANCE__@@PEAU3@@Z 0000000180004be0 f i mdump.obj
 0001:00003be8       ?SetResourceInstance@CComModule@ATL@@QEAAPEAUHINSTANCE__@@PEAU3@@Z 0000000180004be8 f i mdump.obj
 0001:00003bf4       ?TerminateHangDetection@MiniDumper@@QEAAXXZ 0000000180004bf4 f   mdump.obj
 0001:00003c4c       ?TopLevelUnhandledExceptionFilter@MiniDumper@@SAJPEAU_EXCEPTION_POINTERS@@@Z 0000000180004c4c f   mdump.obj
 0001:00003cd8       ?TrimLeft@CString@WTL@@QEAAXXZ 0000000180004cd8 f i mdump.obj
 0001:00003d48       ?TrimRight@CString@WTL@@QEAAXXZ 0000000180004d48 f i mdump.obj
 0001:00003dcc       ?_Adopt@_Iterator_base0@std@@QEAAXPEBX@Z 0000000180004dcc f i mdump.obj
 0001:00003dd0       ?_Compat@?$_Vector_const_iterator@V?$_Vector_val@U?$_Simple_types@VCString@WTL@@@std@@@std@@@std@@QEBAXAEBV12@@Z 0000000180004dd0 f i mdump.obj
 0001:00003dd4       ?_Copy@?$basic_string@DU?$char_traits@D@std@@V?$allocator@D@2@@std@@QEAAX_K0@Z 0000000180004dd4 f i mdump.obj
 0001:00003ed8       ?_Destroy@?$vector@VCString@WTL@@V?$allocator@VCString@WTL@@@std@@@std@@IEAAXPEAVCString@WTL@@0@Z 0000000180004ed8 f i mdump.obj
 0001:00003f24       ?_Eos@?$basic_string@DU?$char_traits@D@std@@V?$allocator@D@2@@std@@QEAAX_K@Z 0000000180004f24 f i mdump.obj
 0001:00003f38       ?_Getal@?$_String_alloc@$0A@U?$_String_base_types@DV?$allocator@D@std@@@std@@@std@@QEBA?AU?$_Wrap_alloc@V?$allocator@D@std@@@2@XZ 0000000180004f38 f i mdump.obj
 0001:00003f3c       ?_Getal@?$_Vector_alloc@$0A@U?$_Vec_base_types@VCString@WTL@@V?$allocator@VCString@WTL@@@std@@@std@@@std@@QEBA?AU?$_Wrap_alloc@V?$allocator@VCString@WTL@@@std@@@2@XZ 0000000180004f3c f i mdump.obj
 0001:00003f40       ?_Grow@?$basic_string@DU?$char_traits@D@std@@V?$allocator@D@2@@std@@QEAA_N_K_N@Z 0000000180004f40 f i mdump.obj
 0001:0000400c       ?_Grow_to@?$vector@VCString@WTL@@V?$allocator@VCString@WTL@@@std@@@std@@IEBA_K_K@Z 000000018000500c f i mdump.obj
 0001:00004044       ?_Inside@?$basic_string@DU?$char_traits@D@std@@V?$allocator@D@2@@std@@QEAA_NPEBD@Z 0000000180005044 f i mdump.obj
 0001:00004084       ?_Inside@?$vector@VCString@WTL@@V?$allocator@VCString@WTL@@@std@@@std@@IEBA_NPEBVCString@WTL@@@Z 0000000180005084 f i mdump.obj
 0001:00004098       ?_Myptr@?$_String_val@U?$_Simple_types@D@std@@@std@@QEAAPEADXZ 0000000180005098 f i mdump.obj
 0001:000040a8       ?_Myptr@?$_String_val@U?$_Simple_types@D@std@@@std@@QEBAPEBDXZ 00000001800050a8 f i mdump.obj
 0001:000040b8       ?_Orphan_all@_Container_base0@std@@QEAAXXZ 00000001800050b8 f i mdump.obj
 0001:000040bc       ?_Orphan_range@?$vector@VCString@WTL@@V?$allocator@VCString@WTL@@@std@@@std@@IEBAXPEAVCString@WTL@@0@Z 00000001800050bc f i mdump.obj
 0001:000040c0       ?_Reallocate@?$vector@VCString@WTL@@V?$allocator@VCString@WTL@@@std@@@std@@IEAAX_K@Z 00000001800050c0 f i mdump.obj
 0001:000041b4       ?_Reserve@?$vector@VCString@WTL@@V?$allocator@VCString@WTL@@@std@@@std@@IEAAX_K@Z 00000001800051b4 f i mdump.obj
 0001:0000422c       ?_Tidy@?$basic_string@DU?$char_traits@D@std@@V?$allocator@D@2@@std@@QEAAX_N_K@Z 000000018000522c f i mdump.obj
 0001:00004284       ?_Tidy@?$vector@VCString@WTL@@V?$allocator@VCString@WTL@@@std@@@std@@IEAAXXZ 0000000180005284 f i mdump.obj
 0001:000042f8       ?_Unused_capacity@?$vector@VCString@WTL@@V?$allocator@VCString@WTL@@@std@@@std@@QEBA_KXZ 00000001800052f8 f i mdump.obj
 0001:00004308       ?_Xlen@?$basic_string@DU?$char_traits@D@std@@V?$allocator@D@2@@std@@QEBAXXZ 0000000180005308 f i mdump.obj
 0001:0000431c       ?_Xlen@?$vector@VCString@WTL@@V?$allocator@VCString@WTL@@@std@@@std@@IEBAXXZ 000000018000531c f i mdump.obj
 0001:00004330       ?_Xran@?$basic_string@DU?$char_traits@D@std@@V?$allocator@D@2@@std@@QEBAXXZ 0000000180005330 f i mdump.obj
 0001:00004344       ?_cstrcmp@CString@WTL@@KAHPEB_W0@Z 0000000180005344 f i mdump.obj
 0001:0000434c       ?_cstrisdigit@CString@WTL@@KAH_W@Z 000000018000534c f i mdump.obj
 0001:00004354       ?_cstrisspace@CString@WTL@@KAH_W@Z 0000000180005354 f i mdump.obj
 0001:0000435c       ?_cstrtoi@CString@WTL@@KAHPEB_W@Z 000000018000535c f i mdump.obj
 0001:00004364       ?allocate@?$_Wrap_alloc@V?$allocator@D@std@@@std@@QEAAPEAD_K@Z 0000000180005364 f i mdump.obj
 0001:00004390       ?allocate@?$_Wrap_alloc@V?$allocator@VCString@WTL@@@std@@@std@@QEAAPEAVCString@WTL@@_K@Z 0000000180005390 f i mdump.obj
 0001:000043c8       ?allocate@?$allocator@D@std@@QEAAPEAD_K@Z 00000001800053c8 f i mdump.obj
 0001:000043f4       ?allocate@?$allocator@VCString@WTL@@@std@@QEAAPEAVCString@WTL@@_K@Z 00000001800053f4 f i mdump.obj
 0001:0000442c       ?assign@?$basic_string@DU?$char_traits@D@std@@V?$allocator@D@2@@std@@QEAAAEAV12@AEBV12@_K1@Z 000000018000542c f i mdump.obj
 0001:00004514       ?assign@?$basic_string@DU?$char_traits@D@std@@V?$allocator@D@2@@std@@QEAAAEAV12@PEBD@Z 0000000180005514 f i mdump.obj
 0001:0000454c       ?assign@?$basic_string@DU?$char_traits@D@std@@V?$allocator@D@2@@std@@QEAAAEAV12@PEBD_K@Z 000000018000554c f i mdump.obj
 0001:00004610       ?assign@?$char_traits@D@std@@SAXAEADAEBD@Z 0000000180005610 f i mdump.obj
 0001:00004618       ?begin@?$vector@VCString@WTL@@V?$allocator@VCString@WTL@@@std@@@std@@QEAA?AV?$_Vector_iterator@V?$_Vector_val@U?$_Simple_types@VCString@WTL@@@std@@@std@@@2@XZ 0000000180005618 f i mdump.obj
 0001:00004624       ?bugsplatMessage@MiniDumper@@SAIPEB_WII@Z 0000000180005624 f   mdump.obj
 0001:00004668       ?capacity@?$vector@VCString@WTL@@V?$allocator@VCString@WTL@@@std@@@std@@QEBA_KXZ 0000000180005668 f i mdump.obj
 0001:00004674       ?capture@TotalUptimeAndCrashCalculator@@QEAAX_N@Z 0000000180005674 f i mdump.obj
 0001:0000489c       ?category@error_code@std@@QEBAAEBVerror_category@2@XZ 000000018000589c f i mdump.obj
 0001:000048a4       ?category@error_condition@std@@QEBAAEBVerror_category@2@XZ 00000001800058a4 f i mdump.obj
 0001:000048ac       ?copy@?$char_traits@D@std@@SAPEADPEADPEBD_K@Z 00000001800058ac f i mdump.obj
 0001:000048c8       ?createReport@MiniDumper@@QEAAXK@Z 00000001800058c8 f   mdump.obj
 0001:000048f0       ?createReport@MiniDumper@@QEAAXPEAU_EXCEPTION_POINTERS@@@Z 00000001800058f0 f   mdump.obj
 0001:00004918       ?createReport@MiniDumper@@QEAAXPEB_W@Z 0000000180005918 f   mdump.obj
 0001:0000496c       ?deallocate@?$_Wrap_alloc@V?$allocator@D@std@@@std@@QEAAXPEAD_K@Z 000000018000596c f i mdump.obj
 0001:00004974       ?deallocate@?$_Wrap_alloc@V?$allocator@VCString@WTL@@@std@@@std@@QEAAXPEAVCString@WTL@@_K@Z 0000000180005974 f i mdump.obj
 0001:0000497c       ?deallocate@?$allocator@D@std@@QEAAXPEAD_K@Z 000000018000597c f i mdump.obj
 0001:00004984       ?deallocate@?$allocator@VCString@WTL@@@std@@QEAAXPEAVCString@WTL@@_K@Z 0000000180005984 f i mdump.obj
 0001:0000498c       ?debugMode@@YA_NXZ         000000018000598c f   mdump.obj
 0001:00004a38       ?default_error_condition@_System_error_category@std@@UEBA?AVerror_condition@2@H@Z 0000000180005a38 f i mdump.obj
 0001:00004a78       ?default_error_condition@error_category@std@@UEBA?AVerror_condition@2@H@Z 0000000180005a78 f i mdump.obj
 0001:00004a84       ?eatException@@YA_NK@Z     0000000180005a84 f i mdump.obj
 0001:00004ae4       ?enableExceptionFilter@MiniDumper@@QEAA_N_N@Z 0000000180005ae4 f   mdump.obj
 0001:00004afc       ?enableFullMemoryDumpAndExit@MiniDumper@@QEAA_N_N@Z 0000000180005afc f   mdump.obj
 0001:00004b08       ?end@?$vector@VCString@WTL@@V?$allocator@VCString@WTL@@@std@@@std@@QEAA?AV?$_Vector_iterator@V?$_Vector_val@U?$_Simple_types@VCString@WTL@@@std@@@std@@@2@XZ 0000000180005b08 f i mdump.obj
 0001:00004b14       ?equivalent@error_category@std@@UEBA_NAEBVerror_code@2@H@Z 0000000180005b14 f i mdump.obj
 0001:00004b28       ?equivalent@error_category@std@@UEBA_NHAEBVerror_condition@2@@Z 0000000180005b28 f i mdump.obj
 0001:00004b60       ?erase@?$basic_string@DU?$char_traits@D@std@@V?$allocator@D@2@@std@@QEAAAEAV12@_K0@Z 0000000180005b60 f i mdump.obj
 0001:00004bfc       ?erase@?$basic_string@DU?$char_traits@D@std@@V?$allocator@D@2@@std@@QEAAAEAV12@_K@Z 0000000180005bfc f i mdump.obj
 0001:00004c34       ?fileVersionInfo@@YA_NPEA_WAEAK1@Z 0000000180005c34 f   mdump.obj
 0001:00004cd4       ?foundResources@ResourceSwitch@@QEAA_NXZ 0000000180005cd4 f i mdump.obj
 0001:00004ce0       ?generic_category@std@@YAAEBVerror_category@1@XZ 0000000180005ce0 f i mdump.obj
 0001:00004ce8       ?getFlags@MiniDumper@@QEBAKXZ 0000000180005ce8 f i mdump.obj
 0001:00004cf0       ?getMiniDumpType@MiniDumper@@QEBA?AW4_BS_MINIDUMP_TYPE@MiniDmpSender@@XZ 0000000180005cf0 f   mdump.obj
 0001:00004cf8       ?getRegistryBase@@YAXAEAVCString@WTL@@@Z 0000000180005cf8 f   mdump.obj
 0001:00004d24       ?getRegistryRoot@@YAXAEAVCString@WTL@@PEB_W11@Z 0000000180005d24 f   mdump.obj
 0001:00004da0       ?initExceptionHandler@MiniDumper@@QEAAXPEB_W000K@Z 0000000180005da0 f   mdump.obj
 0001:000050b4       ?invalid_parameter_handler@@YAXPEB_W00I_K@Z 00000001800060b4 f i mdump.obj
 0001:000050c0       ?isExceptionFilterEnabled@MiniDumper@@QEBA_NXZ 00000001800060c0 f   mdump.obj
 0001:000050c8       ?isFullMemoryDumpAndExitEnabled@MiniDumper@@QEBA_NXZ 00000001800060c8 f   mdump.obj
 0001:000050d0       ?length@?$char_traits@D@std@@SA_KPEBD@Z 00000001800060d0 f i mdump.obj
 0001:000050e4       ?logOutput@@YAXIPEB_W_N@Z  00000001800060e4 f   mdump.obj
 0001:00005354       ?max_size@?$_Wrap_alloc@V?$allocator@D@std@@@std@@QEBA_KXZ 0000000180006354 f i mdump.obj
 0001:0000535c       ?max_size@?$_Wrap_alloc@V?$allocator@VCString@WTL@@@std@@@std@@QEBA_KXZ 000000018000635c f i mdump.obj
 0001:00005368       ?max_size@?$allocator@D@std@@QEBA_KXZ 0000000180006368 f i mdump.obj
 0001:00005370       ?max_size@?$allocator@VCString@WTL@@@std@@QEBA_KXZ 0000000180006370 f i mdump.obj
 0001:0000537c       ?max_size@?$allocator_traits@V?$allocator@D@std@@@std@@SA_KAEBV?$allocator@D@2@@Z 000000018000637c f i mdump.obj
 0001:00005384       ?max_size@?$allocator_traits@V?$allocator@VCString@WTL@@@std@@@std@@SA_KAEBV?$allocator@VCString@WTL@@@2@@Z 0000000180006384 f i mdump.obj
 0001:00005390       ?max_size@?$basic_string@DU?$char_traits@D@std@@V?$allocator@D@2@@std@@QEBA_KXZ 0000000180006390 f i mdump.obj
 0001:00005398       ?max_size@?$vector@VCString@WTL@@V?$allocator@VCString@WTL@@@std@@@std@@QEBA_KXZ 0000000180006398 f i mdump.obj
 0001:000053a4       ?message@_Generic_error_category@std@@UEBA?AV?$basic_string@DU?$char_traits@D@std@@V?$allocator@D@2@@2@H@Z 00000001800063a4 f i mdump.obj
 0001:00005410       ?message@_Iostream_error_category@std@@UEBA?AV?$basic_string@DU?$char_traits@D@std@@V?$allocator@D@2@@2@H@Z 0000000180006410 f i mdump.obj
 0001:00005464       ?message@_System_error_category@std@@UEBA?AV?$basic_string@DU?$char_traits@D@std@@V?$allocator@D@2@@2@H@Z 0000000180006464 f i mdump.obj
 0001:000054d0       ?move@?$char_traits@D@std@@SAPEADPEADPEBD_K@Z 00000001800064d0 f i mdump.obj
 0001:000054ec       ?name@_Generic_error_category@std@@UEBAPEBDXZ 00000001800064ec f i mdump.obj
 0001:000054f4       ?name@_Iostream_error_category@std@@UEBAPEBDXZ 00000001800064f4 f i mdump.obj
 0001:000054fc       ?name@_System_error_category@std@@UEBAPEBDXZ 00000001800064fc f i mdump.obj
 0001:00005504       ?pointer_to@?$pointer_traits@PEAVCString@WTL@@@std@@SAPEAVCString@WTL@@AEAV34@@Z 0000000180006504 f i mdump.obj
 0001:00005508       ?push_back@?$vector@VCString@WTL@@V?$allocator@VCString@WTL@@@std@@@std@@QEAAX$$QEAVCString@WTL@@@Z 0000000180006508 f i mdump.obj
 0001:00005578       ?removeAdditionalFile@MiniDumper@@QEAA_NPEB_W@Z 0000000180006578 f   mdump.obj
 0001:000055e4       ?resetDescriptionString@MiniDumper@@QEAAXPEB_W@Z 00000001800065e4 f   mdump.obj
 0001:0000561c       ?resetVersionString@MiniDumper@@QEAAXPEB_W@Z 000000018000661c f   mdump.obj
 0001:00005654       ?sendAdditionalFile@MiniDumper@@QEAAXPEB_W@Z 0000000180006654 f   mdump.obj
 0001:000056a4       ?setCallback@MiniDumper@@QEAAXP6A_NIPEAX0@Z@Z 00000001800066a4 f   mdump.obj
 0001:000056ac       ?setDefaultUserDescription@MiniDumper@@QEAAXPEB_W@Z 00000001800066ac f   mdump.obj
 0001:000056e4       ?setDefaultUserEmail@MiniDumper@@QEAAXPEB_W@Z 00000001800066e4 f   mdump.obj
 0001:0000571c       ?setDefaultUserName@MiniDumper@@QEAAXPEB_W@Z 000000018000671c f   mdump.obj
 0001:00005754       ?setFlags@MiniDumper@@QEAA_NK@Z 0000000180006754 f   mdump.obj
 0001:000057a0       ?setLogFilePath@MiniDumper@@QEAAXPEB_W@Z 00000001800067a0 f   mdump.obj
 0001:000057d8       ?setMiniDumpType@MiniDumper@@QEAAXW4_BS_MINIDUMP_TYPE@MiniDmpSender@@@Z 00000001800067d8 f   mdump.obj
 0001:000057e0       ?setResourceDllPath@MiniDumper@@QEAAXPEB_W@Z 00000001800067e0 f   mdump.obj
 0001:00005818       ?setUserZipPath@MiniDumper@@QEAAXPEB_W@Z 0000000180006818 f   mdump.obj
 0001:00005850       ?signal_handler@@YAXH@Z    0000000180006850 f i mdump.obj
 0001:0000585c       ?size@?$basic_string@DU?$char_traits@D@std@@V?$allocator@D@2@@std@@QEBA_KXZ 000000018000685c f i mdump.obj
 0001:00005864       ?size@?$vector@VCString@WTL@@V?$allocator@VCString@WTL@@@std@@@std@@QEBA_KXZ 0000000180006864 f i mdump.obj
 0001:00005870       ?system_category@std@@YAAEBVerror_category@1@XZ 0000000180006870 f i mdump.obj
 0001:00005878       ?terminator@@YAXXZ         0000000180006878 f i mdump.obj
 0001:00005884       ?value@error_code@std@@QEBAHXZ 0000000180006884 f i mdump.obj
 0001:00005888       ?value@error_condition@std@@QEBAHXZ 0000000180006888 f i mdump.obj
 0001:0000588c       ?wcsrchr@@YAPEA_WPEA_W_W@Z 000000018000688c f i mdump.obj
 0001:00005894       hypot                      0000000180006894 f i mdump.obj
 0001:000058ac       ??0MiniDmpSender@@QEAA@PEB_W000K@Z 00000001800068ac f   sbSender.obj
 0001:00005944       ??1MiniDmpSender@@UEAA@XZ  0000000180006944 f   sbSender.obj
 0001:00005978       ?createReport@MiniDmpSender@@QEAAXPEAU_EXCEPTION_POINTERS@@@Z 0000000180006978 f   sbSender.obj
 0001:00005984       ?createReport@MiniDmpSender@@QEAAXPEB_W@Z 0000000180006984 f   sbSender.obj
 0001:00005990       ?enableExceptionFilter@MiniDmpSender@@QEAA_N_N@Z 0000000180006990 f   sbSender.obj
 0001:0000599c       ?enableFullMemoryDumpAndExit@MiniDmpSender@@QEAA_N_N@Z 000000018000699c f   sbSender.obj
 0001:000059a8       ?getFlags@MiniDmpSender@@QEBAKXZ 00000001800069a8 f   sbSender.obj
 0001:000059b4       ?getMiniDumpType@MiniDmpSender@@QEBA?AW4_BS_MINIDUMP_TYPE@1@XZ 00000001800069b4 f   sbSender.obj
 0001:000059c0       ?getMinidumpPath@MiniDmpSender@@QEAAXPEA_W_K@Z 00000001800069c0 f   sbSender.obj
 0001:000059e0       ?imp@MiniDmpSender@@QEAAPEAXXZ 00000001800069e0 f   sbSender.obj
 0001:000059e8       ?imp@MiniDumper@@QEAAPEAXXZ 00000001800069e8 f i sbSender.obj
 0001:000059f0       ?isExceptionFilterEnabled@MiniDmpSender@@QEBA_NXZ 00000001800069f0 f   sbSender.obj
 0001:000059fc       ?isFullMemoryDumpAndExitEnabled@MiniDmpSender@@QEBA_NXZ 00000001800069fc f   sbSender.obj
 0001:00005a08       ?removeAdditionalFile@MiniDmpSender@@QEAA_NPEB_W@Z 0000000180006a08 f   sbSender.obj
 0001:00005a14       ?resetAppIdentifier@MiniDmpSender@@QEAAXPEB_W@Z 0000000180006a14 f   sbSender.obj
 0001:00005a20       ?resetVersionString@MiniDmpSender@@QEAAXPEB_W@Z 0000000180006a20 f   sbSender.obj
 0001:00005a2c       ?sendAdditionalFile@MiniDmpSender@@QEAAXPEB_W@Z 0000000180006a2c f   sbSender.obj
 0001:00005a38       ?setCallback@MiniDmpSender@@QEAAXP6A_NIPEAX0@Z@Z 0000000180006a38 f   sbSender.obj
 0001:00005a44       ?setDefaultUserDescription@MiniDmpSender@@QEAAXPEB_W@Z 0000000180006a44 f   sbSender.obj
 0001:00005a50       ?setDefaultUserEmail@MiniDmpSender@@QEAAXPEB_W@Z 0000000180006a50 f   sbSender.obj
 0001:00005a5c       ?setDefaultUserName@MiniDmpSender@@QEAAXPEB_W@Z 0000000180006a5c f   sbSender.obj
 0001:00005a68       ?setFlags@MiniDmpSender@@QEAA_NK@Z 0000000180006a68 f   sbSender.obj
 0001:00005a74       ?setLogFilePath@MiniDmpSender@@QEAAXPEB_W@Z 0000000180006a74 f   sbSender.obj
 0001:00005a80       ?setMiniDumpType@MiniDmpSender@@QEAAXW4_BS_MINIDUMP_TYPE@1@@Z 0000000180006a80 f   sbSender.obj
 0001:00005a8c       ?setResourceDllPath@MiniDmpSender@@QEAAXPEB_W@Z 0000000180006a8c f   sbSender.obj
 0001:00005a98       ?setUserZipPath@MiniDmpSender@@QEAAXPEB_W@Z 0000000180006a98 f   sbSender.obj
 0001:00005aa4       ?unhandledExceptionHandler@MiniDmpSender@@QEAAJPEAU_EXCEPTION_POINTERS@@@Z 0000000180006aa4 f   sbSender.obj
 0001:00005aac       ??$?2PEA_W@?$Wrapper@PEA_W@?$CSimpleMap@PEA_WPEA_WVCExpansionVectorEqualHelper@ATL@@@ATL@@SAPEAX_KPEAPEA_W@Z 0000000180006aac f i sbSenderApp.obj
 0001:00005ab0       ??$?3PEA_W@?$Wrapper@PEA_W@?$CSimpleMap@PEA_WPEA_WVCExpansionVectorEqualHelper@ATL@@@ATL@@SAXPEAXPEAPEA_W@Z 0000000180006ab0 f i sbSenderApp.obj
 0001:00005ab4       ??$AtlMultiply@K@ATL@@YAJPEAKKK@Z 0000000180006ab4 f i sbSenderApp.obj
 0001:00005ad4       ??$AtlMultiply@_K@ATL@@YAJPEA_K_K1@Z 0000000180006ad4 f i sbSenderApp.obj
 0001:00005b00       ??$AtlMultiplyThrow@_K@ATL@@YA_K_K0@Z 0000000180006b00 f i sbSenderApp.obj
 0001:00005b34       ??0?$CAtlModuleT@VCComModule@ATL@@@ATL@@QEAA@XZ 0000000180006b34 f i sbSenderApp.obj
 0001:00005b4c       ??0?$CAtlSafeAllocBufferManager@VCCRTAllocator@ATL@@@_ATL_SAFE_ALLOCA_IMPL@ATL@@QEAA@XZ 0000000180006b4c f i sbSenderApp.obj
 0001:00005b54       ??0?$CAutoVectorPtr@_W@ATL@@QEAA@XZ 0000000180006b54 f i sbSenderApp.obj
 0001:00005b5c       ??0?$CComCritSecLock@VCComCriticalSection@ATL@@@ATL@@QEAA@AEAVCComCriticalSection@1@_N@Z 0000000180006b5c f i sbSenderApp.obj
 0001:00005b88       ??0?$CSimpleMap@KPEAVCMessageLoop@WTL@@V?$CSimpleMapEqualHelper@KPEAVCMessageLoop@WTL@@@ATL@@@ATL@@QEAA@XZ 0000000180006b88 f i sbSenderApp.obj
 0001:00005b98       ??0?$CSimpleMap@PEA_WPEA_WVCExpansionVectorEqualHelper@ATL@@@ATL@@QEAA@XZ 0000000180006b98 f i sbSenderApp.obj
 0001:00005ba8       ??0?$CTempBuffer@E$0BAA@VCCRTAllocator@ATL@@@ATL@@QEAA@XZ 0000000180006ba8 f i sbSenderApp.obj
 0001:00005bb0       ??0?$CTempBuffer@_W$0BAA@VCCRTAllocator@ATL@@@ATL@@QEAA@XZ 0000000180006bb0 f i sbSenderApp.obj
 0001:00005bb8       ??0?$CTempBuffer@_W$0EAA@VCCRTAllocator@ATL@@@ATL@@QEAA@XZ 0000000180006bb8 f i sbSenderApp.obj
 0001:00005bc0       ??0?$Wrapper@PEA_W@?$CSimpleMap@PEA_WPEA_WVCExpansionVectorEqualHelper@ATL@@@ATL@@QEAA@AEBQEA_W@Z 0000000180006bc0 f i sbSenderApp.obj
 0001:00005bcc       ??0CAppModule@WTL@@QEAA@XZ 0000000180006bcc f i sbSenderApp.obj
 0001:00005bf4       ??0CAtlComModule@ATL@@QEAA@XZ 0000000180006bf4 f i sbSenderApp.obj
 0001:00005c7c       ??0CAtlException@ATL@@QEAA@J@Z 0000000180006c7c f i sbSenderApp.obj
 0001:00005c84       ??0CAtlModule@ATL@@QEAA@XZ 0000000180006c84 f i sbSenderApp.obj
 0001:00005d00       ??0CComAutoDeleteCriticalSection@ATL@@QEAA@XZ 0000000180006d00 f i sbSenderApp.obj
 0001:00005d24       ??0CComCriticalSection@ATL@@QEAA@XZ 0000000180006d24 f i sbSenderApp.obj
 0001:00005d44       ??0CComModule@ATL@@QEAA@XZ 0000000180006d44 f i sbSenderApp.obj
 0001:00005d6c       ??0CComSafeDeleteCriticalSection@ATL@@QEAA@XZ 0000000180006d6c f i sbSenderApp.obj
 0001:00005d90       ??0CExpansionVector@ATL@@QEAA@XZ 0000000180006d90 f i sbSenderApp.obj
 0001:00005da0       ??0CParseBuffer@CRegParser@ATL@@QEAA@H@Z 0000000180006da0 f i sbSenderApp.obj
 0001:00005df4       ??0CRegKey@ATL@@QEAA@PEAVCAtlTransactionManager@1@@Z 0000000180006df4 f i sbSenderApp.obj
 0001:00005e04       ??0CRegObject@ATL@@QEAA@XZ 0000000180006e04 f i sbSenderApp.obj
 0001:00005e4c       ??0CRegParser@ATL@@QEAA@PEAVCRegObject@1@@Z 0000000180006e4c f i sbSenderApp.obj
 0001:00005e58       ??0CStaticDataInitCriticalSectionLock@WTL@@QEAA@XZ 0000000180006e58 f i sbSenderApp.obj
 0001:00005e70       ??0IRegistrarBase@@QEAA@XZ 0000000180006e70 f i sbSenderApp.obj
 0001:00005e74       ??0IUnknown@@QEAA@XZ       0000000180006e74 f i sbSenderApp.obj
 0001:00005e78       ??0_ATL_COM_MODULE70@ATL@@QEAA@XZ 0000000180006e78 f i sbSenderApp.obj
 0001:00005e9c       ??0_ATL_MODULE70@ATL@@QEAA@XZ 0000000180006e9c f i sbSenderApp.obj
 0001:00005ec0       ??1?$CAtlModuleT@VCComModule@ATL@@@ATL@@UEAA@XZ 0000000180006ec0 f i sbSenderApp.obj
 0001:00005f14       ??1?$CAtlSafeAllocBufferManager@VCCRTAllocator@ATL@@@_ATL_SAFE_ALLOCA_IMPL@ATL@@QEAA@XZ 0000000180006f14 f i sbSenderApp.obj
 0001:00005f40       ??1?$CAutoVectorPtr@_W@ATL@@QEAA@XZ 0000000180006f40 f i sbSenderApp.obj
 0001:00005f5c       ??1?$CComCritSecLock@VCComCriticalSection@ATL@@@ATL@@QEAA@XZ 0000000180006f5c f i sbSenderApp.obj
 0001:00005f80       ??1?$CSimpleArray@PEAUHWND__@@V?$CSimpleArrayEqualHelper@PEAUHWND__@@@ATL@@@ATL@@QEAA@XZ 0000000180006f80 f i sbSenderApp.obj
 0001:00005fa8       ??1?$CSimpleMap@KPEAVCMessageLoop@WTL@@V?$CSimpleMapEqualHelper@KPEAVCMessageLoop@WTL@@@ATL@@@ATL@@QEAA@XZ 0000000180006fa8 f i sbSenderApp.obj
 0001:00005fe0       ??1?$CSimpleMap@PEA_WPEA_WVCExpansionVectorEqualHelper@ATL@@@ATL@@QEAA@XZ 0000000180006fe0 f i sbSenderApp.obj
 0001:00006018       ??1?$CTempBuffer@E$0BAA@VCCRTAllocator@ATL@@@ATL@@QEAA@XZ 0000000180007018 f i sbSenderApp.obj
 0001:00006030       ??1?$CTempBuffer@_W$0BAA@VCCRTAllocator@ATL@@@ATL@@QEAA@XZ 0000000180007030 f i sbSenderApp.obj
 0001:00006048       ??1?$CTempBuffer@_W$0EAA@VCCRTAllocator@ATL@@@ATL@@QEAA@XZ 0000000180007048 f i sbSenderApp.obj
 0001:00006060       ??1CAppModule@WTL@@UEAA@XZ 0000000180007060 f i sbSenderApp.obj
 0001:000060bc       ??1CAtlComModule@ATL@@QEAA@XZ 00000001800070bc f i sbSenderApp.obj
 0001:000060c4       ??1CAtlModule@ATL@@UEAA@XZ 00000001800070c4 f i sbSenderApp.obj
 0001:00006118       ??1CComAutoDeleteCriticalSection@ATL@@QEAA@XZ 0000000180007118 f i sbSenderApp.obj
 0001:00006134       ??1CComCriticalSection@ATL@@QEAA@XZ 0000000180007134 f i sbSenderApp.obj
 0001:00006138       ??1CComModule@ATL@@UEAA@XZ 0000000180007138 f i sbSenderApp.obj
 0001:00006194       ??1CComSafeDeleteCriticalSection@ATL@@QEAA@XZ 0000000180007194 f i sbSenderApp.obj
 0001:000061b0       ??1CExpansionVector@ATL@@QEAA@XZ 00000001800071b0 f i sbSenderApp.obj
 0001:000061fc       ??1CParseBuffer@CRegParser@ATL@@QEAA@XZ 00000001800071fc f i sbSenderApp.obj
 0001:00006208       ??1CRegKey@ATL@@QEAA@XZ    0000000180007208 f i sbSenderApp.obj
 0001:00006230       ??1CRegObject@ATL@@UEAA@XZ 0000000180007230 f i sbSenderApp.obj
 0001:000062d0       ??1CStaticDataInitCriticalSectionLock@WTL@@QEAA@XZ 00000001800072d0 f i sbSenderApp.obj
 0001:000062f4       ??1_ATL_COM_MODULE70@ATL@@QEAA@XZ 00000001800072f4 f i sbSenderApp.obj
 0001:000062f8       ??1_ATL_MODULE70@ATL@@QEAA@XZ 00000001800072f8 f i sbSenderApp.obj
 0001:000062fc       ??A?$CSimpleArray@PEAUHWND__@@V?$CSimpleArrayEqualHelper@PEAUHWND__@@@ATL@@@ATL@@QEAAAEAPEAUHWND__@@H@Z 00000001800072fc f i sbSenderApp.obj
 0001:00006330       ??B?$CTempBuffer@E$0BAA@VCCRTAllocator@ATL@@@ATL@@QEBAPEAEXZ 0000000180007330 f i sbSenderApp.obj
 0001:00006334       ??B?$CTempBuffer@_W$0BAA@VCCRTAllocator@ATL@@@ATL@@QEBAPEA_WXZ 0000000180007334 f i sbSenderApp.obj
 0001:00006338       ??B?$CTempBuffer@_W$0EAA@VCCRTAllocator@ATL@@@ATL@@QEBAPEA_WXZ 0000000180007338 f i sbSenderApp.obj
 0001:0000633c       ??BCRegKey@ATL@@QEBAPEAUHKEY__@@XZ 000000018000733c f i sbSenderApp.obj
 0001:00006340       ??_G?$CSimpleArray@PEAUHWND__@@V?$CSimpleArrayEqualHelper@PEAUHWND__@@@ATL@@@ATL@@QEAAPEAXI@Z 0000000180007340 f i sbSenderApp.obj
 0001:00006384       ??_G?$CSimpleMap@KPEAVCMessageLoop@WTL@@V?$CSimpleMapEqualHelper@KPEAVCMessageLoop@WTL@@@ATL@@@ATL@@QEAAPEAXI@Z 0000000180007384 f i sbSenderApp.obj
 0001:000063d8       ??_ECAppModule@WTL@@UEAAPEAXI@Z 00000001800073d8 f i sbSenderApp.obj
 0001:000063d8       ??_GCAppModule@WTL@@UEAAPEAXI@Z 00000001800073d8 f i sbSenderApp.obj
 0001:00006450       ??_ECComModule@ATL@@UEAAPEAXI@Z 0000000180007450 f i sbSenderApp.obj
 0001:00006450       ??_GCComModule@ATL@@UEAAPEAXI@Z 0000000180007450 f i sbSenderApp.obj
 0001:000064c8       ??_GCRegObject@ATL@@UEAAPEAXI@Z 00000001800074c8 f i sbSenderApp.obj
 0001:000064c8       ??_ECRegObject@ATL@@UEAAPEAXI@Z 00000001800074c8 f i sbSenderApp.obj
 0001:000064f8       ?Add@?$CSimpleMap@PEA_WPEA_WVCExpansionVectorEqualHelper@ATL@@@ATL@@QEAAHAEBQEA_W0@Z 00000001800074f8 f i sbSenderApp.obj
 0001:00006594       ?Add@CExpansionVector@ATL@@QEAAHPEB_W0@Z 0000000180007594 f i sbSenderApp.obj
 0001:0000675c       ?AddChar@CParseBuffer@CRegParser@ATL@@QEAAHPEB_W@Z 000000018000775c f i sbSenderApp.obj
 0001:00006768       ?AddCommonRGSReplacements@?$CAtlModuleT@VCComModule@ATL@@@ATL@@UEAAJPEAUIRegistrarBase@@@Z 0000000180007768 f i sbSenderApp.obj
 0001:00006780       ?AddRef@CRegObject@ATL@@UEAAKXZ 0000000180007780 f i sbSenderApp.obj
 0001:00006788       ?AddReplacement@CRegObject@ATL@@UEAAJPEB_W0@Z 0000000180007788 f i sbSenderApp.obj
 0001:0000680c       ?AddString@CParseBuffer@CRegParser@ATL@@QEAAHPEB_W@Z 000000018000780c f i sbSenderApp.obj
 0001:00006858       ?AddValue@CRegParser@ATL@@IEAAJAEAVCRegKey@2@PEB_WPEA_W@Z 0000000180007858 f i sbSenderApp.obj
 0001:00006ca0       ?Allocate@?$CTempBuffer@E$0BAA@VCCRTAllocator@ATL@@@ATL@@QEAAPEAE_K@Z 0000000180007ca0 f i sbSenderApp.obj
 0001:00006cf0       ?Allocate@?$CTempBuffer@_W$0BAA@VCCRTAllocator@ATL@@@ATL@@QEAAPEA_W_K@Z 0000000180007cf0 f i sbSenderApp.obj
 0001:00006d40       ?Allocate@?$CTempBuffer@_W$0EAA@VCCRTAllocator@ATL@@@ATL@@QEAAPEA_W_K@Z 0000000180007d40 f i sbSenderApp.obj
 0001:00006d90       ?Allocate@CCRTAllocator@ATL@@SAPEAX_K@Z 0000000180007d90 f i sbSenderApp.obj
 0001:00006d98       ?AllocateBytes@?$CTempBuffer@E$0BAA@VCCRTAllocator@ATL@@@ATL@@QEAAPEAE_K@Z 0000000180007d98 f i sbSenderApp.obj
 0001:00006dc4       ?AllocateBytes@?$CTempBuffer@_W$0BAA@VCCRTAllocator@ATL@@@ATL@@QEAAPEA_W_K@Z 0000000180007dc4 f i sbSenderApp.obj
 0001:00006df0       ?AllocateBytes@?$CTempBuffer@_W$0EAA@VCCRTAllocator@ATL@@@ATL@@QEAAPEA_W_K@Z 0000000180007df0 f i sbSenderApp.obj
 0001:00006e1c       ?AllocateHeap@?$CTempBuffer@E$0BAA@VCCRTAllocator@ATL@@@ATL@@AEAAX_K@Z 0000000180007e1c f i sbSenderApp.obj
 0001:00006e48       ?AllocateHeap@?$CTempBuffer@_W$0BAA@VCCRTAllocator@ATL@@@ATL@@AEAAX_K@Z 0000000180007e48 f i sbSenderApp.obj
 0001:00006e74       ?AllocateHeap@?$CTempBuffer@_W$0EAA@VCCRTAllocator@ATL@@@ATL@@AEAAX_K@Z 0000000180007e74 f i sbSenderApp.obj
 0001:00006ea0       ?Append@CParseBuffer@CRegParser@ATL@@QEAAHPEB_WH@Z 0000000180007ea0 f i sbSenderApp.obj
 0001:00006fac       ?AtlCallTermFunc@ATL@@YAXPEAU_ATL_MODULE70@1@@Z 0000000180007fac f i sbSenderApp.obj
 0001:00007010       ?AtlCoTaskMemCAlloc@ATL@@YAPEAXKK@Z 0000000180008010 f i sbSenderApp.obj
 0001:00007030       ?AtlCoTaskMemRecalloc@ATL@@YAPEAXPEAXKK@Z 0000000180008030 f i sbSenderApp.obj
 0001:00007054       ?AtlCrtErrorCheck@ATL@@YAHH@Z 0000000180008054 f i sbSenderApp.obj
 0001:00007098       ?AtlGetPerUserRegistration@ATL@@YAJPEA_N@Z 0000000180008098 f i sbSenderApp.obj
 0001:000070b0       ?AtlHresultFromLastError@ATL@@YAJXZ 00000001800080b0 f i sbSenderApp.obj
 0001:000070d0       ?AtlHresultFromWin32@ATL@@YAJK@Z 00000001800080d0 f i sbSenderApp.obj
 0001:000070e0       ?AtlThrowImpl@ATL@@YAXJ@Z  00000001800080e0 f i sbSenderApp.obj
 0001:000070fc       ?Attach@?$CAutoVectorPtr@_W@ATL@@QEAAXPEA_W@Z 00000001800080fc f i sbSenderApp.obj
 0001:00007100       ?Attach@CRegKey@ATL@@QEAAXPEAUHKEY__@@@Z 0000000180008100 f i sbSenderApp.obj
 0001:00007110       ?CanForceRemoveKey@CRegParser@ATL@@IEAAHPEB_W@Z 0000000180008110 f i sbSenderApp.obj
 0001:00007158       ?ChToByte@CRegParser@ATL@@KAE_W@Z 0000000180008158 f i sbSenderApp.obj
 0001:00007188       ?ClearReplacements@CExpansionVector@ATL@@QEAAJXZ 0000000180008188 f i sbSenderApp.obj
 0001:0000723c       ?ClearReplacements@CRegObject@ATL@@UEAAJXZ 000000018000823c f i sbSenderApp.obj
 0001:00007278       ?Close@CRegKey@ATL@@QEAAJXZ 0000000180008278 f i sbSenderApp.obj
 0001:000072a0       ?Create@CRegKey@ATL@@QEAAJPEAUHKEY__@@PEB_WPEA_WKKPEAU_SECURITY_ATTRIBUTES@@PEAK@Z 00000001800082a0 f i sbSenderApp.obj
 0001:00007390       ?Decrement@CComMultiThreadModel@ATL@@SAKPEAJ@Z 0000000180008390 f i sbSenderApp.obj
 0001:0000739c       ?DeleteSubKey@CRegKey@ATL@@QEAAJPEB_W@Z 000000018000839c f i sbSenderApp.obj
 0001:00007434       ?DeleteValue@CRegKey@ATL@@QEAAJPEB_W@Z 0000000180008434 f i sbSenderApp.obj
 0001:00007440       ?Detach@?$CAutoVectorPtr@_W@ATL@@QEAAPEA_WXZ 0000000180008440 f i sbSenderApp.obj
 0001:00007448       ?Detach@CParseBuffer@CRegParser@ATL@@QEAAPEA_WXZ 0000000180008448 f i sbSenderApp.obj
 0001:00007458       ?Detach@CRegKey@ATL@@QEAAPEAUHKEY__@@XZ 0000000180008458 f i sbSenderApp.obj
 0001:00007468       ?EndOfVar@CRegParser@ATL@@IEAAHXZ 0000000180008468 f i sbSenderApp.obj
 0001:00007494       ?EscapeSingleQuote@CAtlModule@ATL@@SAXPEA_W_KPEB_W@Z 0000000180008494 f i sbSenderApp.obj
 0001:000074e8       ?FinalConstruct@CRegObject@ATL@@QEAAJXZ 00000001800084e8 f i sbSenderApp.obj
 0001:00007530       ?FindKey@?$CSimpleMap@PEA_WPEA_WVCExpansionVectorEqualHelper@ATL@@@ATL@@QEBAHAEBQEA_W@Z 0000000180008530 f i sbSenderApp.obj
 0001:00007590       ?Free@?$CAutoVectorPtr@_W@ATL@@QEAAXXZ 0000000180008590 f i sbSenderApp.obj
 0001:000075ac       ?Free@CCRTAllocator@ATL@@SAXPEAX@Z 00000001800085ac f i sbSenderApp.obj
 0001:000075b4       ?FreeHeap@?$CTempBuffer@E$0BAA@VCCRTAllocator@ATL@@@ATL@@AEAAXXZ 00000001800085b4 f i sbSenderApp.obj
 0001:000075bc       ?FreeHeap@?$CTempBuffer@_W$0BAA@VCCRTAllocator@ATL@@@ATL@@AEAAXXZ 00000001800085bc f i sbSenderApp.obj
 0001:000075c4       ?FreeHeap@?$CTempBuffer@_W$0EAA@VCCRTAllocator@ATL@@@ATL@@AEAAXXZ 00000001800085c4 f i sbSenderApp.obj
 0001:000075cc       ?GenerateError@CRegParser@ATL@@IEAAJI@Z 00000001800085cc f i sbSenderApp.obj
 0001:000075d4       ?GetAppId@?$CAtlModuleT@VCComModule@ATL@@@ATL@@SAPEB_WXZ 00000001800085d4 f i sbSenderApp.obj
 0001:000075dc       ?GetGITPtr@CAtlModule@ATL@@UEAAJPEAPEAUIGlobalInterfaceTable@@@Z 00000001800085dc f i sbSenderApp.obj
 0001:0000764c       ?GetKeyAt@?$CSimpleMap@PEA_WPEA_WVCExpansionVectorEqualHelper@ATL@@@ATL@@QEBAAEAPEA_WH@Z 000000018000864c f i sbSenderApp.obj
 0001:00007680       ?GetLockCount@CAtlModule@ATL@@UEAAJXZ 0000000180008680 f i sbSenderApp.obj
 0001:00007684       ?GetModuleInstance@CAtlBaseModule@ATL@@QEAAPEAUHINSTANCE__@@XZ 0000000180008684 f i sbSenderApp.obj
 0001:0000768c       ?GetSize@?$CSimpleArray@PEAUHWND__@@V?$CSimpleArrayEqualHelper@PEAUHWND__@@@ATL@@@ATL@@QEBAHXZ 000000018000868c f i sbSenderApp.obj
 0001:00007690       ?GetSize@?$CSimpleMap@PEA_WPEA_WVCExpansionVectorEqualHelper@ATL@@@ATL@@QEBAHXZ 0000000180008690 f i sbSenderApp.obj
 0001:00007694       ?GetValueAt@?$CSimpleMap@PEA_WPEA_WVCExpansionVectorEqualHelper@ATL@@@ATL@@QEBAAEAPEA_WH@Z 0000000180008694 f i sbSenderApp.obj
 0001:000076c8       ?HKeyFromString@CRegParser@ATL@@KAPEAUHKEY__@@PEA_W@Z 00000001800086c8 f i sbSenderApp.obj
 0001:00007730       ?HasSubKeys@CRegParser@ATL@@IEAAHPEAUHKEY__@@@Z 0000000180008730 f i sbSenderApp.obj
 0001:00007790       ?Increment@CComMultiThreadModel@ATL@@SAKPEAJ@Z 0000000180008790 f i sbSenderApp.obj
 0001:0000779c       ?Init@CAppModule@WTL@@QEAAJPEAU_ATL_OBJMAP_ENTRY30@ATL@@PEAUHINSTANCE__@@PEBU_GUID@@@Z 000000018000879c f i sbSenderApp.obj
 0001:00007820       ?Init@CComCriticalSection@ATL@@QEAAJXZ 0000000180008820 f i sbSenderApp.obj
 0001:00007850       ?Init@CComModule@ATL@@QEAAJPEAU_ATL_OBJMAP_ENTRY30@2@PEAUHINSTANCE__@@PEBU_GUID@@@Z 0000000180008850 f i sbSenderApp.obj
 0001:000078c4       ?Init@CComSafeDeleteCriticalSection@ATL@@QEAAJXZ 00000001800088c4 f i sbSenderApp.obj
 0001:00007908       ?InitLibId@?$CAtlModuleT@VCComModule@ATL@@@ATL@@SAXXZ 0000000180008908 f i sbSenderApp.obj
 0001:0000790c       ?InternalSetAtIndex@?$CSimpleMap@PEA_WPEA_WVCExpansionVectorEqualHelper@ATL@@@ATL@@QEAAXHAEBQEA_W0@Z 000000018000890c f i sbSenderApp.obj
 0001:00007938       ?IsEqualKey@CExpansionVectorEqualHelper@ATL@@SA_NQEA_W0@Z 0000000180008938 f i sbSenderApp.obj
 0001:0000794c       ?IsSpace@CRegParser@ATL@@IEAAH_W@Z 000000018000894c f i sbSenderApp.obj
 0001:00007970       ?Lock@?$CComCritSecLock@VCComCriticalSection@ATL@@@ATL@@QEAAJXZ 0000000180008970 f i sbSenderApp.obj
 0001:00007990       ?Lock@CAtlModule@ATL@@UEAAJXZ 0000000180008990 f i sbSenderApp.obj
 0001:000079a0       ?Lock@CComCriticalSection@ATL@@QEAAJXZ 00000001800089a0 f i sbSenderApp.obj
 0001:000079b4       ?Lock@CComSafeDeleteCriticalSection@ATL@@QEAAJXZ 00000001800089b4 f i sbSenderApp.obj
 0001:000079c8       ?Lock@CStaticDataInitCriticalSectionLock@WTL@@QEAAJXZ 00000001800089c8 f i sbSenderApp.obj
 0001:000079e8       ?Lookup@?$CSimpleMap@PEA_WPEA_WVCExpansionVectorEqualHelper@ATL@@@ATL@@QEBAPEA_WAEBQEA_W@Z 00000001800089e8 f i sbSenderApp.obj
 0001:00007a78       ?NextToken@CRegParser@ATL@@IEAAJPEA_W@Z 0000000180008a78 f i sbSenderApp.obj
 0001:00007c00       ?OLE2CT_EX@@YAPEB_WPEB_WI@Z 0000000180008c00 f i sbSenderApp.obj
 0001:00007c04       ?Open@CRegKey@ATL@@QEAAJPEAUHKEY__@@PEB_WK@Z 0000000180008c04 f i sbSenderApp.obj
 0001:00007c94       ?PreProcessBuffer@CRegParser@ATL@@QEAAJPEA_WPEAPEA_W@Z 0000000180008c94 f i sbSenderApp.obj
 0001:00008058       ?QueryInterface@CRegObject@ATL@@UEAAJAEBU_GUID@@PEAPEAX@Z 0000000180009058 f i sbSenderApp.obj
 0001:00008060       ?RecurseDeleteKey@CRegKey@ATL@@QEAAJPEB_W@Z 0000000180009060 f i sbSenderApp.obj
 0001:00008168       ?RegCreateKeyExW@CAtlTransactionManager@ATL@@QEAAJPEAUHKEY__@@PEB_WKPEA_WKKQEAU_SECURITY_ATTRIBUTES@@PEAPEAU3@PEAK@Z 0000000180009168 f i sbSenderApp.obj
 0001:0000829c       ?RegDeleteKeyW@CAtlTransactionManager@ATL@@QEAAJPEAUHKEY__@@PEB_W@Z 000000018000929c f i sbSenderApp.obj
 0001:00008328       ?RegOpenKeyExW@CAtlTransactionManager@ATL@@QEAAJPEAUHKEY__@@PEB_WKKPEAPEAU3@@Z 0000000180009328 f i sbSenderApp.obj
 0001:000083e0       ?RegisterBuffer@CRegParser@ATL@@QEAAJPEA_WH@Z 00000001800093e0 f i sbSenderApp.obj
 0001:00008548       ?RegisterFromResource@CRegObject@ATL@@IEAAJPEB_W00H@Z 0000000180009548 f i sbSenderApp.obj
 0001:00008720       ?RegisterSubkeys@CRegParser@ATL@@IEAAJPEA_WPEAUHKEY__@@HH@Z 0000000180009720 f i sbSenderApp.obj
 0001:00008e4c       ?Release@CRegObject@ATL@@UEAAKXZ 0000000180009e4c f i sbSenderApp.obj
 0001:00008e50       ?RemoveAll@?$CSimpleArray@PEAUHWND__@@V?$CSimpleArrayEqualHelper@PEAUHWND__@@@ATL@@@ATL@@QEAAXXZ 0000000180009e50 f i sbSenderApp.obj
 0001:00008e78       ?RemoveAll@?$CSimpleMap@KPEAVCMessageLoop@WTL@@V?$CSimpleMapEqualHelper@KPEAVCMessageLoop@WTL@@@ATL@@@ATL@@QEAAXXZ 0000000180009e78 f i sbSenderApp.obj
 0001:00008eb0       ?RemoveAll@?$CSimpleMap@PEA_WPEA_WVCExpansionVectorEqualHelper@ATL@@@ATL@@QEAAXXZ 0000000180009eb0 f i sbSenderApp.obj
 0001:00008ee8       ?ResourceRegister@CRegObject@ATL@@QEAAJPEB_WI0@Z 0000000180009ee8 f i sbSenderApp.obj
 0001:00008f14       ?ResourceRegisterSz@CRegObject@ATL@@QEAAJPEB_W00@Z 0000000180009f14 f i sbSenderApp.obj
 0001:00008f4c       ?ResourceUnregister@CRegObject@ATL@@QEAAJPEB_WI0@Z 0000000180009f4c f i sbSenderApp.obj
 0001:00008f74       ?ResourceUnregisterSz@CRegObject@ATL@@QEAAJPEB_W00@Z 0000000180009f74 f i sbSenderApp.obj
 0001:00008fa8       ?SetDWORDValue@CRegKey@ATL@@QEAAJPEB_WK@Z 0000000180009fa8 f i sbSenderApp.obj
 0001:00008fd8       ?SetMultiStringValue@CRegKey@ATL@@QEAAJPEB_W0@Z 0000000180009fd8 f i sbSenderApp.obj
 0001:00009058       ?SetStringValue@CRegKey@ATL@@QEAAJPEB_W0K@Z 000000018000a058 f i sbSenderApp.obj
 0001:000090c4       ?SkipAssignment@CRegParser@ATL@@IEAAJPEA_W@Z 000000018000a0c4 f i sbSenderApp.obj
 0001:00009168       ?SkipWhiteSpace@CRegParser@ATL@@IEAAXXZ 000000018000a168 f i sbSenderApp.obj
 0001:000091a0       ?StrChrW@CRegParser@ATL@@KAPEA_WPEA_W_W@Z 000000018000a1a0 f i sbSenderApp.obj
 0001:000091e8       ?StrFromMap@CRegObject@ATL@@QEAAPEB_WPEA_W@Z 000000018000a1e8 f i sbSenderApp.obj
 0001:00009230       ?T2COLE_EX@@YAPEB_WPEB_WI@Z 000000018000a230 f i sbSenderApp.obj
 0001:00009234       ?T2OLE_EX@@YAPEA_WPEA_WI@Z 000000018000a234 f i sbSenderApp.obj
 0001:00009238       ?Term@CAppModule@WTL@@QEAAXXZ 000000018000a238 f i sbSenderApp.obj
 0001:00009298       ?Term@CAtlComModule@ATL@@QEAAXXZ 000000018000a298 f i sbSenderApp.obj
 0001:00009308       ?Term@CAtlModule@ATL@@QEAAXXZ 000000018000a308 f i sbSenderApp.obj
 0001:0000935c       ?Term@CComCriticalSection@ATL@@QEAAJXZ 000000018000a35c f i sbSenderApp.obj
 0001:00009370       ?Term@CComModule@ATL@@QEAAXXZ 000000018000a370 f i sbSenderApp.obj
 0001:0000941c       ?TermSettingChangeNotify@CAppModule@WTL@@QEAAXXZ 000000018000a41c f i sbSenderApp.obj
 0001:000094a4       ?Unlock@?$CComCritSecLock@VCComCriticalSection@ATL@@@ATL@@QEAAXXZ 000000018000a4a4 f i sbSenderApp.obj
 0001:000094c0       ?Unlock@CAtlModule@ATL@@UEAAJXZ 000000018000a4c0 f i sbSenderApp.obj
 0001:000094cc       ?Unlock@CComCriticalSection@ATL@@QEAAJXZ 000000018000a4cc f i sbSenderApp.obj
 0001:000094e0       ?Unlock@CStaticDataInitCriticalSectionLock@WTL@@QEAAXXZ 000000018000a4e0 f i sbSenderApp.obj
 0001:000094fc       ?UpdateRegistryFromResource@CAtlModule@ATL@@QEAAJIHPEAU_ATL_REGMAP_ENTRY@2@@Z 000000018000a4fc f i sbSenderApp.obj
 0001:00009788       ?UpdateRegistryFromResource@CAtlModule@ATL@@QEAAJPEB_WHPEAU_ATL_REGMAP_ENTRY@2@@Z 000000018000a788 f i sbSenderApp.obj
 0001:00009a24       ?UpdateRegistryFromResource@CComModule@ATL@@UEAAJIHPEAU_ATL_REGMAP_ENTRY@2@@Z 000000018000aa24 f i sbSenderApp.obj
 0001:00009a2c       ?UpdateRegistryFromResource@CComModule@ATL@@UEAAJPEB_WHPEAU_ATL_REGMAP_ENTRY@2@@Z 000000018000aa2c f i sbSenderApp.obj
 0001:00009a34       ?UpdateRegistryFromResourceD@CComModule@ATL@@UEAAJIHPEAU_ATL_REGMAP_ENTRY@2@@Z 000000018000aa34 f i sbSenderApp.obj
 0001:00009a3c       ?UpdateRegistryFromResourceD@CComModule@ATL@@UEAAJPEB_WHPEAU_ATL_REGMAP_ENTRY@2@@Z 000000018000aa3c f i sbSenderApp.obj
 0001:00009a44       ?VTFromRegType@CRegParser@ATL@@KAHPEB_WAEAG@Z 000000018000aa44 f i sbSenderApp.obj
 0001:00009b3c       ?_AtlGetConversionACP@ATL@@YAIXZ 000000018000ab3c f i sbSenderApp.obj
 0001:00009b44       ?_AtlInitializeCriticalSectionEx@ATL@@YAHPEAU_RTL_CRITICAL_SECTION@@KK@Z 000000018000ab44 f i sbSenderApp.obj
 0001:00009b4c       ?_AtlRaiseException@ATL@@YAXKK@Z 000000018000ab4c f i sbSenderApp.obj
 0001:00009b5c       ?memcpy_s@Checked@ATL@@YAXPEAX_KPEBX1@Z 000000018000ab5c f i sbSenderApp.obj
 0001:00009ba4       ?ocscpy_s@@YA_NPEA_W_KPEB_W@Z 000000018000aba4 f i sbSenderApp.obj
 0001:00009c08       ?ocslen@@YAHPEB_W@Z        000000018000ac08 f i sbSenderApp.obj
 0001:00009c18       ?tcsncpy_s@Checked@ATL@@YAHPEA_W_KPEB_W1@Z 000000018000ac18 f i sbSenderApp.obj
 0001:00009c60       ?wcsstr@@YAPEA_WPEA_WPEB_W@Z 000000018000ac60 f i sbSenderApp.obj
 0001:00009c68       DllMain                    000000018000ac68 f   sbSenderApp.obj
 0001:00009cec       HRESULT_FROM_WIN32         000000018000acec f i sbSenderApp.obj
 0001:00009cfc       ??0?$CSimpleArray@GV?$CSimpleArrayEqualHelper@G@ATL@@@ATL@@QEAA@XZ 000000018000acfc f i StdAfx.obj
 0001:00009d0c       ??0?$CTraceCategoryEx@$00$0A@@ATL@@QEAA@PEB_W@Z 000000018000ad0c f i StdAfx.obj
 0001:00009d10       ??0?$CTraceCategoryEx@$01$0A@@ATL@@QEAA@PEB_W@Z 000000018000ad10 f i StdAfx.obj
 0001:00009d14       ??0?$CTraceCategoryEx@$03$0A@@ATL@@QEAA@PEB_W@Z 000000018000ad14 f i StdAfx.obj
 0001:00009d18       ??0?$CTraceCategoryEx@$07$0A@@ATL@@QEAA@PEB_W@Z 000000018000ad18 f i StdAfx.obj
 0001:00009d1c       ??0?$CTraceCategoryEx@$0BA@$0A@@ATL@@QEAA@PEB_W@Z 000000018000ad1c f i StdAfx.obj
 0001:00009d20       ??0?$CTraceCategoryEx@$0BAA@$0A@@ATL@@QEAA@PEB_W@Z 000000018000ad20 f i StdAfx.obj
 0001:00009d24       ??0?$CTraceCategoryEx@$0BAAA@$0A@@ATL@@QEAA@PEB_W@Z 000000018000ad24 f i StdAfx.obj
 0001:00009d28       ??0?$CTraceCategoryEx@$0BAAAA@$0A@@ATL@@QEAA@PEB_W@Z 000000018000ad28 f i StdAfx.obj
 0001:00009d2c       ??0?$CTraceCategoryEx@$0BAAAAA@$0A@@ATL@@QEAA@PEB_W@Z 000000018000ad2c f i StdAfx.obj
 0001:00009d30       ??0?$CTraceCategoryEx@$0CA@$0A@@ATL@@QEAA@PEB_W@Z 000000018000ad30 f i StdAfx.obj
 0001:00009d34       ??0?$CTraceCategoryEx@$0CAA@$0A@@ATL@@QEAA@PEB_W@Z 000000018000ad34 f i StdAfx.obj
 0001:00009d38       ??0?$CTraceCategoryEx@$0CAAA@$0A@@ATL@@QEAA@PEB_W@Z 000000018000ad38 f i StdAfx.obj
 0001:00009d3c       ??0?$CTraceCategoryEx@$0CAAAA@$0A@@ATL@@QEAA@PEB_W@Z 000000018000ad3c f i StdAfx.obj
 0001:00009d40       ??0?$CTraceCategoryEx@$0CAAAAA@$0A@@ATL@@QEAA@PEB_W@Z 000000018000ad40 f i StdAfx.obj
 0001:00009d44       ??0?$CTraceCategoryEx@$0EA@$0A@@ATL@@QEAA@PEB_W@Z 000000018000ad44 f i StdAfx.obj
 0001:00009d48       ??0?$CTraceCategoryEx@$0EAA@$0A@@ATL@@QEAA@PEB_W@Z 000000018000ad48 f i StdAfx.obj
 0001:00009d4c       ??0?$CTraceCategoryEx@$0EAAA@$0A@@ATL@@QEAA@PEB_W@Z 000000018000ad4c f i StdAfx.obj
 0001:00009d50       ??0?$CTraceCategoryEx@$0EAAAA@$0A@@ATL@@QEAA@PEB_W@Z 000000018000ad50 f i StdAfx.obj
 0001:00009d54       ??0?$CTraceCategoryEx@$0EAAAAA@$0A@@ATL@@QEAA@PEB_W@Z 000000018000ad54 f i StdAfx.obj
 0001:00009d58       ??0?$CTraceCategoryEx@$0IA@$0A@@ATL@@QEAA@PEB_W@Z 000000018000ad58 f i StdAfx.obj
 0001:00009d5c       ??0?$CTraceCategoryEx@$0IAA@$0A@@ATL@@QEAA@PEB_W@Z 000000018000ad5c f i StdAfx.obj
 0001:00009d60       ??0?$CTraceCategoryEx@$0IAAA@$0A@@ATL@@QEAA@PEB_W@Z 000000018000ad60 f i StdAfx.obj
 0001:00009d64       ??0?$CTraceCategoryEx@$0IAAAA@$0A@@ATL@@QEAA@PEB_W@Z 000000018000ad64 f i StdAfx.obj
 0001:00009d68       ??0CAtlWinModule@ATL@@QEAA@XZ 000000018000ad68 f i StdAfx.obj
 0001:00009ddc       ??0CTraceCategory@ATL@@QEAA@PEB_W@Z 000000018000addc f i StdAfx.obj
 0001:00009de0       ??0_ATL_WIN_MODULE70@ATL@@QEAA@XZ 000000018000ade0 f i StdAfx.obj
 0001:00009e0c       ??1?$CSimpleArray@GV?$CSimpleArrayEqualHelper@G@ATL@@@ATL@@QEAA@XZ 000000018000ae0c f i StdAfx.obj
 0001:00009e34       ??1CAtlWinModule@ATL@@QEAA@XZ 000000018000ae34 f i StdAfx.obj
 0001:00009e6c       ??1CComBSTR@ATL@@QEAA@XZ   000000018000ae6c f i StdAfx.obj
 0001:00009e78       ??1_ATL_WIN_MODULE70@ATL@@QEAA@XZ 000000018000ae78 f i StdAfx.obj
 0001:00009ea4       ??1stringdispid@CComTypeInfoHolder@ATL@@QEAA@XZ 000000018000aea4 f i StdAfx.obj
 0001:00009eb0       ??A?$CSimpleArray@GV?$CSimpleArrayEqualHelper@G@ATL@@@ATL@@QEAAAEAGH@Z 000000018000aeb0 f i StdAfx.obj
 0001:00009ee4       ??_Estringdispid@CComTypeInfoHolder@ATL@@QEAAPEAXI@Z 000000018000aee4 f i StdAfx.obj
 0001:00009f54       ?AtlWinModuleInit@ATL@@YAJPEAU_ATL_WIN_MODULE70@1@@Z 000000018000af54 f i StdAfx.obj
 0001:00009fa0       ?AtlWinModuleTerm@ATL@@YAJPEAU_ATL_WIN_MODULE70@1@PEAUHINSTANCE__@@@Z 000000018000afa0 f i StdAfx.obj
 0001:0000a054       ?GetSize@?$CSimpleArray@GV?$CSimpleArrayEqualHelper@G@ATL@@@ATL@@QEBAHXZ 000000018000b054 f i StdAfx.obj
 0001:0000a058       ?RemoveAll@?$CSimpleArray@GV?$CSimpleArrayEqualHelper@G@ATL@@@ATL@@QEAAXXZ 000000018000b058 f i StdAfx.obj
 0001:0000a080       ?Term@CAtlWinModule@ATL@@QEAAXXZ 000000018000b080 f i StdAfx.obj
 0001:0000a08c       PathFileExistsW            000000018000b08c f   shlwapi:SHLWAPI.dll
 0001:0000a092       PathAppendW                000000018000b092 f   shlwapi:SHLWAPI.dll
 0001:0000a098       PathRemoveExtensionW       000000018000b098 f   shlwapi:SHLWAPI.dll
 0001:0000a09e       PathStripPathW             000000018000b09e f   shlwapi:SHLWAPI.dll
 0001:0000a0a4       GetProcAddress             000000018000b0a4 f   kernel32:KERNEL32.dll
 0001:0000a0aa       GetCurrentProcess          000000018000b0aa f   kernel32:KERNEL32.dll
 0001:0000a0b0       GetCurrentThreadId         000000018000b0b0 f   kernel32:KERNEL32.dll
 0001:0000a0b6       GetProcessId               000000018000b0b6 f   kernel32:KERNEL32.dll
 0001:0000a0bc       OpenThread                 000000018000b0bc f   kernel32:KERNEL32.dll
 0001:0000a0c2       SuspendThread              000000018000b0c2 f   kernel32:KERNEL32.dll
 0001:0000a0c8       ResumeThread               000000018000b0c8 f   kernel32:KERNEL32.dll
 0001:0000a0ce       CloseHandle                000000018000b0ce f   kernel32:KERNEL32.dll
 0001:0000a0d4       lstrlenW                   000000018000b0d4 f   kernel32:KERNEL32.dll
 0001:0000a0da       LoadLibraryW               000000018000b0da f   kernel32:KERNEL32.dll
 0001:0000a0e0       GetTempPathW               000000018000b0e0 f   kernel32:KERNEL32.dll
 0001:0000a0e6       CreateFileW                000000018000b0e6 f   kernel32:KERNEL32.dll
 0001:0000a0ec       DeleteFileW                000000018000b0ec f   kernel32:KERNEL32.dll
 0001:0000a0f2       CreateToolhelp32Snapshot   000000018000b0f2 f   kernel32:KERNEL32.dll
 0001:0000a0f8       Thread32First              000000018000b0f8 f   kernel32:KERNEL32.dll
 0001:0000a0fe       Thread32Next               000000018000b0fe f   kernel32:KERNEL32.dll
 0001:0000a104       FreeLibrary                000000018000b104 f   kernel32:KERNEL32.dll
 0001:0000a10a       LocalFree                  000000018000b10a f   kernel32:KERNEL32.dll
 0001:0000a110       FlushInstructionCache      000000018000b110 f   kernel32:KERNEL32.dll
 0001:0000a116       VirtualProtect             000000018000b116 f   kernel32:KERNEL32.dll
 0001:0000a11c       VirtualQuery               000000018000b11c f   kernel32:KERNEL32.dll
 0001:0000a122       OpenProcess                000000018000b122 f   kernel32:KERNEL32.dll
 0001:0000a128       GetCurrentProcessId        000000018000b128 f   kernel32:KERNEL32.dll
 0001:0000a12e       TerminateProcess           000000018000b12e f   kernel32:KERNEL32.dll
 0001:0000a134       SetUnhandledExceptionFilter 000000018000b134 f   kernel32:KERNEL32.dll
 0001:0000a13a       GetLastError               000000018000b13a f   kernel32:KERNEL32.dll
 0001:0000a140       SetErrorMode               000000018000b140 f   kernel32:KERNEL32.dll
 0001:0000a146       DebugBreak                 000000018000b146 f   kernel32:KERNEL32.dll
 0001:0000a14c       WaitForSingleObject        000000018000b14c f   kernel32:KERNEL32.dll
 0001:0000a152       GetSystemTime              000000018000b152 f   kernel32:KERNEL32.dll
 0001:0000a158       SystemTimeToFileTime       000000018000b158 f   kernel32:KERNEL32.dll
 0001:0000a15e       FormatMessageW             000000018000b15e f   kernel32:KERNEL32.dll
 0001:0000a164       lstrlenA                   000000018000b164 f   kernel32:KERNEL32.dll
 0001:0000a16a       GetModuleFileNameW         000000018000b16a f   kernel32:KERNEL32.dll
 0001:0000a170       GetModuleHandleW           000000018000b170 f   kernel32:KERNEL32.dll
 0001:0000a176       CreateProcessW             000000018000b176 f   kernel32:KERNEL32.dll
 0001:0000a17c       OutputDebugStringW         000000018000b17c f   kernel32:KERNEL32.dll
 0001:0000a182       WritePrivateProfileStringW 000000018000b182 f   kernel32:KERNEL32.dll
 0001:0000a188       DecodePointer              000000018000b188 f   kernel32:KERNEL32.dll
 0001:0000a18e       RaiseException             000000018000b18e f   kernel32:KERNEL32.dll
 0001:0000a194       EnterCriticalSection       000000018000b194 f   kernel32:KERNEL32.dll
 0001:0000a19a       LeaveCriticalSection       000000018000b19a f   kernel32:KERNEL32.dll
 0001:0000a1a0       InitializeCriticalSectionAndSpinCount 000000018000b1a0 f   kernel32:KERNEL32.dll
 0001:0000a1a6       DeleteCriticalSection      000000018000b1a6 f   kernel32:KERNEL32.dll
 0001:0000a1ac       LoadResource               000000018000b1ac f   kernel32:KERNEL32.dll
 0001:0000a1b2       SizeofResource             000000018000b1b2 f   kernel32:KERNEL32.dll
 0001:0000a1b8       lstrcmpiW                  000000018000b1b8 f   kernel32:KERNEL32.dll
 0001:0000a1be       LoadLibraryExW             000000018000b1be f   kernel32:KERNEL32.dll
 0001:0000a1c4       FindResourceW              000000018000b1c4 f   kernel32:KERNEL32.dll
 0001:0000a1ca       MultiByteToWideChar        000000018000b1ca f   kernel32:KERNEL32.dll
 0001:0000a1d0       CharUpperW                 000000018000b1d0 f   user32:USER32.dll
 0001:0000a1d6       MessageBoxW                000000018000b1d6 f   user32:USER32.dll
 0001:0000a1dc       LoadStringW                000000018000b1dc f   user32:USER32.dll
 0001:0000a1e2       wvsprintfW                 000000018000b1e2 f   user32:USER32.dll
 0001:0000a1e8       CharLowerW                 000000018000b1e8 f   user32:USER32.dll
 0001:0000a1ee       CharNextW                  000000018000b1ee f   user32:USER32.dll
 0001:0000a1f4       DestroyWindow              000000018000b1f4 f   user32:USER32.dll
 0001:0000a1fa       UnregisterClassW           000000018000b1fa f   user32:USER32.dll
 0001:0000a200       RegCloseKey                000000018000b200 f   advapi32:ADVAPI32.dll
 0001:0000a206       RegCreateKeyW              000000018000b206 f   advapi32:ADVAPI32.dll
 0001:0000a20c       RegOpenKeyW                000000018000b20c f   advapi32:ADVAPI32.dll
 0001:0000a212       RegQueryValueExW           000000018000b212 f   advapi32:ADVAPI32.dll
 0001:0000a218       RegSetValueExW             000000018000b218 f   advapi32:ADVAPI32.dll
 0001:0000a21e       RegCreateKeyExW            000000018000b21e f   advapi32:ADVAPI32.dll
 0001:0000a224       RegDeleteKeyW              000000018000b224 f   advapi32:ADVAPI32.dll
 0001:0000a22a       RegDeleteValueW            000000018000b22a f   advapi32:ADVAPI32.dll
 0001:0000a230       RegEnumKeyExW              000000018000b230 f   advapi32:ADVAPI32.dll
 0001:0000a236       RegOpenKeyExW              000000018000b236 f   advapi32:ADVAPI32.dll
 0001:0000a23c       RegQueryInfoKeyW           000000018000b23c f   advapi32:ADVAPI32.dll
 0001:0000a242       CoCreateInstance           000000018000b242 f   ole32:ole32.dll
 0001:0000a248       CoTaskMemAlloc             000000018000b248 f   ole32:ole32.dll
 0001:0000a24e       CoTaskMemRealloc           000000018000b24e f   ole32:ole32.dll
 0001:0000a254       CoTaskMemFree              000000018000b254 f   ole32:ole32.dll
 0001:0000a25a       VarUI4FromStr              000000018000b25a f   oleaut32:OLEAUT32.dll
 0001:0000a260       SysFreeString              000000018000b260 f   oleaut32:OLEAUT32.dll
 0001:0000a268       ??$?2PEAUHINSTANCE__@@@Wrapper@?$CSimpleArray@PEAUHINSTANCE__@@V?$CSimpleArrayEqualHelper@PEAUHINSTANCE__@@@ATL@@@ATL@@SAPEAX_KPEAPEAUHINSTANCE__@@@Z 000000018000b268 f i atls:atlbase.obj
 0001:0000a26c       ??0?$CSimpleArray@PEAUHINSTANCE__@@V?$CSimpleArrayEqualHelper@PEAUHINSTANCE__@@@ATL@@@ATL@@QEAA@XZ 000000018000b26c f i atls:atlbase.obj
 0001:0000a27c       ??0CAtlBaseModule@ATL@@QEAA@XZ 000000018000b27c f   atls:atlbase.obj
 0001:0000a324       ??0Wrapper@?$CSimpleArray@PEAUHINSTANCE__@@V?$CSimpleArrayEqualHelper@PEAUHINSTANCE__@@@ATL@@@ATL@@QEAA@AEBQEAUHINSTANCE__@@@Z 000000018000b324 f i atls:atlbase.obj
 0001:0000a330       ??0_ATL_BASE_MODULE70@ATL@@QEAA@XZ 000000018000b330 f i atls:atlbase.obj
 0001:0000a35c       ??1?$CSimpleArray@PEAUHINSTANCE__@@V?$CSimpleArrayEqualHelper@PEAUHINSTANCE__@@@ATL@@@ATL@@QEAA@XZ 000000018000b35c f i atls:atlbase.obj
 0001:0000a384       ??1CAtlBaseModule@ATL@@QEAA@XZ 000000018000b384 f   atls:atlbase.obj
 0001:0000a3b8       ??1_ATL_BASE_MODULE70@ATL@@QEAA@XZ 000000018000b3b8 f i atls:atlbase.obj
 0001:0000a3e4       ??A?$CSimpleArray@PEAUHINSTANCE__@@V?$CSimpleArrayEqualHelper@PEAUHINSTANCE__@@@ATL@@@ATL@@QEAAAEAPEAUHINSTANCE__@@H@Z 000000018000b3e4 f i atls:atlbase.obj
 0001:0000a418       ?Add@?$CSimpleArray@PEAUHINSTANCE__@@V?$CSimpleArrayEqualHelper@PEAUHINSTANCE__@@@ATL@@@ATL@@QEAAHAEBQEAUHINSTANCE__@@@Z 000000018000b418 f i atls:atlbase.obj
 0001:0000a4bc       ?AddResourceInstance@CAtlBaseModule@ATL@@QEAA_NPEAUHINSTANCE__@@@Z 000000018000b4bc f   atls:atlbase.obj
 0001:0000a504       ?GetHInstanceAt@CAtlBaseModule@ATL@@QEAAPEAUHINSTANCE__@@H@Z 000000018000b504 f   atls:atlbase.obj
 0001:0000a580       ?GetSize@?$CSimpleArray@PEAUHINSTANCE__@@V?$CSimpleArrayEqualHelper@PEAUHINSTANCE__@@@ATL@@@ATL@@QEBAHXZ 000000018000b580 f i atls:atlbase.obj
 0001:0000a584       ?InternalSetAtIndex@?$CSimpleArray@PEAUHINSTANCE__@@V?$CSimpleArrayEqualHelper@PEAUHINSTANCE__@@@ATL@@@ATL@@QEAAXHAEBQEAUHINSTANCE__@@@Z 000000018000b584 f i atls:atlbase.obj
 0001:0000a59c       ?RemoveAll@?$CSimpleArray@PEAUHINSTANCE__@@V?$CSimpleArrayEqualHelper@PEAUHINSTANCE__@@@ATL@@@ATL@@QEAAXXZ 000000018000b59c f i atls:atlbase.obj
 0001:0000a5c4       ?RemoveAt@?$CSimpleArray@PEAUHINSTANCE__@@V?$CSimpleArrayEqualHelper@PEAUHINSTANCE__@@@ATL@@@ATL@@QEAAHH@Z 000000018000b5c4 f i atls:atlbase.obj
 0001:0000a658       ?RemoveResourceInstance@CAtlBaseModule@ATL@@QEAA_NPEAUHINSTANCE__@@@Z 000000018000b658 f   atls:atlbase.obj
 0001:0000a6e4       ?memmove_s@Checked@ATL@@YAXPEAX_KPEBX1@Z 000000018000b6e4 f i atls:atlbase.obj
 0001:0000a72c       ??_I@YAXPEAX_KHP6AX0@Z@Z   000000018000b72c f i atls:stdafx.obj
 0001:0000a778       ??3@YAXPEAX@Z              000000018000b778 f   LIBCMT:delete.obj
 0001:0000a780       ??_M@YAXPEAX_KHP6AX0@Z@Z   000000018000b780 f   LIBCMT:ehvecdtr.obj
 0001:0000a7fc       ?__ArrayUnwind@@YAXPEAX_KHP6AX0@Z@Z 000000018000b7fc f   LIBCMT:ehvecdtr.obj
 0001:0000a848       __copy_path_to_wide_string 000000018000b848 f   LIBCMT:crt0dat.obj
 0001:0000a948       __copy_to_char             000000018000b948 f   LIBCMT:crt0dat.obj
 0001:0000aa60       __crtCorExitProcess        000000018000ba60 f   LIBCMT:crt0dat.obj
 0001:0000aaa4       __crtExitProcess           000000018000baa4 f   LIBCMT:crt0dat.obj
 0001:0000aabc       __freeCrtMemory            000000018000babc f   LIBCMT:crt0dat.obj
 0001:0000ac04       _amsg_exit                 000000018000bc04 f   LIBCMT:crt0dat.obj
 0001:0000ac2c       _c_exit                    000000018000bc2c f   LIBCMT:crt0dat.obj
 0001:0000ac3c       _cexit                     000000018000bc3c f   LIBCMT:crt0dat.obj
 0001:0000ac4c       _cinit                     000000018000bc4c f   LIBCMT:crt0dat.obj
 0001:0000ace4       _exit                      000000018000bce4 f   LIBCMT:crt0dat.obj
 0001:0000acf0       _exit_app                  000000018000bcf0 f   LIBCMT:crt0dat.obj
 0001:0000acfc       _get_pgmptr                000000018000bcfc f   LIBCMT:crt0dat.obj
 0001:0000ad34       _get_wpgmptr               000000018000bd34 f   LIBCMT:crt0dat.obj
 0001:0000ad6c       _init_pointers             000000018000bd6c f   LIBCMT:crt0dat.obj
 0001:0000ae18       _initterm_e                000000018000be18 f   LIBCMT:crt0dat.obj
 0001:0000ae54       _lockexit                  000000018000be54 f   LIBCMT:crt0dat.obj
 0001:0000ae60       _unlockexit                000000018000be60 f   LIBCMT:crt0dat.obj
 0001:0000b004       exit                       000000018000c004 f   LIBCMT:crt0dat.obj
 0001:0000b010       ??_U@YAPEAX_K@Z            000000018000c010 f   LIBCMT:new2.obj
 0001:0000b018       ??_V@YAXPEAX@Z             000000018000c018 f   LIBCMT:delete2.obj
 0001:0000b030       memmove                    000000018000c030 f   LIBCMT:memcpy.obj
 0001:0000b030       memcpy                     000000018000c030 f   LIBCMT:memcpy.obj
 0001:0000b5b0       memset                     000000018000c5b0 f   LIBCMT:memset.obj
 0001:0000b7dc       wcscpy_s                   000000018000c7dc f   LIBCMT:wcscpy_s.obj
 0001:0000b848       wcsstr                     000000018000c848 f   LIBCMT:wcsstr.obj
 0001:0000ba44       _CxxThrowException         000000018000ca44 f   LIBCMT:throw.obj
 0001:0000bb68       ?_ExecutionInCatch@@YAHPEAU_xDISPATCHER_CONTEXT@@PEBU_s_FuncInfo@@@Z 000000018000cb68 f   LIBCMT:trnsctrl.obj
 0001:0000bbe0       ?_GetEstablisherFrame@@YAPEA_KPEA_KPEAU_xDISPATCHER_CONTEXT@@PEBU_s_FuncInfo@@0@Z 000000018000cbe0 f   LIBCMT:trnsctrl.obj
 0001:0000bcac       ?_GetRangeOfTrysToCheck@@YAPEBU_s_TryBlockMapEntry@@PEA_KPEBU_s_FuncInfo@@HHPEAI2PEAU_xDISPATCHER_CONTEXT@@@Z 000000018000ccac f   LIBCMT:trnsctrl.obj
 0001:0000bdd8       ?__FrameUnwindToEmptyState@@YAXPEA_KPEAU_xDISPATCHER_CONTEXT@@PEBU_s_FuncInfo@@@Z 000000018000cdd8 f   LIBCMT:trnsctrl.obj
 0001:0000be6c       ?__SehTransFilter@@YAHPEAU_EXCEPTION_POINTERS@@PEAUEHExceptionRecord@@PEA_KPEAU_CONTEXT@@PEAU_xDISPATCHER_CONTEXT@@PEBU_s_FuncInfo@@PEAH@Z 000000018000ce6c f   LIBCMT:trnsctrl.obj
 0001:0000bf10       _CallSETranslator          000000018000cf10 f   LIBCMT:trnsctrl.obj
 0001:0000bf64       _CreateFrameInfo           000000018000cf64 f   LIBCMT:trnsctrl.obj
 0001:0000bfa8       _FindAndUnlinkFrame        000000018000cfa8 f   LIBCMT:trnsctrl.obj
 0001:0000c008       _GetImageBase              000000018000d008 f   LIBCMT:trnsctrl.obj
 0001:0000c020       _GetThrowImageBase         000000018000d020 f   LIBCMT:trnsctrl.obj
 0001:0000c038       _IsExceptionObjectToBeDestroyed 000000018000d038 f   LIBCMT:trnsctrl.obj
 0001:0000c06c       _MoveContext               000000018000d06c f   LIBCMT:trnsctrl.obj
 0001:0000c078       _SetImageBase              000000018000d078 f   LIBCMT:trnsctrl.obj
 0001:0000c094       _SetThrowImageBase         000000018000d094 f   LIBCMT:trnsctrl.obj
 0001:0000c0b0       _UnwindNestedFrames        000000018000d0b0 f   LIBCMT:trnsctrl.obj
 0001:0000c1d4       __CxxFrameHandler          000000018000d1d4 f   LIBCMT:trnsctrl.obj
 0001:0000c25c       __CxxFrameHandler2         000000018000d25c f   LIBCMT:trnsctrl.obj
 0001:0000c264       __CxxFrameHandler3         000000018000d264 f   LIBCMT:trnsctrl.obj
 0001:0000c2ec       __GSHandlerCheck           000000018000d2ec f   LIBCMT:gshandler.obj
 0001:0000c30c       __GSHandlerCheckCommon     000000018000d30c f   LIBCMT:gshandler.obj
 0001:0000c370       __GSHandlerCheck_EH        000000018000d370 f   LIBCMT:gshandlereh.obj
 0001:0000c410       __security_check_cookie    000000018000d410 f   LIBCMT:amdsecgs.obj
 0001:0000c430       ??0type_info@@AEAA@AEBV0@@Z 000000018000d430 f   LIBCMT:typinfo.obj
 0001:0000c440       ??1type_info@@UEAA@XZ      000000018000d440 f   LIBCMT:typinfo.obj
 0001:0000c450       ??4type_info@@AEAAAEAV0@AEBV0@@Z 000000018000d450 f   LIBCMT:typinfo.obj
 0001:0000c454       ??8type_info@@QEBA_NAEBV0@@Z 000000018000d454 f   LIBCMT:typinfo.obj
 0001:0000c474       ??9type_info@@QEBA_NAEBV0@@Z 000000018000d474 f   LIBCMT:typinfo.obj
 0001:0000c494       ??_Etype_info@@UEAAPEAXI@Z 000000018000d494 f i LIBCMT:typinfo.obj
 0001:0000c494       ??_Gtype_info@@UEAAPEAXI@Z 000000018000d494 f i LIBCMT:typinfo.obj
 0001:0000c4d0       ?_name_internal_method@type_info@@QEBAPEBDPEAU__type_info_node@@@Z 000000018000d4d0 f   LIBCMT:typinfo.obj
 0001:0000c4d8       ?_type_info_dtor_internal_method@type_info@@QEAAXXZ 000000018000d4d8 f   LIBCMT:typinfo.obj
 0001:0000c4e0       ?before@type_info@@QEBA_NAEBV1@@Z 000000018000d4e0 f   LIBCMT:typinfo.obj
 0001:0000c500       ?name@type_info@@QEBAPEBDPEAU__type_info_node@@@Z 000000018000d500 f   LIBCMT:typinfo.obj
 0001:0000c508       ?raw_name@type_info@@QEBAPEBDXZ 000000018000d508 f   LIBCMT:typinfo.obj
 0001:0000c510       _get_purecall_handler      000000018000d510 f   LIBCMT:purevirt.obj
 0001:0000c520       _purecall                  000000018000d520 f   LIBCMT:purevirt.obj
[...]
 0004:00003060       $pdata$__crtCompareStringA 000000018005d060     LIBCMT:a_cmp.obj
 0004:0000306c       $pdata$_fltin2             000000018005d06c     LIBCMT:cfin.obj
 0004:00003078       $pdata$_strdup             000000018005d078     LIBCMT:strdup.obj
 0004:00003084       $pdata$_mbschr_l           000000018005d084     LIBCMT:mbschr.obj
 0004:00003090       $pdata$_strnicmp           000000018005d090     LIBCMT:strnicmp.obj
 0004:0000309c       $pdata$_strnicmp_l         000000018005d09c     LIBCMT:strnicmp.obj
 0004:000030a8       $pdata$strchr              000000018005d0a8     LIBCMT:strchr.obj
 0004:000030b4       $pdata$??0bad_function_call@std@@QEAA@AEBV01@@Z 000000018005d0b4     libcpmt:xthrow.obj
 0004:000030c0       $pdata$??0bad_function_call@std@@QEAA@PEBD@Z 000000018005d0c0     libcpmt:xthrow.obj
 0004:000030cc       $pdata$??0invalid_argument@std@@QEAA@AEBV01@@Z 000000018005d0cc     libcpmt:xthrow.obj
 0004:000030d8       $pdata$??0invalid_argument@std@@QEAA@PEBD@Z 000000018005d0d8     libcpmt:xthrow.obj
 0004:000030e4       $pdata$??0length_error@std@@QEAA@AEBV01@@Z 000000018005d0e4     libcpmt:xthrow.obj
 0004:000030f0       $pdata$??0length_error@std@@QEAA@PEBD@Z 000000018005d0f0     libcpmt:xthrow.obj
 0004:000030fc       $pdata$??0logic_error@std@@QEAA@AEBV01@@Z 000000018005d0fc     libcpmt:xthrow.obj
 0004:00003108       $pdata$??0logic_error@std@@QEAA@PEBD@Z 000000018005d108     libcpmt:xthrow.obj
 0004:00003114       $pdata$??0out_of_range@std@@QEAA@AEBV01@@Z 000000018005d114     libcpmt:xthrow.obj
 0004:00003120       $pdata$??0out_of_range@std@@QEAA@PEBD@Z 000000018005d120     libcpmt:xthrow.obj
 0004:0000312c       $pdata$??0overflow_error@std@@QEAA@AEBV01@@Z 000000018005d12c     libcpmt:xthrow.obj
 0004:00003138       $pdata$??0overflow_error@std@@QEAA@PEBD@Z 000000018005d138     libcpmt:xthrow.obj
 0004:00003144       $pdata$??0regex_error@std@@QEAA@AEBV01@@Z 000000018005d144     libcpmt:xthrow.obj
 0004:00003150       $pdata$??0regex_error@std@@QEAA@W4error_type@regex_constants@1@@Z 000000018005d150     libcpmt:xthrow.obj
 0004:0000315c       $pdata$??0runtime_error@std@@QEAA@AEBV01@@Z 000000018005d15c     libcpmt:xthrow.obj
 0004:00003168       $pdata$??0runtime_error@std@@QEAA@PEBD@Z 000000018005d168     libcpmt:xthrow.obj
 0004:00003174       $pdata$??_Gbad_function_call@std@@UEAAPEAXI@Z 000000018005d174     libcpmt:xthrow.obj
 0004:00003180       $pdata$??_Ginvalid_argument@std@@UEAAPEAXI@Z 000000018005d180     libcpmt:xthrow.obj
 0004:0000318c       $pdata$??_Glength_error@std@@UEAAPEAXI@Z 000000018005d18c     libcpmt:xthrow.obj
 0004:00003198       $pdata$??_Glogic_error@std@@UEAAPEAXI@Z 000000018005d198     libcpmt:xthrow.obj
 0004:000031a4       $pdata$??_Gout_of_range@std@@UEAAPEAXI@Z 000000018005d1a4     libcpmt:xthrow.obj
 0004:000031b0       $pdata$??_Goverflow_error@std@@UEAAPEAXI@Z 000000018005d1b0     libcpmt:xthrow.obj
 0004:000031bc       $pdata$??_Gregex_error@std@@UEAAPEAXI@Z 000000018005d1bc     libcpmt:xthrow.obj
 0004:000031c8       $pdata$??_Gruntime_error@std@@UEAAPEAXI@Z 000000018005d1c8     libcpmt:xthrow.obj
 0004:000031d4       $pdata$?_Xbad_alloc@std@@YAXXZ 000000018005d1d4     libcpmt:xthrow.obj
 0004:000031e0       $pdata$?_Xbad_function_call@std@@YAXXZ 000000018005d1e0     libcpmt:xthrow.obj
 0004:000031ec       $pdata$?_Xinvalid_argument@std@@YAXPEBD@Z 000000018005d1ec     libcpmt:xthrow.obj
 0004:000031f8       $pdata$?_Xlength_error@std@@YAXPEBD@Z 000000018005d1f8     libcpmt:xthrow.obj
 0004:00003204       $pdata$?_Xout_of_range@std@@YAXPEBD@Z 000000018005d204     libcpmt:xthrow.obj
 0004:00003210       $pdata$?_Xoverflow_error@std@@YAXPEBD@Z 000000018005d210     libcpmt:xthrow.obj
 0004:0000321c       $pdata$?_Xregex_error@std@@YAXW4error_type@regex_constants@1@@Z 000000018005d21c     libcpmt:xthrow.obj
 0004:00003228       $pdata$?_Xruntime_error@std@@YAXPEBD@Z 000000018005d228     libcpmt:xthrow.obj
 0004:00003234       $pdata$?dtor$0@?0???HWTL@@YA?AVCString@0@AEBV10@0@Z@4HA 000000018005d234     BugSplatImp.obj
 0004:00003240       $pdata$?catch$0@?0??AllocBuffer@CString@WTL@@IEAAHH@Z@4HA 000000018005d240     BugSplatImp.obj
 0004:0000324c       $pdata$?dtor$0@?0??Left@CString@WTL@@QEBA?AV12@H@Z@4HA 000000018005d24c     BugSplatImp.obj
 0004:00003258       $pdata$?dtor$0@?0??Mid@CString@WTL@@QEBA?AV12@HH@Z@4HA 000000018005d258     BugSplatImp.obj
 0004:00003264       $pdata$?catch$0@?0???$_Uninit_move@PEAVCString@WTL@@PEAV12@V?$allocator@VCString@WTL@@@std@@V12@@std@@YAPEAVCString@WTL@@PEAV12@00AEAU?$_Wrap_alloc@V?$allocator@VCString@WTL@@@std@@@0@0U_Nonscalar_ptr_iterator_tag@0@@Z@4HA 000000018005d264     mdump.obj
 0004:00003270       $pdata$?dtor$0@?0???$construct@VCString@WTL@@V12@@?$allocator@VCString@WTL@@@std@@QEAAXPEAVCString@WTL@@$$QEAV23@@Z@4HA 000000018005d270     mdump.obj
 0004:0000327c       $pdata$?catch$0@?0??AtlMessageBox@WTL@@YAHPEAUHWND__@@V_U_STRINGorID@ATL@@1I@Z@4HA 000000018005d27c     mdump.obj
 0004:00003288       $pdata$?catch$1@?0??AtlMessageBox@WTL@@YAHPEAUHWND__@@V_U_STRINGorID@ATL@@1I@Z@4HA 000000018005d288     mdump.obj
 0004:00003294       $pdata$?catch$1@?0??_Copy@?$basic_string@DU?$char_traits@D@std@@V?$allocator@D@2@@std@@QEAAX_K0@Z@4HA 000000018005d294     mdump.obj
 0004:000032a0       $pdata$?catch$0@?0??_Copy@?$basic_string@DU?$char_traits@D@std@@V?$allocator@D@2@@std@@QEAAX_K0@Z@4HA 000000018005d2a0     mdump.obj
 0004:000032ac       $pdata$?catch$0@?0??_Reallocate@?$vector@VCString@WTL@@V?$allocator@VCString@WTL@@@std@@@std@@IEAAX_K@Z@4HA 000000018005d2ac     mdump.obj
 0004:000032b8       $pdata$?catch$0@?0??AddValue@CRegParser@ATL@@IEAAJAEAVCRegKey@2@PEB_WPEA_W@Z@4HA 000000018005d2b8     sbSenderApp.obj
 0004:000032c4       $pdata$?catch$1@?0??AddValue@CRegParser@ATL@@IEAAJAEAVCRegKey@2@PEB_WPEA_W@Z@4HA 000000018005d2c4     sbSenderApp.obj
 0004:000032d0       $pdata$?catch$0@?0??Init@CAppModule@WTL@@QEAAJPEAU_ATL_OBJMAP_ENTRY30@ATL@@PEAUHINSTANCE__@@PEBU_GUID@@@Z@4HA 000000018005d2d0     sbSenderApp.obj
 0004:000032dc       $pdata$?catch$0@?0??RegisterFromResource@CRegObject@ATL@@IEAAJPEB_W00H@Z@4HA 000000018005d2dc     sbSenderApp.obj
 0004:000032e8       $pdata$?fin$0@?0???_M@YAXPEAX_KHP6AX0@Z@Z@4HA 000000018005d2e8     LIBCMT:ehvecdtr.obj
 0004:000032f4       $pdata$?filt$0@?0??__ArrayUnwind@@YAXPEAX_KHP6AX0@Z@Z@4HA 000000018005d2f4     LIBCMT:ehvecdtr.obj
 0004:00003300       $pdata$doexit$fin$0        000000018005d300     LIBCMT:crt0dat.obj
 0004:0000330c       $pdata$_CallSETranslator$filt$0 000000018005d30c     LIBCMT:trnsctrl.obj
 0004:00003318       $pdata$_onexit$fin$0       000000018005d318     LIBCMT:onexit.obj
 0004:00003324       $pdata$fwprintf$fin$0      000000018005d324     LIBCMT:fwprintf.obj
 0004:00003330       $pdata$wprintf$fin$0       000000018005d330     LIBCMT:wprintf.obj
 0004:0000333c       $pdata$_wfsopen$fin$0      000000018005d33c     LIBCMT:wfopen.obj
 0004:00003348       $pdata$fclose$fin$0        000000018005d348     LIBCMT:fclose.obj
 0004:00003354       $pdata$_callthreadstartex$filt$0 000000018005d354     LIBCMT:threadex.obj
 0004:00003360       $pdata$ctrlevent_capture$fin$0 000000018005d360     LIBCMT:winsig.obj
 0004:0000336c       $pdata$raise$fin$0         000000018005d36c     LIBCMT:winsig.obj
 0004:00003378       $pdata$signal$fin$0        000000018005d378     LIBCMT:winsig.obj
 0004:00003384       $pdata$_CRT_INIT$fin$0     000000018005d384     LIBCMT:dllcrt0.obj
 0004:00003390       $pdata$__DllMainCRTStartup$filt$0 000000018005d390     LIBCMT:dllcrt0.obj
 0004:0000339c       $pdata$_mtinitlocknum$fin$0 000000018005d39c     LIBCMT:mlock.obj
 0004:000033a8       $pdata$_IsNonwritableInCurrentImage$filt$0 000000018005d3a8     LIBCMT:pesect.obj
 0004:000033b4       $pdata$__updatetmbcinfo$fin$0 000000018005d3b4     LIBCMT:mbctype.obj
 0004:000033c0       $pdata$_setmbcp$fin$0      000000018005d3c0     LIBCMT:mbctype.obj
 0004:000033cc       $pdata$_freefls$fin$1      000000018005d3cc     LIBCMT:tidtable.obj
 0004:000033d8       $pdata$_freefls$fin$0      000000018005d3d8     LIBCMT:tidtable.obj
 0004:000033e4       $pdata$_initptd$fin$1      000000018005d3e4     LIBCMT:tidtable.obj
 0004:000033f0       $pdata$_initptd$fin$0      000000018005d3f0     LIBCMT:tidtable.obj
 0004:000033fc       $pdata$__CxxCallCatchBlock$filt$0 000000018005d3fc     LIBCMT:frame.obj
 0004:00003408       $pdata$__CxxCallCatchBlock$fin$1 000000018005d408     LIBCMT:frame.obj
 0004:00003414       $pdata$__CxxExceptionFilter$fin$0 000000018005d414     LIBCMT:frame.obj
 0004:00003420       $pdata$__DestructExceptionObject$filt$0 000000018005d420     LIBCMT:frame.obj
 0004:0000342c       $pdata$__FrameUnwindToState$filt$0 000000018005d42c     LIBCMT:frame.obj
 0004:00003438       $pdata$__FrameUnwindToState$fin$1 000000018005d438     LIBCMT:frame.obj
 0004:00003444       $pdata$?fin$0@?0??_Name_base@type_info@@CAPEBDPEBV1@PEAU__type_info_node@@@Z@4HA 000000018005d444     LIBCMT:typname.obj
 0004:00003450       $pdata$?fin$0@?0??_Name_base_internal@type_info@@CAPEBDPEBV1@PEAU__type_info_node@@@Z@4HA 000000018005d450     LIBCMT:typname.obj
 0004:0000345c       $pdata$?fin$0@?0??_Type_info_dtor@type_info@@CAXPEAV1@@Z@4HA 000000018005d45c     LIBCMT:typname.obj
 0004:00003468       $pdata$?fin$0@?0??_Type_info_dtor_internal@type_info@@CAXPEAV1@@Z@4HA 000000018005d468     LIBCMT:typname.obj
 0004:00003474       $pdata$__clean_type_info_names_internal$fin$0 000000018005d474     LIBCMT:typname.obj
 0004:00003480       $pdata$__updatetlocinfo$fin$0 000000018005d480     LIBCMT:localref.obj
 0004:0000348c       $pdata$vfwprintf_helper$fin$0 000000018005d48c     LIBCMT:vfwprint.obj
 0004:00003498       $pdata$vwprintf_helper$fin$0 000000018005d498     LIBCMT:vwprintf.obj
 0004:000034a4       $pdata$_getstream$fin$0    000000018005d4a4     LIBCMT:stream.obj
 0004:000034b0       $pdata$__tzset$fin$0       000000018005d4b0     LIBCMT:tzset.obj
 0004:000034bc       $pdata$_isindst$fin$0      000000018005d4bc     LIBCMT:tzset.obj
 0004:000034c8       $pdata$_tzset$fin$0        000000018005d4c8     LIBCMT:tzset.obj
 0004:000034d4       $pdata$_tzset_nolock$fin$0 000000018005d4d4     LIBCMT:tzset.obj
 0004:000034e0       $pdata$_close$fin$0        000000018005d4e0     LIBCMT:close.obj
 0004:000034ec       $pdata$fflush$fin$0        000000018005d4ec     LIBCMT:fflush.obj
 0004:000034f8       $pdata$flsall$fin$0        000000018005d4f8     LIBCMT:fflush.obj
 0004:00003504       $pdata$flsall$fin$1        000000018005d504     LIBCMT:fflush.obj
 0004:00003510       $pdata$_ctrlfp$filt$0      000000018005d510     LIBCMT:fpctrl.obj
 0004:0000351c       $pdata$?catch$0@?0???2@YAPEAX_KAEBUnothrow_t@std@@@Z@4HA 000000018005d51c     LIBCMT:newopnt.obj
 0004:00003528       $pdata$_ioinit$fin$0       000000018005d528     LIBCMT:ioinit.obj
 0004:00003534       $pdata$__unDName$fin$0     000000018005d534     LIBCMT:undname.obj
 0004:00003540       $pdata$__unDNameEx$fin$0   000000018005d540     LIBCMT:undname.obj
 0004:0000354c       $pdata$_free_locale$fin$1  000000018005d54c     LIBCMT:wsetloca.obj
 0004:00003558       $pdata$_free_locale$fin$0  000000018005d558     LIBCMT:wsetloca.obj
 0004:00003564       $pdata$_get_current_locale$fin$1 000000018005d564     LIBCMT:wsetloca.obj
 0004:00003570       $pdata$_get_current_locale$fin$0 000000018005d570     LIBCMT:wsetloca.obj
 0004:0000357c       $pdata$_locterm$fin$0      000000018005d57c     LIBCMT:wsetloca.obj
 0004:00003588       $pdata$_wsetlocale$fin$1   000000018005d588     LIBCMT:wsetloca.obj
 0004:00003594       $pdata$_wsetlocale$fin$0   000000018005d594     LIBCMT:wsetloca.obj
 0004:000035a0       $pdata$_wsetlocale$fin$2   000000018005d5a0     LIBCMT:wsetloca.obj
 0004:000035ac       $pdata$_fcloseall$fin$0    000000018005d5ac     LIBCMT:closeall.obj
 0004:000035b8       $pdata$printf$fin$0        000000018005d5b8     LIBCMT:printf.obj
 0004:000035c4       $pdata$fputwc$fin$0        000000018005d5c4     LIBCMT:fputwc.obj
 0004:000035d0       $pdata$_write$fin$0        000000018005d5d0     LIBCMT:write.obj
 0004:000035dc       $pdata$_lseeki64$fin$0     000000018005d5dc     LIBCMT:lseeki64.obj
 0004:000035e8       $pdata$_wopen$fin$0        000000018005d5e8     LIBCMT:wopen.obj
 0004:000035f4       $pdata$_wsopen_helper$fin$0 000000018005d5f4     LIBCMT:wopen.obj
 0004:00003600       $pdata$_dupenv_s$fin$0     000000018005d600     LIBCMT:getenv.obj
 0004:0000360c       $pdata$getenv$fin$0        000000018005d60c     LIBCMT:getenv.obj
 0004:00003618       $pdata$getenv_s$fin$0      000000018005d618     LIBCMT:getenv.obj
 0004:00003624       $pdata$__lock_fhandle$fin$0 000000018005d624     LIBCMT:osfinfo.obj
 0004:00003630       $pdata$_alloc_osfhnd$fin$0 000000018005d630     LIBCMT:osfinfo.obj
 0004:0000363c       $pdata$_alloc_osfhnd$fin$1 000000018005d63c     LIBCMT:osfinfo.obj
 0004:00003648       $pdata$_open_osfhandle$fin$0 000000018005d648     LIBCMT:osfinfo.obj
 0004:00003654       $pdata$_commit$fin$0       000000018005d654     LIBCMT:commit.obj
 0004:00003660       $pdata$vprintf_helper$fin$0 000000018005d660     LIBCMT:vprintf.obj
 0004:0000366c       $pdata$_putwch$fin$0       000000018005d66c     LIBCMT:putwch.obj
 0004:00003678       $pdata$_chsize_s$fin$0     000000018005d678     LIBCMT:chsize.obj
 0004:00003684       $pdata$_read$fin$0         000000018005d684     LIBCMT:read.obj
 0004:00003690       $pdata$_setmode$fin$0      000000018005d690     LIBCMT:setmode.obj
 0004:0000369c       $pdata$_putch$fin$0        000000018005d69c     LIBCMT:putch.obj
 0004:000036a8       $pdata$??__FstrApp@?DA@??SendReportThreaded@MiniDumper@@SAIPEAX@Z@YAXXZ 000000018005d6a8     mdump.obj
 0004:000036b4       $pdata$??__F_Module@@YAXXZ 000000018005d6b4     sbSenderApp.obj
 0004:000036c0       $pdata$??__F_AtlWinModule@ATL@@YAXXZ 000000018005d6c0     StdAfx.obj
 0005:00000120       $R000000                   000000018005e120     sbSenderDll.res
 0005:00000448       $R000328                   000000018005e448     sbSenderDll.res
 0005:00000680       $R000560                   000000018005e680     sbSenderDll.res
 0005:00000a98       $R000978                   000000018005ea98     sbSenderDll.res

 Exports

  ordinal    name

        1    ??0BugSplatImp@@QEAA@XZ (public: __cdecl BugSplatImp::BugSplatImp(void))
        2    ??0MiniDmpSender@@QEAA@AEBV0@@Z (public: __cdecl MiniDmpSender::MiniDmpSender(class MiniDmpSender const &))
        3    ??0MiniDmpSender@@QEAA@PEB_W000K@Z (public: __cdecl MiniDmpSender::MiniDmpSender(wchar_t const *,wchar_t const *,wchar_t const *,wchar_t const *,unsigned long))
        4    ??1MiniDmpSender@@UEAA@XZ (public: virtual __cdecl MiniDmpSender::~MiniDmpSender(void))
        5    ??4BugSplatImp@@QEAAAEAV0@AEBV0@@Z (public: class BugSplatImp & __cdecl BugSplatImp::operator=(class BugSplatImp const &))
        6    ??4MiniDmpSender@@QEAAAEAV0@AEBV0@@Z (public: class MiniDmpSender & __cdecl MiniDmpSender::operator=(class MiniDmpSender const &))
        7    ??_7MiniDmpSender@@6B@ (const MiniDmpSender::`vftable')
        8    ?CreateMiniDump@BugSplatImp@@QEAAHPEAUHINSTANCE__@@KPEAXKPEAU_EXCEPTION_POINTERS@@PEB_WPEA_WK@Z (public: int __cdecl BugSplatImp::CreateMiniDump(struct HINSTANCE__ *,unsigned long,void *,unsigned long,struct _EXCEPTION_POINTERS *,wchar_t const *,wchar_t *,unsigned long))
        9    ?DoFullMemoryDumpThenExit@BugSplatImp@@2_NA (public: static bool BugSplatImp::DoFullMemoryDumpThenExit)
       10    ?GetReducedGuid@BugSplatImp@@QEAAXPEA_WK@Z (public: void __cdecl BugSplatImp::GetReducedGuid(wchar_t *,unsigned long))
       11    ?MiniDumpType@BugSplatImp@@2W4_BS_MINIDUMP_TYPE@MiniDmpSender@@A (public: static enum MiniDmpSender::_BS_MINIDUMP_TYPE BugSplatImp::MiniDumpType)
       12    ?ReduceGuidString@BugSplatImp@@QEAAXPEA_WK@Z (public: void __cdecl BugSplatImp::ReduceGuidString(wchar_t *,unsigned long))
       13    ?ResumeSuspendedThreads@BugSplatImp@@QEAAXXZ (public: void __cdecl BugSplatImp::ResumeSuspendedThreads(void))
       14    ?SuspendAllThreadsInProcess@BugSplatImp@@QEAAXPEAX@Z (public: void __cdecl BugSplatImp::SuspendAllThreadsInProcess(void *))
       15    ?SuspendThreadsInCurrentProcess@BugSplatImp@@QEAAXXZ (public: void __cdecl BugSplatImp::SuspendThreadsInCurrentProcess(void))
       16    ?createReport@MiniDmpSender@@QEAAXPEAU_EXCEPTION_POINTERS@@@Z (public: void __cdecl MiniDmpSender::createReport(struct _EXCEPTION_POINTERS *))
       17    ?createReport@MiniDmpSender@@QEAAXPEB_W@Z (public: void __cdecl MiniDmpSender::createReport(wchar_t const *))
       18    ?createReportAndExit@MiniDmpSender@@QEAAXXZ (public: void __cdecl MiniDmpSender::createReportAndExit(void))
       19    ?enableExceptionFilter@MiniDmpSender@@QEAA_N_N@Z (public: bool __cdecl MiniDmpSender::enableExceptionFilter(bool))
       20    ?enableFullMemoryDumpAndExit@MiniDmpSender@@QEAA_N_N@Z (public: bool __cdecl MiniDmpSender::enableFullMemoryDumpAndExit(bool))
       21    ?getFlags@MiniDmpSender@@QEBAKXZ (public: unsigned long __cdecl MiniDmpSender::getFlags(void)const )
       22    ?getMiniDumpType@MiniDmpSender@@QEBA?AW4_BS_MINIDUMP_TYPE@1@XZ (public: enum MiniDmpSender::_BS_MINIDUMP_TYPE __cdecl MiniDmpSender::getMiniDumpType(void)const )
       23    ?getMinidumpPath@MiniDmpSender@@QEAAXPEA_W_K@Z (public: void __cdecl MiniDmpSender::getMinidumpPath(wchar_t *,unsigned __int64))
       24    ?imp@MiniDmpSender@@QEAAPEAXXZ (public: void * __cdecl MiniDmpSender::imp(void))
       25    ?isExceptionFilterEnabled@MiniDmpSender@@QEBA_NXZ (public: bool __cdecl MiniDmpSender::isExceptionFilterEnabled(void)const )
       26    ?isFullMemoryDumpAndExitEnabled@MiniDmpSender@@QEBA_NXZ (public: bool __cdecl MiniDmpSender::isFullMemoryDumpAndExitEnabled(void)const )
       27    ?removeAdditionalFile@MiniDmpSender@@QEAA_NPEB_W@Z (public: bool __cdecl MiniDmpSender::removeAdditionalFile(wchar_t const *))
       28    ?resetAppIdentifier@MiniDmpSender@@QEAAXPEB_W@Z (public: void __cdecl MiniDmpSender::resetAppIdentifier(wchar_t const *))
       29    ?resetVersionString@MiniDmpSender@@QEAAXPEB_W@Z (public: void __cdecl MiniDmpSender::resetVersionString(wchar_t const *))
       30    ?sendAdditionalFile@MiniDmpSender@@QEAAXPEB_W@Z (public: void __cdecl MiniDmpSender::sendAdditionalFile(wchar_t const *))
       31    ?setCallback@MiniDmpSender@@QEAAXP6A_NIPEAX0@Z@Z (public: void __cdecl MiniDmpSender::setCallback(bool (__cdecl*)(unsigned int,void *,void *)))
       32    ?setDefaultUserDescription@MiniDmpSender@@QEAAXPEB_W@Z (public: void __cdecl MiniDmpSender::setDefaultUserDescription(wchar_t const *))
       33    ?setDefaultUserEmail@MiniDmpSender@@QEAAXPEB_W@Z (public: void __cdecl MiniDmpSender::setDefaultUserEmail(wchar_t const *))
       34    ?setDefaultUserName@MiniDmpSender@@QEAAXPEB_W@Z (public: void __cdecl MiniDmpSender::setDefaultUserName(wchar_t const *))
       35    ?setFlags@MiniDmpSender@@QEAA_NK@Z (public: bool __cdecl MiniDmpSender::setFlags(unsigned long))
       36    ?setLogFilePath@MiniDmpSender@@QEAAXPEB_W@Z (public: void __cdecl MiniDmpSender::setLogFilePath(wchar_t const *))
       37    ?setMiniDumpType@MiniDmpSender@@QEAAXW4_BS_MINIDUMP_TYPE@1@@Z (public: void __cdecl MiniDmpSender::setMiniDumpType(enum MiniDmpSender::_BS_MINIDUMP_TYPE))
       38    ?setResourceDllPath@MiniDmpSender@@QEAAXPEB_W@Z (public: void __cdecl MiniDmpSender::setResourceDllPath(wchar_t const *))
       39    ?setUserZipPath@MiniDmpSender@@QEAAXPEB_W@Z (public: void __cdecl MiniDmpSender::setUserZipPath(wchar_t const *))
       40    ?unhandledExceptionHandler@MiniDmpSender@@QEAAJPEAU_EXCEPTION_POINTERS@@@Z (public: long __cdecl MiniDmpSender::unhandledExceptionHandler(struct _EXCEPTION_POINTERS *))
